stm32l1xx_hal_adc.c:383:19:HAL_ADC_Init	64	static
stm32l1xx_hal_adc.c:615:19:HAL_ADC_DeInit	24	static
stm32l1xx_hal_adc.c:754:13:HAL_ADC_MspInit	16	static
stm32l1xx_hal_adc.c:769:13:HAL_ADC_MspDeInit	16	static
stm32l1xx_hal_adc.c:811:19:HAL_ADC_Start	24	static
stm32l1xx_hal_adc.c:886:19:HAL_ADC_Stop	24	static
stm32l1xx_hal_adc.c:934:19:HAL_ADC_PollForConversion	24	static
stm32l1xx_hal_adc.c:1027:19:HAL_ADC_PollForEvent	32	static
stm32l1xx_hal_adc.c:1097:19:HAL_ADC_Start_IT	24	static
stm32l1xx_hal_adc.c:1173:19:HAL_ADC_Stop_IT	24	static
stm32l1xx_hal_adc.c:1219:19:HAL_ADC_Start_DMA	32	static
stm32l1xx_hal_adc.c:1319:19:HAL_ADC_Stop_DMA	24	static
stm32l1xx_hal_adc.c:1387:10:HAL_ADC_GetValue	16	static
stm32l1xx_hal_adc.c:1404:6:HAL_ADC_IRQHandler	16	static
stm32l1xx_hal_adc.c:1547:13:HAL_ADC_ConvCpltCallback	16	static
stm32l1xx_hal_adc.c:1562:13:HAL_ADC_ConvHalfCpltCallback	16	static
stm32l1xx_hal_adc.c:1577:13:HAL_ADC_LevelOutOfWindowCallback	16	static
stm32l1xx_hal_adc.c:1599:13:HAL_ADC_ErrorCallback	16	static
stm32l1xx_hal_adc.c:1648:19:HAL_ADC_ConfigChannel	24	static
stm32l1xx_hal_adc.c:1773:19:HAL_ADC_AnalogWDGConfig	16	static
stm32l1xx_hal_adc.c:1860:10:HAL_ADC_GetState	16	static
stm32l1xx_hal_adc.c:1871:10:HAL_ADC_GetError	16	static
stm32l1xx_hal_adc.c:1901:19:ADC_Enable	24	static
stm32l1xx_hal_adc.c:1956:19:ADC_ConversionStop_Disable	24	static
stm32l1xx_hal_adc.c:1994:13:ADC_DMAConvCplt	24	static
stm32l1xx_hal_adc.c:2046:13:ADC_DMAHalfConvCplt	24	static
stm32l1xx_hal_adc.c:2060:13:ADC_DMAError	24	static
