stm32l1xx_hal.c:155:19:HAL_Init	8	static
stm32l1xx_hal.c:181:19:HAL_DeInit	8	static
stm32l1xx_hal.c:204:13:HAL_MspInit	4	static
stm32l1xx_hal.c:215:13:HAL_MspDeInit	4	static
stm32l1xx_hal.c:238:26:HAL_InitTick	16	static
stm32l1xx_hal.c:286:13:HAL_IncTick	4	static
stm32l1xx_hal.c:297:17:HAL_GetTick	4	static
stm32l1xx_hal.c:313:13:HAL_Delay	24	static
stm32l1xx_hal.c:332:13:HAL_SuspendTick	4	static
stm32l1xx_hal.c:348:13:HAL_ResumeTick	4	static
stm32l1xx_hal.c:358:10:HAL_GetHalVersion	4	static
stm32l1xx_hal.c:367:10:HAL_GetREVID	4	static
stm32l1xx_hal.c:376:10:HAL_GetDEVID	4	static
stm32l1xx_hal.c:385:6:HAL_DBGMCU_EnableDBGSleepMode	4	static
stm32l1xx_hal.c:394:6:HAL_DBGMCU_DisableDBGSleepMode	4	static
stm32l1xx_hal.c:403:6:HAL_DBGMCU_EnableDBGStopMode	4	static
stm32l1xx_hal.c:412:6:HAL_DBGMCU_DisableDBGStopMode	4	static
stm32l1xx_hal.c:421:6:HAL_DBGMCU_EnableDBGStandbyMode	4	static
stm32l1xx_hal.c:430:6:HAL_DBGMCU_DisableDBGStandbyMode	4	static
