stm32l1xx_hal_rtc_ex.c:127:19:HAL_RTC_DeInit	24	static
stm32l1xx_hal_rtc_ex.c:251:19:HAL_RTC_GetTime	32	static
stm32l1xx_hal_rtc_ex.c:306:19:HAL_RTC_SetAlarm	48	static
stm32l1xx_hal_rtc_ex.c:503:19:HAL_RTC_SetAlarm_IT	48	static
stm32l1xx_hal_rtc_ex.c:705:19:HAL_RTC_GetAlarm	32	static
stm32l1xx_hal_rtc_ex.c:794:19:HAL_RTC_WaitForSynchro	24	static
stm32l1xx_hal_rtc_ex.c:870:19:HAL_RTCEx_SetTimeStamp	24	static
stm32l1xx_hal_rtc_ex.c:921:19:HAL_RTCEx_SetTimeStamp_IT	24	static
stm32l1xx_hal_rtc_ex.c:971:19:HAL_RTCEx_DeactivateTimeStamp	24	static
stm32l1xx_hal_rtc_ex.c:1015:19:HAL_RTCEx_GetTimeStamp	32	static
stm32l1xx_hal_rtc_ex.c:1069:19:HAL_RTCEx_SetTamper	24	static
stm32l1xx_hal_rtc_ex.c:1131:19:HAL_RTCEx_SetTamper_IT	24	static
stm32l1xx_hal_rtc_ex.c:1200:19:HAL_RTCEx_DeactivateTamper	16	static
stm32l1xx_hal_rtc_ex.c:1226:6:HAL_RTCEx_TamperTimeStampIRQHandler	16	static
stm32l1xx_hal_rtc_ex.c:1299:13:HAL_RTCEx_TimeStampEventCallback	16	static
stm32l1xx_hal_rtc_ex.c:1315:13:HAL_RTCEx_Tamper1EventCallback	16	static
stm32l1xx_hal_rtc_ex.c:1332:13:HAL_RTCEx_Tamper2EventCallback	16	static
stm32l1xx_hal_rtc_ex.c:1347:13:HAL_RTCEx_Tamper3EventCallback	16	static
stm32l1xx_hal_rtc_ex.c:1365:19:HAL_RTCEx_PollForTimeStampEvent	24	static
stm32l1xx_hal_rtc_ex.c:1405:19:HAL_RTCEx_PollForTamper1Event	24	static
stm32l1xx_hal_rtc_ex.c:1439:19:HAL_RTCEx_PollForTamper2Event	24	static
stm32l1xx_hal_rtc_ex.c:1471:19:HAL_RTCEx_PollForTamper3Event	24	static
stm32l1xx_hal_rtc_ex.c:1523:19:HAL_RTCEx_SetWakeUpTimer	32	static
stm32l1xx_hal_rtc_ex.c:1612:19:HAL_RTCEx_SetWakeUpTimer_IT	32	static
stm32l1xx_hal_rtc_ex.c:1712:10:HAL_RTCEx_DeactivateWakeUpTimer	24	static
stm32l1xx_hal_rtc_ex.c:1765:10:HAL_RTCEx_GetWakeUpTimer	16	static
stm32l1xx_hal_rtc_ex.c:1777:6:HAL_RTCEx_WakeUpTimerIRQHandler	16	static
stm32l1xx_hal_rtc_ex.c:1803:13:HAL_RTCEx_WakeUpTimerEventCallback	16	static
stm32l1xx_hal_rtc_ex.c:1820:19:HAL_RTCEx_PollForWakeUpTimerEvent	24	static
stm32l1xx_hal_rtc_ex.c:1886:6:HAL_RTCEx_BKUPWrite	32	static
stm32l1xx_hal_rtc_ex.c:1909:10:HAL_RTCEx_BKUPRead	24	static
stm32l1xx_hal_rtc_ex.c:1940:19:HAL_RTCEx_SetCoarseCalib	24	static
stm32l1xx_hal_rtc_ex.c:1998:19:HAL_RTCEx_DeactivateCoarseCalib	16	static
stm32l1xx_hal_rtc_ex.c:2064:19:HAL_RTCEx_SetSmoothCalib	32	static
stm32l1xx_hal_rtc_ex.c:2133:19:HAL_RTCEx_SetSynchroShift	32	static
stm32l1xx_hal_rtc_ex.c:2227:19:HAL_RTCEx_SetCalibrationOutPut	16	static
stm32l1xx_hal_rtc_ex.c:2278:19:HAL_RTCEx_DeactivateCalibrationOutPut	16	static
stm32l1xx_hal_rtc_ex.c:2308:19:HAL_RTCEx_SetRefClock	16	static
stm32l1xx_hal_rtc_ex.c:2358:19:HAL_RTCEx_DeactivateRefClock	16	static
stm32l1xx_hal_rtc_ex.c:2411:19:HAL_RTCEx_EnableBypassShadow	16	static
stm32l1xx_hal_rtc_ex.c:2444:19:HAL_RTCEx_DisableBypassShadow	16	static
stm32l1xx_hal_rtc_ex.c:2495:13:HAL_RTCEx_AlarmBEventCallback	16	static
stm32l1xx_hal_rtc_ex.c:2512:19:HAL_RTCEx_PollForAlarmBEvent	24	static
