Archive member included to satisfy reference by file (symbol)

c:/program files (x86)/atollic/truestudio for stm32 9.2.0/armtools/bin/../lib/gcc/arm-atollic-eabi/6.3.1/../../../../arm-atollic-eabi/lib/armv7-m\libc_nano.a(lib_a-init.o)
                              startup\startup_stm32l152xc.o (__libc_init_array)
c:/program files (x86)/atollic/truestudio for stm32 9.2.0/armtools/bin/../lib/gcc/arm-atollic-eabi/6.3.1/../../../../arm-atollic-eabi/lib/armv7-m\libc_nano.a(lib_a-memset.o)
                              Src\main.o (memset)

Allocating common symbols
Common symbol       size              file

uwTick              0x4               Drivers\STM32L1xx_HAL_Driver\Src\stm32l1xx_hal.o
pFlash              0x18              Drivers\STM32L1xx_HAL_Driver\Src\stm32l1xx_hal_flash.o
hrtc                0x20              Src\main.o
hlcd                0x3c              Src\main.o
hadc                0x54              Src\main.o

Discarded input sections

 .text          0x00000000        0x0 c:/program files (x86)/atollic/truestudio for stm32 9.2.0/armtools/bin/../lib/gcc/arm-atollic-eabi/6.3.1/armv7-m/crti.o
 .data          0x00000000        0x0 c:/program files (x86)/atollic/truestudio for stm32 9.2.0/armtools/bin/../lib/gcc/arm-atollic-eabi/6.3.1/armv7-m/crti.o
 .bss           0x00000000        0x0 c:/program files (x86)/atollic/truestudio for stm32 9.2.0/armtools/bin/../lib/gcc/arm-atollic-eabi/6.3.1/armv7-m/crti.o
 .data          0x00000000        0x4 c:/program files (x86)/atollic/truestudio for stm32 9.2.0/armtools/bin/../lib/gcc/arm-atollic-eabi/6.3.1/armv7-m/crtbegin.o
 .text          0x00000000        0x0 Drivers\STM32L1xx_HAL_Driver\Src\stm32l1xx_hal.o
 .data          0x00000000        0x0 Drivers\STM32L1xx_HAL_Driver\Src\stm32l1xx_hal.o
 .bss           0x00000000        0x0 Drivers\STM32L1xx_HAL_Driver\Src\stm32l1xx_hal.o
 .text.HAL_DeInit
                0x00000000       0x3c Drivers\STM32L1xx_HAL_Driver\Src\stm32l1xx_hal.o
 .text.HAL_MspInit
                0x00000000        0xc Drivers\STM32L1xx_HAL_Driver\Src\stm32l1xx_hal.o
 .text.HAL_MspDeInit
                0x00000000        0xc Drivers\STM32L1xx_HAL_Driver\Src\stm32l1xx_hal.o
 .text.HAL_Delay
                0x00000000       0x2c Drivers\STM32L1xx_HAL_Driver\Src\stm32l1xx_hal.o
 .text.HAL_SuspendTick
                0x00000000       0x1c Drivers\STM32L1xx_HAL_Driver\Src\stm32l1xx_hal.o
 .text.HAL_ResumeTick
                0x00000000       0x1c Drivers\STM32L1xx_HAL_Driver\Src\stm32l1xx_hal.o
 .text.HAL_GetHalVersion
                0x00000000       0x14 Drivers\STM32L1xx_HAL_Driver\Src\stm32l1xx_hal.o
 .text.HAL_GetREVID
                0x00000000       0x18 Drivers\STM32L1xx_HAL_Driver\Src\stm32l1xx_hal.o
 .text.HAL_GetDEVID
                0x00000000       0x18 Drivers\STM32L1xx_HAL_Driver\Src\stm32l1xx_hal.o
 .text.HAL_DBGMCU_EnableDBGSleepMode
                0x00000000       0x1c Drivers\STM32L1xx_HAL_Driver\Src\stm32l1xx_hal.o
 .text.HAL_DBGMCU_DisableDBGSleepMode
                0x00000000       0x1c Drivers\STM32L1xx_HAL_Driver\Src\stm32l1xx_hal.o
 .text.HAL_DBGMCU_EnableDBGStopMode
                0x00000000       0x1c Drivers\STM32L1xx_HAL_Driver\Src\stm32l1xx_hal.o
 .text.HAL_DBGMCU_DisableDBGStopMode
                0x00000000       0x1c Drivers\STM32L1xx_HAL_Driver\Src\stm32l1xx_hal.o
 .text.HAL_DBGMCU_EnableDBGStandbyMode
                0x00000000       0x1c Drivers\STM32L1xx_HAL_Driver\Src\stm32l1xx_hal.o
 .text.HAL_DBGMCU_DisableDBGStandbyMode
                0x00000000       0x1c Drivers\STM32L1xx_HAL_Driver\Src\stm32l1xx_hal.o
 .text          0x00000000        0x0 Drivers\STM32L1xx_HAL_Driver\Src\stm32l1xx_hal_adc.o
 .data          0x00000000        0x0 Drivers\STM32L1xx_HAL_Driver\Src\stm32l1xx_hal_adc.o
 .bss           0x00000000        0x0 Drivers\STM32L1xx_HAL_Driver\Src\stm32l1xx_hal_adc.o
 .text.HAL_ADC_DeInit
                0x00000000      0x1a4 Drivers\STM32L1xx_HAL_Driver\Src\stm32l1xx_hal_adc.o
 .text.HAL_ADC_MspInit
                0x00000000       0x12 Drivers\STM32L1xx_HAL_Driver\Src\stm32l1xx_hal_adc.o
 .text.HAL_ADC_MspDeInit
                0x00000000       0x12 Drivers\STM32L1xx_HAL_Driver\Src\stm32l1xx_hal_adc.o
 .text.HAL_ADC_Start
                0x00000000       0xbe Drivers\STM32L1xx_HAL_Driver\Src\stm32l1xx_hal_adc.o
 .text.HAL_ADC_Stop
                0x00000000       0x58 Drivers\STM32L1xx_HAL_Driver\Src\stm32l1xx_hal_adc.o
 .text.HAL_ADC_PollForConversion
                0x00000000      0x10c Drivers\STM32L1xx_HAL_Driver\Src\stm32l1xx_hal_adc.o
 .text.HAL_ADC_PollForEvent
                0x00000000       0xaa Drivers\STM32L1xx_HAL_Driver\Src\stm32l1xx_hal_adc.o
 .text.HAL_ADC_Start_IT
                0x00000000       0xd2 Drivers\STM32L1xx_HAL_Driver\Src\stm32l1xx_hal_adc.o
 .text.HAL_ADC_Stop_IT
                0x00000000       0x68 Drivers\STM32L1xx_HAL_Driver\Src\stm32l1xx_hal_adc.o
 .text.HAL_ADC_Start_DMA
                0x00000000      0x11c Drivers\STM32L1xx_HAL_Driver\Src\stm32l1xx_hal_adc.o
 .text.HAL_ADC_Stop_DMA
                0x00000000       0x9a Drivers\STM32L1xx_HAL_Driver\Src\stm32l1xx_hal_adc.o
 .text.HAL_ADC_GetValue
                0x00000000       0x18 Drivers\STM32L1xx_HAL_Driver\Src\stm32l1xx_hal_adc.o
 .text.HAL_ADC_IRQHandler
                0x00000000      0x1fc Drivers\STM32L1xx_HAL_Driver\Src\stm32l1xx_hal_adc.o
 .text.HAL_ADC_ConvCpltCallback
                0x00000000       0x12 Drivers\STM32L1xx_HAL_Driver\Src\stm32l1xx_hal_adc.o
 .text.HAL_ADC_ConvHalfCpltCallback
                0x00000000       0x12 Drivers\STM32L1xx_HAL_Driver\Src\stm32l1xx_hal_adc.o
 .text.HAL_ADC_LevelOutOfWindowCallback
                0x00000000       0x12 Drivers\STM32L1xx_HAL_Driver\Src\stm32l1xx_hal_adc.o
 .text.HAL_ADC_ErrorCallback
                0x00000000       0x12 Drivers\STM32L1xx_HAL_Driver\Src\stm32l1xx_hal_adc.o
 .text.HAL_ADC_AnalogWDGConfig
                0x00000000       0xb8 Drivers\STM32L1xx_HAL_Driver\Src\stm32l1xx_hal_adc.o
 .text.HAL_ADC_GetState
                0x00000000       0x16 Drivers\STM32L1xx_HAL_Driver\Src\stm32l1xx_hal_adc.o
 .text.HAL_ADC_GetError
                0x00000000       0x16 Drivers\STM32L1xx_HAL_Driver\Src\stm32l1xx_hal_adc.o
 .text.ADC_Enable
                0x00000000       0xac Drivers\STM32L1xx_HAL_Driver\Src\stm32l1xx_hal_adc.o
 .text.ADC_ConversionStop_Disable
                0x00000000       0x74 Drivers\STM32L1xx_HAL_Driver\Src\stm32l1xx_hal_adc.o
 .text.ADC_DMAConvCplt
                0x00000000       0xa6 Drivers\STM32L1xx_HAL_Driver\Src\stm32l1xx_hal_adc.o
 .text.ADC_DMAHalfConvCplt
                0x00000000       0x1c Drivers\STM32L1xx_HAL_Driver\Src\stm32l1xx_hal_adc.o
 .text.ADC_DMAError
                0x00000000       0x34 Drivers\STM32L1xx_HAL_Driver\Src\stm32l1xx_hal_adc.o
 .text          0x00000000        0x0 Drivers\STM32L1xx_HAL_Driver\Src\stm32l1xx_hal_adc_ex.o
 .data          0x00000000        0x0 Drivers\STM32L1xx_HAL_Driver\Src\stm32l1xx_hal_adc_ex.o
 .bss           0x00000000        0x0 Drivers\STM32L1xx_HAL_Driver\Src\stm32l1xx_hal_adc_ex.o
 .text.HAL_ADCEx_InjectedStart
                0x00000000       0xa0 Drivers\STM32L1xx_HAL_Driver\Src\stm32l1xx_hal_adc_ex.o
 .text.HAL_ADCEx_InjectedStop
                0x00000000       0x84 Drivers\STM32L1xx_HAL_Driver\Src\stm32l1xx_hal_adc_ex.o
 .text.HAL_ADCEx_InjectedPollForConversion
                0x00000000      0x1c8 Drivers\STM32L1xx_HAL_Driver\Src\stm32l1xx_hal_adc_ex.o
 .text.HAL_ADCEx_InjectedStart_IT
                0x00000000       0xb0 Drivers\STM32L1xx_HAL_Driver\Src\stm32l1xx_hal_adc_ex.o
 .text.HAL_ADCEx_InjectedStop_IT
                0x00000000       0x94 Drivers\STM32L1xx_HAL_Driver\Src\stm32l1xx_hal_adc_ex.o
 .text.HAL_ADCEx_InjectedGetValue
                0x00000000       0x52 Drivers\STM32L1xx_HAL_Driver\Src\stm32l1xx_hal_adc_ex.o
 .text.HAL_ADCEx_InjectedConvCpltCallback
                0x00000000       0x12 Drivers\STM32L1xx_HAL_Driver\Src\stm32l1xx_hal_adc_ex.o
 .text.HAL_ADCEx_InjectedConfigChannel
                0x00000000      0x354 Drivers\STM32L1xx_HAL_Driver\Src\stm32l1xx_hal_adc_ex.o
 .debug_info    0x00000000     0x1155 Drivers\STM32L1xx_HAL_Driver\Src\stm32l1xx_hal_adc_ex.o
 .debug_abbrev  0x00000000      0x2ad Drivers\STM32L1xx_HAL_Driver\Src\stm32l1xx_hal_adc_ex.o
 .debug_aranges
                0x00000000       0x58 Drivers\STM32L1xx_HAL_Driver\Src\stm32l1xx_hal_adc_ex.o
 .debug_ranges  0x00000000       0x48 Drivers\STM32L1xx_HAL_Driver\Src\stm32l1xx_hal_adc_ex.o
 .debug_line    0x00000000      0x515 Drivers\STM32L1xx_HAL_Driver\Src\stm32l1xx_hal_adc_ex.o
 .debug_str     0x00000000      0xc8a Drivers\STM32L1xx_HAL_Driver\Src\stm32l1xx_hal_adc_ex.o
 .comment       0x00000000       0x7d Drivers\STM32L1xx_HAL_Driver\Src\stm32l1xx_hal_adc_ex.o
 .debug_frame   0x00000000      0x144 Drivers\STM32L1xx_HAL_Driver\Src\stm32l1xx_hal_adc_ex.o
 .ARM.attributes
                0x00000000       0x33 Drivers\STM32L1xx_HAL_Driver\Src\stm32l1xx_hal_adc_ex.o
 .text          0x00000000        0x0 Drivers\STM32L1xx_HAL_Driver\Src\stm32l1xx_hal_cortex.o
 .data          0x00000000        0x0 Drivers\STM32L1xx_HAL_Driver\Src\stm32l1xx_hal_cortex.o
 .bss           0x00000000        0x0 Drivers\STM32L1xx_HAL_Driver\Src\stm32l1xx_hal_cortex.o
 .text.NVIC_EnableIRQ
                0x00000000       0x30 Drivers\STM32L1xx_HAL_Driver\Src\stm32l1xx_hal_cortex.o
 .text.NVIC_DisableIRQ
                0x00000000       0x34 Drivers\STM32L1xx_HAL_Driver\Src\stm32l1xx_hal_cortex.o
 .text.NVIC_GetPendingIRQ
                0x00000000       0x34 Drivers\STM32L1xx_HAL_Driver\Src\stm32l1xx_hal_cortex.o
 .text.NVIC_SetPendingIRQ
                0x00000000       0x34 Drivers\STM32L1xx_HAL_Driver\Src\stm32l1xx_hal_cortex.o
 .text.NVIC_ClearPendingIRQ
                0x00000000       0x34 Drivers\STM32L1xx_HAL_Driver\Src\stm32l1xx_hal_cortex.o
 .text.NVIC_GetActive
                0x00000000       0x34 Drivers\STM32L1xx_HAL_Driver\Src\stm32l1xx_hal_cortex.o
 .text.NVIC_GetPriority
                0x00000000       0x4c Drivers\STM32L1xx_HAL_Driver\Src\stm32l1xx_hal_cortex.o
 .text.NVIC_DecodePriority
                0x00000000       0x68 Drivers\STM32L1xx_HAL_Driver\Src\stm32l1xx_hal_cortex.o
 .text.NVIC_SystemReset
                0x00000000       0x28 Drivers\STM32L1xx_HAL_Driver\Src\stm32l1xx_hal_cortex.o
 .text.HAL_NVIC_EnableIRQ
                0x00000000       0x1c Drivers\STM32L1xx_HAL_Driver\Src\stm32l1xx_hal_cortex.o
 .text.HAL_NVIC_DisableIRQ
                0x00000000       0x1c Drivers\STM32L1xx_HAL_Driver\Src\stm32l1xx_hal_cortex.o
 .text.HAL_NVIC_SystemReset
                0x00000000        0xc Drivers\STM32L1xx_HAL_Driver\Src\stm32l1xx_hal_cortex.o
 .text.HAL_MPU_Enable
                0x00000000       0x28 Drivers\STM32L1xx_HAL_Driver\Src\stm32l1xx_hal_cortex.o
 .text.HAL_MPU_Disable
                0x00000000       0x1c Drivers\STM32L1xx_HAL_Driver\Src\stm32l1xx_hal_cortex.o
 .text.HAL_MPU_ConfigRegion
                0x00000000       0x84 Drivers\STM32L1xx_HAL_Driver\Src\stm32l1xx_hal_cortex.o
 .text.HAL_NVIC_GetPriorityGrouping
                0x00000000        0xe Drivers\STM32L1xx_HAL_Driver\Src\stm32l1xx_hal_cortex.o
 .text.HAL_NVIC_GetPriority
                0x00000000       0x2c Drivers\STM32L1xx_HAL_Driver\Src\stm32l1xx_hal_cortex.o
 .text.HAL_NVIC_SetPendingIRQ
                0x00000000       0x1c Drivers\STM32L1xx_HAL_Driver\Src\stm32l1xx_hal_cortex.o
 .text.HAL_NVIC_GetPendingIRQ
                0x00000000       0x1e Drivers\STM32L1xx_HAL_Driver\Src\stm32l1xx_hal_cortex.o
 .text.HAL_NVIC_ClearPendingIRQ
                0x00000000       0x1c Drivers\STM32L1xx_HAL_Driver\Src\stm32l1xx_hal_cortex.o
 .text.HAL_NVIC_GetActive
                0x00000000       0x1e Drivers\STM32L1xx_HAL_Driver\Src\stm32l1xx_hal_cortex.o
 .text.HAL_SYSTICK_CLKSourceConfig
                0x00000000       0x38 Drivers\STM32L1xx_HAL_Driver\Src\stm32l1xx_hal_cortex.o
 .text.HAL_SYSTICK_IRQHandler
                0x00000000        0xc Drivers\STM32L1xx_HAL_Driver\Src\stm32l1xx_hal_cortex.o
 .text.HAL_SYSTICK_Callback
                0x00000000        0xc Drivers\STM32L1xx_HAL_Driver\Src\stm32l1xx_hal_cortex.o
 .text          0x00000000        0x0 Drivers\STM32L1xx_HAL_Driver\Src\stm32l1xx_hal_dma.o
 .data          0x00000000        0x0 Drivers\STM32L1xx_HAL_Driver\Src\stm32l1xx_hal_dma.o
 .bss           0x00000000        0x0 Drivers\STM32L1xx_HAL_Driver\Src\stm32l1xx_hal_dma.o
 .text.HAL_DMA_Init
                0x00000000      0x104 Drivers\STM32L1xx_HAL_Driver\Src\stm32l1xx_hal_dma.o
 .text.HAL_DMA_DeInit
                0x00000000       0xd8 Drivers\STM32L1xx_HAL_Driver\Src\stm32l1xx_hal_dma.o
 .text.HAL_DMA_Start
                0x00000000       0x86 Drivers\STM32L1xx_HAL_Driver\Src\stm32l1xx_hal_dma.o
 .text.HAL_DMA_Start_IT
                0x00000000       0xc0 Drivers\STM32L1xx_HAL_Driver\Src\stm32l1xx_hal_dma.o
 .text.HAL_DMA_Abort
                0x00000000       0x58 Drivers\STM32L1xx_HAL_Driver\Src\stm32l1xx_hal_dma.o
 .text.HAL_DMA_Abort_IT
                0x00000000       0x7e Drivers\STM32L1xx_HAL_Driver\Src\stm32l1xx_hal_dma.o
 .text.HAL_DMA_PollForTransfer
                0x00000000      0x138 Drivers\STM32L1xx_HAL_Driver\Src\stm32l1xx_hal_dma.o
 .text.HAL_DMA_IRQHandler
                0x00000000      0x146 Drivers\STM32L1xx_HAL_Driver\Src\stm32l1xx_hal_dma.o
 .text.HAL_DMA_RegisterCallback
                0x00000000       0x90 Drivers\STM32L1xx_HAL_Driver\Src\stm32l1xx_hal_dma.o
 .text.HAL_DMA_UnRegisterCallback
                0x00000000       0xb0 Drivers\STM32L1xx_HAL_Driver\Src\stm32l1xx_hal_dma.o
 .text.HAL_DMA_GetState
                0x00000000       0x1a Drivers\STM32L1xx_HAL_Driver\Src\stm32l1xx_hal_dma.o
 .text.HAL_DMA_GetError
                0x00000000       0x16 Drivers\STM32L1xx_HAL_Driver\Src\stm32l1xx_hal_dma.o
 .text.DMA_SetConfig
                0x00000000       0x5a Drivers\STM32L1xx_HAL_Driver\Src\stm32l1xx_hal_dma.o
 .debug_info    0x00000000      0xf91 Drivers\STM32L1xx_HAL_Driver\Src\stm32l1xx_hal_dma.o
 .debug_abbrev  0x00000000      0x26a Drivers\STM32L1xx_HAL_Driver\Src\stm32l1xx_hal_dma.o
 .debug_aranges
                0x00000000       0x80 Drivers\STM32L1xx_HAL_Driver\Src\stm32l1xx_hal_dma.o
 .debug_ranges  0x00000000       0x70 Drivers\STM32L1xx_HAL_Driver\Src\stm32l1xx_hal_dma.o
 .debug_line    0x00000000      0x4c5 Drivers\STM32L1xx_HAL_Driver\Src\stm32l1xx_hal_dma.o
 .debug_str     0x00000000      0xa7f Drivers\STM32L1xx_HAL_Driver\Src\stm32l1xx_hal_dma.o
 .comment       0x00000000       0x7d Drivers\STM32L1xx_HAL_Driver\Src\stm32l1xx_hal_dma.o
 .debug_frame   0x00000000      0x204 Drivers\STM32L1xx_HAL_Driver\Src\stm32l1xx_hal_dma.o
 .ARM.attributes
                0x00000000       0x33 Drivers\STM32L1xx_HAL_Driver\Src\stm32l1xx_hal_dma.o
 .text          0x00000000        0x0 Drivers\STM32L1xx_HAL_Driver\Src\stm32l1xx_hal_flash.o
 .data          0x00000000        0x0 Drivers\STM32L1xx_HAL_Driver\Src\stm32l1xx_hal_flash.o
 .bss           0x00000000        0x0 Drivers\STM32L1xx_HAL_Driver\Src\stm32l1xx_hal_flash.o
 .text.HAL_FLASH_Program
                0x00000000       0x60 Drivers\STM32L1xx_HAL_Driver\Src\stm32l1xx_hal_flash.o
 .text.HAL_FLASH_Program_IT
                0x00000000       0x60 Drivers\STM32L1xx_HAL_Driver\Src\stm32l1xx_hal_flash.o
 .text.HAL_FLASH_IRQHandler
                0x00000000      0x16c Drivers\STM32L1xx_HAL_Driver\Src\stm32l1xx_hal_flash.o
 .text.HAL_FLASH_EndOfOperationCallback
                0x00000000       0x12 Drivers\STM32L1xx_HAL_Driver\Src\stm32l1xx_hal_flash.o
 .text.HAL_FLASH_OperationErrorCallback
                0x00000000       0x12 Drivers\STM32L1xx_HAL_Driver\Src\stm32l1xx_hal_flash.o
 .text.HAL_FLASH_Unlock
                0x00000000       0x58 Drivers\STM32L1xx_HAL_Driver\Src\stm32l1xx_hal_flash.o
 .text.HAL_FLASH_Lock
                0x00000000       0x20 Drivers\STM32L1xx_HAL_Driver\Src\stm32l1xx_hal_flash.o
 .text.HAL_FLASH_OB_Unlock
                0x00000000       0x58 Drivers\STM32L1xx_HAL_Driver\Src\stm32l1xx_hal_flash.o
 .text.HAL_FLASH_OB_Lock
                0x00000000       0x20 Drivers\STM32L1xx_HAL_Driver\Src\stm32l1xx_hal_flash.o
 .text.HAL_FLASH_OB_Launch
                0x00000000       0x24 Drivers\STM32L1xx_HAL_Driver\Src\stm32l1xx_hal_flash.o
 .text.HAL_FLASH_GetError
                0x00000000       0x14 Drivers\STM32L1xx_HAL_Driver\Src\stm32l1xx_hal_flash.o
 .text.FLASH_WaitForLastOperation
                0x00000000       0xac Drivers\STM32L1xx_HAL_Driver\Src\stm32l1xx_hal_flash.o
 .text.FLASH_SetErrorCode
                0x00000000       0xcc Drivers\STM32L1xx_HAL_Driver\Src\stm32l1xx_hal_flash.o
 .debug_info    0x00000000      0xd0b Drivers\STM32L1xx_HAL_Driver\Src\stm32l1xx_hal_flash.o
 .debug_abbrev  0x00000000      0x2ad Drivers\STM32L1xx_HAL_Driver\Src\stm32l1xx_hal_flash.o
 .debug_aranges
                0x00000000       0x80 Drivers\STM32L1xx_HAL_Driver\Src\stm32l1xx_hal_flash.o
 .debug_ranges  0x00000000       0x70 Drivers\STM32L1xx_HAL_Driver\Src\stm32l1xx_hal_flash.o
 .debug_line    0x00000000      0x458 Drivers\STM32L1xx_HAL_Driver\Src\stm32l1xx_hal_flash.o
 .debug_str     0x00000000      0x8fa Drivers\STM32L1xx_HAL_Driver\Src\stm32l1xx_hal_flash.o
 .comment       0x00000000       0x7d Drivers\STM32L1xx_HAL_Driver\Src\stm32l1xx_hal_flash.o
 .debug_frame   0x00000000      0x1d8 Drivers\STM32L1xx_HAL_Driver\Src\stm32l1xx_hal_flash.o
 .ARM.attributes
                0x00000000       0x33 Drivers\STM32L1xx_HAL_Driver\Src\stm32l1xx_hal_flash.o
 COMMON         0x00000000       0x18 Drivers\STM32L1xx_HAL_Driver\Src\stm32l1xx_hal_flash.o
 .text          0x00000000        0x0 Drivers\STM32L1xx_HAL_Driver\Src\stm32l1xx_hal_flash_ex.o
 .data          0x00000000        0x0 Drivers\STM32L1xx_HAL_Driver\Src\stm32l1xx_hal_flash_ex.o
 .bss           0x00000000        0x0 Drivers\STM32L1xx_HAL_Driver\Src\stm32l1xx_hal_flash_ex.o
 .text.HAL_FLASHEx_Erase
                0x00000000       0xb0 Drivers\STM32L1xx_HAL_Driver\Src\stm32l1xx_hal_flash_ex.o
 .text.HAL_FLASHEx_Erase_IT
                0x00000000       0x84 Drivers\STM32L1xx_HAL_Driver\Src\stm32l1xx_hal_flash_ex.o
 .text.HAL_FLASHEx_OBProgram
                0x00000000      0x108 Drivers\STM32L1xx_HAL_Driver\Src\stm32l1xx_hal_flash_ex.o
 .text.HAL_FLASHEx_OBGetConfig
                0x00000000       0x50 Drivers\STM32L1xx_HAL_Driver\Src\stm32l1xx_hal_flash_ex.o
 .text.HAL_FLASHEx_AdvOBProgram
                0x00000000       0x56 Drivers\STM32L1xx_HAL_Driver\Src\stm32l1xx_hal_flash_ex.o
 .text.HAL_FLASHEx_AdvOBGetConfig
                0x00000000       0x5c Drivers\STM32L1xx_HAL_Driver\Src\stm32l1xx_hal_flash_ex.o
 .text.HAL_FLASHEx_OB_SelectPCROP
                0x00000000       0x78 Drivers\STM32L1xx_HAL_Driver\Src\stm32l1xx_hal_flash_ex.o
 .text.HAL_FLASHEx_OB_DeSelectPCROP
                0x00000000       0x70 Drivers\STM32L1xx_HAL_Driver\Src\stm32l1xx_hal_flash_ex.o
 .text.HAL_FLASHEx_DATAEEPROM_Unlock
                0x00000000       0x38 Drivers\STM32L1xx_HAL_Driver\Src\stm32l1xx_hal_flash_ex.o
 .text.HAL_FLASHEx_DATAEEPROM_Lock
                0x00000000       0x20 Drivers\STM32L1xx_HAL_Driver\Src\stm32l1xx_hal_flash_ex.o
 .text.HAL_FLASHEx_DATAEEPROM_Erase
                0x00000000       0x64 Drivers\STM32L1xx_HAL_Driver\Src\stm32l1xx_hal_flash_ex.o
 .text.HAL_FLASHEx_DATAEEPROM_Program
                0x00000000       0xdc Drivers\STM32L1xx_HAL_Driver\Src\stm32l1xx_hal_flash_ex.o
 .text.HAL_FLASHEx_DATAEEPROM_EnableFixedTimeProgram
                0x00000000       0x1c Drivers\STM32L1xx_HAL_Driver\Src\stm32l1xx_hal_flash_ex.o
 .text.HAL_FLASHEx_DATAEEPROM_DisableFixedTimeProgram
                0x00000000       0x1c Drivers\STM32L1xx_HAL_Driver\Src\stm32l1xx_hal_flash_ex.o
 .text.FLASH_OB_RDPConfig
                0x00000000       0x94 Drivers\STM32L1xx_HAL_Driver\Src\stm32l1xx_hal_flash_ex.o
 .text.FLASH_OB_BORConfig
                0x00000000       0x78 Drivers\STM32L1xx_HAL_Driver\Src\stm32l1xx_hal_flash_ex.o
 .text.FLASH_OB_GetUser
                0x00000000       0x20 Drivers\STM32L1xx_HAL_Driver\Src\stm32l1xx_hal_flash_ex.o
 .text.FLASH_OB_GetRDP
                0x00000000       0x18 Drivers\STM32L1xx_HAL_Driver\Src\stm32l1xx_hal_flash_ex.o
 .text.FLASH_OB_GetBOR
                0x00000000       0x20 Drivers\STM32L1xx_HAL_Driver\Src\stm32l1xx_hal_flash_ex.o
 .text.FLASH_OB_WRPConfig
                0x00000000       0x70 Drivers\STM32L1xx_HAL_Driver\Src\stm32l1xx_hal_flash_ex.o
 .text.FLASH_OB_PCROPConfig
                0x00000000       0x7c Drivers\STM32L1xx_HAL_Driver\Src\stm32l1xx_hal_flash_ex.o
 .text.FLASH_OB_WRPConfigWRP1OrPCROP1
                0x00000000       0xc4 Drivers\STM32L1xx_HAL_Driver\Src\stm32l1xx_hal_flash_ex.o
 .text.FLASH_OB_WRPConfigWRP2OrPCROP2
                0x00000000       0xc4 Drivers\STM32L1xx_HAL_Driver\Src\stm32l1xx_hal_flash_ex.o
 .text.FLASH_OB_UserConfig
                0x00000000       0x9c Drivers\STM32L1xx_HAL_Driver\Src\stm32l1xx_hal_flash_ex.o
 .text.FLASH_DATAEEPROM_FastProgramByte
                0x00000000       0x50 Drivers\STM32L1xx_HAL_Driver\Src\stm32l1xx_hal_flash_ex.o
 .text.FLASH_DATAEEPROM_FastProgramHalfWord
                0x00000000       0x50 Drivers\STM32L1xx_HAL_Driver\Src\stm32l1xx_hal_flash_ex.o
 .text.FLASH_DATAEEPROM_FastProgramWord
                0x00000000       0x4c Drivers\STM32L1xx_HAL_Driver\Src\stm32l1xx_hal_flash_ex.o
 .text.FLASH_DATAEEPROM_ProgramByte
                0x00000000       0x3e Drivers\STM32L1xx_HAL_Driver\Src\stm32l1xx_hal_flash_ex.o
 .text.FLASH_DATAEEPROM_ProgramHalfWord
                0x00000000       0x3e Drivers\STM32L1xx_HAL_Driver\Src\stm32l1xx_hal_flash_ex.o
 .text.FLASH_DATAEEPROM_ProgramWord
                0x00000000       0x3c Drivers\STM32L1xx_HAL_Driver\Src\stm32l1xx_hal_flash_ex.o
 .text.FLASH_PageErase
                0x00000000       0x44 Drivers\STM32L1xx_HAL_Driver\Src\stm32l1xx_hal_flash_ex.o
 .debug_info    0x00000000     0x14cf Drivers\STM32L1xx_HAL_Driver\Src\stm32l1xx_hal_flash_ex.o
 .debug_abbrev  0x00000000      0x316 Drivers\STM32L1xx_HAL_Driver\Src\stm32l1xx_hal_flash_ex.o
 .debug_aranges
                0x00000000      0x110 Drivers\STM32L1xx_HAL_Driver\Src\stm32l1xx_hal_flash_ex.o
 .debug_ranges  0x00000000      0x100 Drivers\STM32L1xx_HAL_Driver\Src\stm32l1xx_hal_flash_ex.o
 .debug_line    0x00000000      0x6aa Drivers\STM32L1xx_HAL_Driver\Src\stm32l1xx_hal_flash_ex.o
 .debug_str     0x00000000      0xd18 Drivers\STM32L1xx_HAL_Driver\Src\stm32l1xx_hal_flash_ex.o
 .comment       0x00000000       0x7d Drivers\STM32L1xx_HAL_Driver\Src\stm32l1xx_hal_flash_ex.o
 .debug_frame   0x00000000      0x460 Drivers\STM32L1xx_HAL_Driver\Src\stm32l1xx_hal_flash_ex.o
 .ARM.attributes
                0x00000000       0x33 Drivers\STM32L1xx_HAL_Driver\Src\stm32l1xx_hal_flash_ex.o
 .text          0x00000000        0x0 Drivers\STM32L1xx_HAL_Driver\Src\stm32l1xx_hal_flash_ramfunc.o
 .data          0x00000000        0x0 Drivers\STM32L1xx_HAL_Driver\Src\stm32l1xx_hal_flash_ramfunc.o
 .bss           0x00000000        0x0 Drivers\STM32L1xx_HAL_Driver\Src\stm32l1xx_hal_flash_ramfunc.o
 .RamFunc       0x00000000      0x3f0 Drivers\STM32L1xx_HAL_Driver\Src\stm32l1xx_hal_flash_ramfunc.o
 .debug_info    0x00000000      0xd10 Drivers\STM32L1xx_HAL_Driver\Src\stm32l1xx_hal_flash_ramfunc.o
 .debug_abbrev  0x00000000      0x247 Drivers\STM32L1xx_HAL_Driver\Src\stm32l1xx_hal_flash_ramfunc.o
 .debug_aranges
                0x00000000       0x58 Drivers\STM32L1xx_HAL_Driver\Src\stm32l1xx_hal_flash_ramfunc.o
 .debug_ranges  0x00000000       0x48 Drivers\STM32L1xx_HAL_Driver\Src\stm32l1xx_hal_flash_ramfunc.o
 .debug_line    0x00000000      0x367 Drivers\STM32L1xx_HAL_Driver\Src\stm32l1xx_hal_flash_ramfunc.o
 .debug_str     0x00000000      0x90e Drivers\STM32L1xx_HAL_Driver\Src\stm32l1xx_hal_flash_ramfunc.o
 .comment       0x00000000       0x7d Drivers\STM32L1xx_HAL_Driver\Src\stm32l1xx_hal_flash_ramfunc.o
 .debug_frame   0x00000000      0x138 Drivers\STM32L1xx_HAL_Driver\Src\stm32l1xx_hal_flash_ramfunc.o
 .ARM.attributes
                0x00000000       0x33 Drivers\STM32L1xx_HAL_Driver\Src\stm32l1xx_hal_flash_ramfunc.o
 .text          0x00000000        0x0 Drivers\STM32L1xx_HAL_Driver\Src\stm32l1xx_hal_gpio.o
 .data          0x00000000        0x0 Drivers\STM32L1xx_HAL_Driver\Src\stm32l1xx_hal_gpio.o
 .bss           0x00000000        0x0 Drivers\STM32L1xx_HAL_Driver\Src\stm32l1xx_hal_gpio.o
 .text.HAL_GPIO_DeInit
                0x00000000      0x1c0 Drivers\STM32L1xx_HAL_Driver\Src\stm32l1xx_hal_gpio.o
 .text.HAL_GPIO_ReadPin
                0x00000000       0x2e Drivers\STM32L1xx_HAL_Driver\Src\stm32l1xx_hal_gpio.o
 .text.HAL_GPIO_TogglePin
                0x00000000       0x22 Drivers\STM32L1xx_HAL_Driver\Src\stm32l1xx_hal_gpio.o
 .text.HAL_GPIO_LockPin
                0x00000000       0x4e Drivers\STM32L1xx_HAL_Driver\Src\stm32l1xx_hal_gpio.o
 .text.HAL_GPIO_EXTI_IRQHandler
                0x00000000       0x30 Drivers\STM32L1xx_HAL_Driver\Src\stm32l1xx_hal_gpio.o
 .text.HAL_GPIO_EXTI_Callback
                0x00000000       0x14 Drivers\STM32L1xx_HAL_Driver\Src\stm32l1xx_hal_gpio.o
 .text          0x00000000        0x0 Drivers\STM32L1xx_HAL_Driver\Src\stm32l1xx_hal_lcd.o
 .data          0x00000000        0x0 Drivers\STM32L1xx_HAL_Driver\Src\stm32l1xx_hal_lcd.o
 .bss           0x00000000        0x0 Drivers\STM32L1xx_HAL_Driver\Src\stm32l1xx_hal_lcd.o
 .text.HAL_LCD_DeInit
                0x00000000       0x76 Drivers\STM32L1xx_HAL_Driver\Src\stm32l1xx_hal_lcd.o
 .text.HAL_LCD_MspDeInit
                0x00000000       0x12 Drivers\STM32L1xx_HAL_Driver\Src\stm32l1xx_hal_lcd.o
 .text.HAL_LCD_MspInit
                0x00000000       0x12 Drivers\STM32L1xx_HAL_Driver\Src\stm32l1xx_hal_lcd.o
 .text.HAL_LCD_Clear
                0x00000000       0xb4 Drivers\STM32L1xx_HAL_Driver\Src\stm32l1xx_hal_lcd.o
 .text.HAL_LCD_GetState
                0x00000000       0x1a Drivers\STM32L1xx_HAL_Driver\Src\stm32l1xx_hal_lcd.o
 .text.HAL_LCD_GetError
                0x00000000       0x16 Drivers\STM32L1xx_HAL_Driver\Src\stm32l1xx_hal_lcd.o
 .text          0x00000000        0x0 Drivers\STM32L1xx_HAL_Driver\Src\stm32l1xx_hal_pwr.o
 .data          0x00000000        0x0 Drivers\STM32L1xx_HAL_Driver\Src\stm32l1xx_hal_pwr.o
 .bss           0x00000000        0x0 Drivers\STM32L1xx_HAL_Driver\Src\stm32l1xx_hal_pwr.o
 .text.HAL_PWR_DeInit
                0x00000000       0x28 Drivers\STM32L1xx_HAL_Driver\Src\stm32l1xx_hal_pwr.o
 .text.HAL_PWR_EnableBkUpAccess
                0x00000000       0x34 Drivers\STM32L1xx_HAL_Driver\Src\stm32l1xx_hal_pwr.o
 .text.HAL_PWR_DisableBkUpAccess
                0x00000000       0x34 Drivers\STM32L1xx_HAL_Driver\Src\stm32l1xx_hal_pwr.o
 .text.HAL_PWR_ConfigPVD
                0x00000000       0xbc Drivers\STM32L1xx_HAL_Driver\Src\stm32l1xx_hal_pwr.o
 .text.HAL_PWR_EnablePVD
                0x00000000       0x32 Drivers\STM32L1xx_HAL_Driver\Src\stm32l1xx_hal_pwr.o
 .text.HAL_PWR_DisablePVD
                0x00000000       0x32 Drivers\STM32L1xx_HAL_Driver\Src\stm32l1xx_hal_pwr.o
 .text.HAL_PWR_EnableWakeUpPin
                0x00000000       0x38 Drivers\STM32L1xx_HAL_Driver\Src\stm32l1xx_hal_pwr.o
 .text.HAL_PWR_DisableWakeUpPin
                0x00000000       0x38 Drivers\STM32L1xx_HAL_Driver\Src\stm32l1xx_hal_pwr.o
 .text.HAL_PWR_EnterSLEEPMode
                0x00000000       0x4c Drivers\STM32L1xx_HAL_Driver\Src\stm32l1xx_hal_pwr.o
 .text.HAL_PWR_EnterSTOPMode
                0x00000000       0x58 Drivers\STM32L1xx_HAL_Driver\Src\stm32l1xx_hal_pwr.o
 .text.HAL_PWR_EnterSTANDBYMode
                0x00000000       0x30 Drivers\STM32L1xx_HAL_Driver\Src\stm32l1xx_hal_pwr.o
 .text.HAL_PWR_EnableSleepOnExit
                0x00000000       0x1c Drivers\STM32L1xx_HAL_Driver\Src\stm32l1xx_hal_pwr.o
 .text.HAL_PWR_DisableSleepOnExit
                0x00000000       0x1c Drivers\STM32L1xx_HAL_Driver\Src\stm32l1xx_hal_pwr.o
 .text.HAL_PWR_EnableSEVOnPend
                0x00000000       0x1c Drivers\STM32L1xx_HAL_Driver\Src\stm32l1xx_hal_pwr.o
 .text.HAL_PWR_DisableSEVOnPend
                0x00000000       0x1c Drivers\STM32L1xx_HAL_Driver\Src\stm32l1xx_hal_pwr.o
 .text.HAL_PWR_PVD_IRQHandler
                0x00000000       0x24 Drivers\STM32L1xx_HAL_Driver\Src\stm32l1xx_hal_pwr.o
 .text.HAL_PWR_PVDCallback
                0x00000000        0xc Drivers\STM32L1xx_HAL_Driver\Src\stm32l1xx_hal_pwr.o
 .debug_info    0x00000000     0x1058 Drivers\STM32L1xx_HAL_Driver\Src\stm32l1xx_hal_pwr.o
 .debug_abbrev  0x00000000      0x29d Drivers\STM32L1xx_HAL_Driver\Src\stm32l1xx_hal_pwr.o
 .debug_aranges
                0x00000000       0xa0 Drivers\STM32L1xx_HAL_Driver\Src\stm32l1xx_hal_pwr.o
 .debug_ranges  0x00000000       0x90 Drivers\STM32L1xx_HAL_Driver\Src\stm32l1xx_hal_pwr.o
 .debug_line    0x00000000      0x477 Drivers\STM32L1xx_HAL_Driver\Src\stm32l1xx_hal_pwr.o
 .debug_str     0x00000000      0x93f Drivers\STM32L1xx_HAL_Driver\Src\stm32l1xx_hal_pwr.o
 .comment       0x00000000       0x7d Drivers\STM32L1xx_HAL_Driver\Src\stm32l1xx_hal_pwr.o
 .debug_frame   0x00000000      0x274 Drivers\STM32L1xx_HAL_Driver\Src\stm32l1xx_hal_pwr.o
 .ARM.attributes
                0x00000000       0x33 Drivers\STM32L1xx_HAL_Driver\Src\stm32l1xx_hal_pwr.o
 .text          0x00000000        0x0 Drivers\STM32L1xx_HAL_Driver\Src\stm32l1xx_hal_pwr_ex.o
 .data          0x00000000        0x0 Drivers\STM32L1xx_HAL_Driver\Src\stm32l1xx_hal_pwr_ex.o
 .bss           0x00000000        0x0 Drivers\STM32L1xx_HAL_Driver\Src\stm32l1xx_hal_pwr_ex.o
 .text.HAL_PWREx_GetVoltageRange
                0x00000000       0x18 Drivers\STM32L1xx_HAL_Driver\Src\stm32l1xx_hal_pwr_ex.o
 .text.HAL_PWREx_EnableFastWakeUp
                0x00000000       0x34 Drivers\STM32L1xx_HAL_Driver\Src\stm32l1xx_hal_pwr_ex.o
 .text.HAL_PWREx_DisableFastWakeUp
                0x00000000       0x34 Drivers\STM32L1xx_HAL_Driver\Src\stm32l1xx_hal_pwr_ex.o
 .text.HAL_PWREx_EnableUltraLowPower
                0x00000000       0x34 Drivers\STM32L1xx_HAL_Driver\Src\stm32l1xx_hal_pwr_ex.o
 .text.HAL_PWREx_DisableUltraLowPower
                0x00000000       0x34 Drivers\STM32L1xx_HAL_Driver\Src\stm32l1xx_hal_pwr_ex.o
 .text.HAL_PWREx_EnableLowPowerRunMode
                0x00000000       0x56 Drivers\STM32L1xx_HAL_Driver\Src\stm32l1xx_hal_pwr_ex.o
 .text.HAL_PWREx_DisableLowPowerRunMode
                0x00000000       0x58 Drivers\STM32L1xx_HAL_Driver\Src\stm32l1xx_hal_pwr_ex.o
 .debug_info    0x00000000      0xbe7 Drivers\STM32L1xx_HAL_Driver\Src\stm32l1xx_hal_pwr_ex.o
 .debug_abbrev  0x00000000      0x23b Drivers\STM32L1xx_HAL_Driver\Src\stm32l1xx_hal_pwr_ex.o
 .debug_aranges
                0x00000000       0x50 Drivers\STM32L1xx_HAL_Driver\Src\stm32l1xx_hal_pwr_ex.o
 .debug_ranges  0x00000000       0x40 Drivers\STM32L1xx_HAL_Driver\Src\stm32l1xx_hal_pwr_ex.o
 .debug_line    0x00000000      0x39c Drivers\STM32L1xx_HAL_Driver\Src\stm32l1xx_hal_pwr_ex.o
 .debug_str     0x00000000      0x77e Drivers\STM32L1xx_HAL_Driver\Src\stm32l1xx_hal_pwr_ex.o
 .comment       0x00000000       0x7d Drivers\STM32L1xx_HAL_Driver\Src\stm32l1xx_hal_pwr_ex.o
 .debug_frame   0x00000000      0x120 Drivers\STM32L1xx_HAL_Driver\Src\stm32l1xx_hal_pwr_ex.o
 .ARM.attributes
                0x00000000       0x33 Drivers\STM32L1xx_HAL_Driver\Src\stm32l1xx_hal_pwr_ex.o
 .text          0x00000000        0x0 Drivers\STM32L1xx_HAL_Driver\Src\stm32l1xx_hal_rcc.o
 .data          0x00000000        0x0 Drivers\STM32L1xx_HAL_Driver\Src\stm32l1xx_hal_rcc.o
 .bss           0x00000000        0x0 Drivers\STM32L1xx_HAL_Driver\Src\stm32l1xx_hal_rcc.o
 .text.HAL_RCC_DeInit
                0x00000000       0xa0 Drivers\STM32L1xx_HAL_Driver\Src\stm32l1xx_hal_rcc.o
 .text.HAL_RCC_MCOConfig
                0x00000000       0x6c Drivers\STM32L1xx_HAL_Driver\Src\stm32l1xx_hal_rcc.o
 .text.HAL_RCC_EnableCSS
                0x00000000       0x34 Drivers\STM32L1xx_HAL_Driver\Src\stm32l1xx_hal_rcc.o
 .text.HAL_RCC_DisableCSS
                0x00000000       0x34 Drivers\STM32L1xx_HAL_Driver\Src\stm32l1xx_hal_rcc.o
 .text.HAL_RCC_GetHCLKFreq
                0x00000000       0x14 Drivers\STM32L1xx_HAL_Driver\Src\stm32l1xx_hal_rcc.o
 .text.HAL_RCC_GetPCLK1Freq
                0x00000000       0x44 Drivers\STM32L1xx_HAL_Driver\Src\stm32l1xx_hal_rcc.o
 .text.HAL_RCC_GetPCLK2Freq
                0x00000000       0x44 Drivers\STM32L1xx_HAL_Driver\Src\stm32l1xx_hal_rcc.o
 .text.HAL_RCC_GetOscConfig
                0x00000000      0x160 Drivers\STM32L1xx_HAL_Driver\Src\stm32l1xx_hal_rcc.o
 .text.HAL_RCC_GetClockConfig
                0x00000000       0x60 Drivers\STM32L1xx_HAL_Driver\Src\stm32l1xx_hal_rcc.o
 .text.HAL_RCC_NMI_IRQHandler
                0x00000000       0x28 Drivers\STM32L1xx_HAL_Driver\Src\stm32l1xx_hal_rcc.o
 .text.HAL_RCC_CSSCallback
                0x00000000        0xc Drivers\STM32L1xx_HAL_Driver\Src\stm32l1xx_hal_rcc.o
 .text          0x00000000        0x0 Drivers\STM32L1xx_HAL_Driver\Src\stm32l1xx_hal_rcc_ex.o
 .data          0x00000000        0x0 Drivers\STM32L1xx_HAL_Driver\Src\stm32l1xx_hal_rcc_ex.o
 .bss           0x00000000        0x0 Drivers\STM32L1xx_HAL_Driver\Src\stm32l1xx_hal_rcc_ex.o
 .text.HAL_RCCEx_GetPeriphCLKConfig
                0x00000000       0x60 Drivers\STM32L1xx_HAL_Driver\Src\stm32l1xx_hal_rcc_ex.o
 .text.HAL_RCCEx_GetPeriphCLKFreq
                0x00000000       0xdc Drivers\STM32L1xx_HAL_Driver\Src\stm32l1xx_hal_rcc_ex.o
 .text.HAL_RCCEx_EnableLSECSS
                0x00000000       0x38 Drivers\STM32L1xx_HAL_Driver\Src\stm32l1xx_hal_rcc_ex.o
 .text.HAL_RCCEx_DisableLSECSS
                0x00000000       0x4c Drivers\STM32L1xx_HAL_Driver\Src\stm32l1xx_hal_rcc_ex.o
 .text.HAL_RCCEx_EnableLSECSS_IT
                0x00000000       0x68 Drivers\STM32L1xx_HAL_Driver\Src\stm32l1xx_hal_rcc_ex.o
 .text.HAL_RCCEx_LSECSS_IRQHandler
                0x00000000       0x28 Drivers\STM32L1xx_HAL_Driver\Src\stm32l1xx_hal_rcc_ex.o
 .text.HAL_RCCEx_LSECSS_Callback
                0x00000000        0xc Drivers\STM32L1xx_HAL_Driver\Src\stm32l1xx_hal_rcc_ex.o
 .text          0x00000000        0x0 Drivers\STM32L1xx_HAL_Driver\Src\stm32l1xx_hal_rtc.o
 .data          0x00000000        0x0 Drivers\STM32L1xx_HAL_Driver\Src\stm32l1xx_hal_rtc.o
 .bss           0x00000000        0x0 Drivers\STM32L1xx_HAL_Driver\Src\stm32l1xx_hal_rtc.o
 .text.HAL_RTC_DeInit
                0x00000000       0x14 Drivers\STM32L1xx_HAL_Driver\Src\stm32l1xx_hal_rtc.o
 .text.HAL_RTC_MspInit
                0x00000000       0x12 Drivers\STM32L1xx_HAL_Driver\Src\stm32l1xx_hal_rtc.o
 .text.HAL_RTC_MspDeInit
                0x00000000       0x12 Drivers\STM32L1xx_HAL_Driver\Src\stm32l1xx_hal_rtc.o
 .text.HAL_RTC_SetTime
                0x00000000      0x17c Drivers\STM32L1xx_HAL_Driver\Src\stm32l1xx_hal_rtc.o
 .text.HAL_RTC_SetDate
                0x00000000      0x15c Drivers\STM32L1xx_HAL_Driver\Src\stm32l1xx_hal_rtc.o
 .text.HAL_RTC_GetDate
                0x00000000       0x9e Drivers\STM32L1xx_HAL_Driver\Src\stm32l1xx_hal_rtc.o
 .text.HAL_RTC_DeactivateAlarm
                0x00000000      0x11a Drivers\STM32L1xx_HAL_Driver\Src\stm32l1xx_hal_rtc.o
 .text.HAL_RTC_AlarmIRQHandler
                0x00000000       0x8c Drivers\STM32L1xx_HAL_Driver\Src\stm32l1xx_hal_rtc.o
 .text.HAL_RTC_AlarmAEventCallback
                0x00000000       0x12 Drivers\STM32L1xx_HAL_Driver\Src\stm32l1xx_hal_rtc.o
 .text.HAL_RTC_PollForAlarmAEvent
                0x00000000       0x6a Drivers\STM32L1xx_HAL_Driver\Src\stm32l1xx_hal_rtc.o
 .text.HAL_RTC_GetState
                0x00000000       0x18 Drivers\STM32L1xx_HAL_Driver\Src\stm32l1xx_hal_rtc.o
 .text.RTC_ByteToBcd2
                0x00000000       0x3a Drivers\STM32L1xx_HAL_Driver\Src\stm32l1xx_hal_rtc.o
 .text.RTC_Bcd2ToByte
                0x00000000       0x3a Drivers\STM32L1xx_HAL_Driver\Src\stm32l1xx_hal_rtc.o
 .text          0x00000000        0x0 Drivers\STM32L1xx_HAL_Driver\Src\stm32l1xx_hal_rtc_ex.o
 .data          0x00000000        0x0 Drivers\STM32L1xx_HAL_Driver\Src\stm32l1xx_hal_rtc_ex.o
 .bss           0x00000000        0x0 Drivers\STM32L1xx_HAL_Driver\Src\stm32l1xx_hal_rtc_ex.o
 .text.HAL_RTC_DeInit
                0x00000000      0x148 Drivers\STM32L1xx_HAL_Driver\Src\stm32l1xx_hal_rtc_ex.o
 .text.HAL_RTC_GetTime
                0x00000000       0xbe Drivers\STM32L1xx_HAL_Driver\Src\stm32l1xx_hal_rtc_ex.o
 .text.HAL_RTC_SetAlarm
                0x00000000      0x26a Drivers\STM32L1xx_HAL_Driver\Src\stm32l1xx_hal_rtc_ex.o
 .text.HAL_RTC_SetAlarm_IT
                0x00000000      0x2ac Drivers\STM32L1xx_HAL_Driver\Src\stm32l1xx_hal_rtc_ex.o
 .text.HAL_RTC_GetAlarm
                0x00000000      0x11e Drivers\STM32L1xx_HAL_Driver\Src\stm32l1xx_hal_rtc_ex.o
 .text.HAL_RTC_WaitForSynchro
                0x00000000       0x5e Drivers\STM32L1xx_HAL_Driver\Src\stm32l1xx_hal_rtc_ex.o
 .text.HAL_RTCEx_SetTimeStamp
                0x00000000       0x86 Drivers\STM32L1xx_HAL_Driver\Src\stm32l1xx_hal_rtc_ex.o
 .text.HAL_RTCEx_SetTimeStamp_IT
                0x00000000       0xb4 Drivers\STM32L1xx_HAL_Driver\Src\stm32l1xx_hal_rtc_ex.o
 .text.HAL_RTCEx_DeactivateTimeStamp
                0x00000000       0x7c Drivers\STM32L1xx_HAL_Driver\Src\stm32l1xx_hal_rtc_ex.o
 .text.HAL_RTCEx_GetTimeStamp
                0x00000000      0x142 Drivers\STM32L1xx_HAL_Driver\Src\stm32l1xx_hal_rtc_ex.o
 .text.HAL_RTCEx_SetTamper
                0x00000000       0xb6 Drivers\STM32L1xx_HAL_Driver\Src\stm32l1xx_hal_rtc_ex.o
 .text.HAL_RTCEx_SetTamper_IT
                0x00000000       0xe4 Drivers\STM32L1xx_HAL_Driver\Src\stm32l1xx_hal_rtc_ex.o
 .text.HAL_RTCEx_DeactivateTamper
                0x00000000       0x4c Drivers\STM32L1xx_HAL_Driver\Src\stm32l1xx_hal_rtc_ex.o
 .text.HAL_RTCEx_TamperTimeStampIRQHandler
                0x00000000       0xf8 Drivers\STM32L1xx_HAL_Driver\Src\stm32l1xx_hal_rtc_ex.o
 .text.HAL_RTCEx_TimeStampEventCallback
                0x00000000       0x12 Drivers\STM32L1xx_HAL_Driver\Src\stm32l1xx_hal_rtc_ex.o
 .text.HAL_RTCEx_Tamper1EventCallback
                0x00000000       0x12 Drivers\STM32L1xx_HAL_Driver\Src\stm32l1xx_hal_rtc_ex.o
 .text.HAL_RTCEx_Tamper2EventCallback
                0x00000000       0x12 Drivers\STM32L1xx_HAL_Driver\Src\stm32l1xx_hal_rtc_ex.o
 .text.HAL_RTCEx_Tamper3EventCallback
                0x00000000       0x12 Drivers\STM32L1xx_HAL_Driver\Src\stm32l1xx_hal_rtc_ex.o
 .text.HAL_RTCEx_PollForTimeStampEvent
                0x00000000       0x82 Drivers\STM32L1xx_HAL_Driver\Src\stm32l1xx_hal_rtc_ex.o
 .text.HAL_RTCEx_PollForTamper1Event
                0x00000000       0x6a Drivers\STM32L1xx_HAL_Driver\Src\stm32l1xx_hal_rtc_ex.o
 .text.HAL_RTCEx_PollForTamper2Event
                0x00000000       0x6a Drivers\STM32L1xx_HAL_Driver\Src\stm32l1xx_hal_rtc_ex.o
 .text.HAL_RTCEx_PollForTamper3Event
                0x00000000       0x70 Drivers\STM32L1xx_HAL_Driver\Src\stm32l1xx_hal_rtc_ex.o
 .text.HAL_RTCEx_SetWakeUpTimer
                0x00000000      0x128 Drivers\STM32L1xx_HAL_Driver\Src\stm32l1xx_hal_rtc_ex.o
 .text.HAL_RTCEx_SetWakeUpTimer_IT
                0x00000000      0x168 Drivers\STM32L1xx_HAL_Driver\Src\stm32l1xx_hal_rtc_ex.o
 .text.HAL_RTCEx_DeactivateWakeUpTimer
                0x00000000       0xb0 Drivers\STM32L1xx_HAL_Driver\Src\stm32l1xx_hal_rtc_ex.o
 .text.HAL_RTCEx_GetWakeUpTimer
                0x00000000       0x1a Drivers\STM32L1xx_HAL_Driver\Src\stm32l1xx_hal_rtc_ex.o
 .text.HAL_RTCEx_WakeUpTimerIRQHandler
                0x00000000       0x48 Drivers\STM32L1xx_HAL_Driver\Src\stm32l1xx_hal_rtc_ex.o
 .text.HAL_RTCEx_WakeUpTimerEventCallback
                0x00000000       0x12 Drivers\STM32L1xx_HAL_Driver\Src\stm32l1xx_hal_rtc_ex.o
 .text.HAL_RTCEx_PollForWakeUpTimerEvent
                0x00000000       0x6a Drivers\STM32L1xx_HAL_Driver\Src\stm32l1xx_hal_rtc_ex.o
 .text.HAL_RTCEx_BKUPWrite
                0x00000000       0x32 Drivers\STM32L1xx_HAL_Driver\Src\stm32l1xx_hal_rtc_ex.o
 .text.HAL_RTCEx_BKUPRead
                0x00000000       0x2e Drivers\STM32L1xx_HAL_Driver\Src\stm32l1xx_hal_rtc_ex.o
 .text.HAL_RTCEx_SetCoarseCalib
                0x00000000       0xa2 Drivers\STM32L1xx_HAL_Driver\Src\stm32l1xx_hal_rtc_ex.o
 .text.HAL_RTCEx_DeactivateCoarseCalib
                0x00000000       0x92 Drivers\STM32L1xx_HAL_Driver\Src\stm32l1xx_hal_rtc_ex.o
 .text.HAL_RTCEx_SetSmoothCalib
                0x00000000       0xb4 Drivers\STM32L1xx_HAL_Driver\Src\stm32l1xx_hal_rtc_ex.o
 .text.HAL_RTCEx_SetSynchroShift
                0x00000000       0xea Drivers\STM32L1xx_HAL_Driver\Src\stm32l1xx_hal_rtc_ex.o
 .text.HAL_RTCEx_SetCalibrationOutPut
                0x00000000       0x82 Drivers\STM32L1xx_HAL_Driver\Src\stm32l1xx_hal_rtc_ex.o
 .text.HAL_RTCEx_DeactivateCalibrationOutPut
                0x00000000       0x60 Drivers\STM32L1xx_HAL_Driver\Src\stm32l1xx_hal_rtc_ex.o
 .text.HAL_RTCEx_SetRefClock
                0x00000000       0x92 Drivers\STM32L1xx_HAL_Driver\Src\stm32l1xx_hal_rtc_ex.o
 .text.HAL_RTCEx_DeactivateRefClock
                0x00000000       0x92 Drivers\STM32L1xx_HAL_Driver\Src\stm32l1xx_hal_rtc_ex.o
 .text.HAL_RTCEx_EnableBypassShadow
                0x00000000       0x60 Drivers\STM32L1xx_HAL_Driver\Src\stm32l1xx_hal_rtc_ex.o
 .text.HAL_RTCEx_DisableBypassShadow
                0x00000000       0x60 Drivers\STM32L1xx_HAL_Driver\Src\stm32l1xx_hal_rtc_ex.o
 .text.HAL_RTCEx_AlarmBEventCallback
                0x00000000       0x12 Drivers\STM32L1xx_HAL_Driver\Src\stm32l1xx_hal_rtc_ex.o
 .text.HAL_RTCEx_PollForAlarmBEvent
                0x00000000       0x6a Drivers\STM32L1xx_HAL_Driver\Src\stm32l1xx_hal_rtc_ex.o
 .debug_info    0x00000000     0x1a3f Drivers\STM32L1xx_HAL_Driver\Src\stm32l1xx_hal_rtc_ex.o
 .debug_abbrev  0x00000000      0x27b Drivers\STM32L1xx_HAL_Driver\Src\stm32l1xx_hal_rtc_ex.o
 .debug_aranges
                0x00000000      0x170 Drivers\STM32L1xx_HAL_Driver\Src\stm32l1xx_hal_rtc_ex.o
 .debug_ranges  0x00000000      0x160 Drivers\STM32L1xx_HAL_Driver\Src\stm32l1xx_hal_rtc_ex.o
 .debug_line    0x00000000      0xb6e Drivers\STM32L1xx_HAL_Driver\Src\stm32l1xx_hal_rtc_ex.o
 .debug_str     0x00000000     0x1019 Drivers\STM32L1xx_HAL_Driver\Src\stm32l1xx_hal_rtc_ex.o
 .comment       0x00000000       0x7d Drivers\STM32L1xx_HAL_Driver\Src\stm32l1xx_hal_rtc_ex.o
 .debug_frame   0x00000000      0x670 Drivers\STM32L1xx_HAL_Driver\Src\stm32l1xx_hal_rtc_ex.o
 .ARM.attributes
                0x00000000       0x33 Drivers\STM32L1xx_HAL_Driver\Src\stm32l1xx_hal_rtc_ex.o
 .text          0x00000000        0x0 Drivers\STM32L1xx_HAL_Driver\Src\stm32l1xx_hal_tim.o
 .data          0x00000000        0x0 Drivers\STM32L1xx_HAL_Driver\Src\stm32l1xx_hal_tim.o
 .bss           0x00000000        0x0 Drivers\STM32L1xx_HAL_Driver\Src\stm32l1xx_hal_tim.o
 .debug_info    0x00000000      0x947 Drivers\STM32L1xx_HAL_Driver\Src\stm32l1xx_hal_tim.o
 .debug_abbrev  0x00000000      0x15c Drivers\STM32L1xx_HAL_Driver\Src\stm32l1xx_hal_tim.o
 .debug_aranges
                0x00000000       0x18 Drivers\STM32L1xx_HAL_Driver\Src\stm32l1xx_hal_tim.o
 .debug_line    0x00000000      0x203 Drivers\STM32L1xx_HAL_Driver\Src\stm32l1xx_hal_tim.o
 .debug_str     0x00000000      0x645 Drivers\STM32L1xx_HAL_Driver\Src\stm32l1xx_hal_tim.o
 .comment       0x00000000       0x7d Drivers\STM32L1xx_HAL_Driver\Src\stm32l1xx_hal_tim.o
 .ARM.attributes
                0x00000000       0x33 Drivers\STM32L1xx_HAL_Driver\Src\stm32l1xx_hal_tim.o
 .text          0x00000000        0x0 Drivers\STM32L1xx_HAL_Driver\Src\stm32l1xx_hal_tim_ex.o
 .data          0x00000000        0x0 Drivers\STM32L1xx_HAL_Driver\Src\stm32l1xx_hal_tim_ex.o
 .bss           0x00000000        0x0 Drivers\STM32L1xx_HAL_Driver\Src\stm32l1xx_hal_tim_ex.o
 .debug_info    0x00000000      0x947 Drivers\STM32L1xx_HAL_Driver\Src\stm32l1xx_hal_tim_ex.o
 .debug_abbrev  0x00000000      0x15c Drivers\STM32L1xx_HAL_Driver\Src\stm32l1xx_hal_tim_ex.o
 .debug_aranges
                0x00000000       0x18 Drivers\STM32L1xx_HAL_Driver\Src\stm32l1xx_hal_tim_ex.o
 .debug_line    0x00000000      0x203 Drivers\STM32L1xx_HAL_Driver\Src\stm32l1xx_hal_tim_ex.o
 .debug_str     0x00000000      0x648 Drivers\STM32L1xx_HAL_Driver\Src\stm32l1xx_hal_tim_ex.o
 .comment       0x00000000       0x7d Drivers\STM32L1xx_HAL_Driver\Src\stm32l1xx_hal_tim_ex.o
 .ARM.attributes
                0x00000000       0x33 Drivers\STM32L1xx_HAL_Driver\Src\stm32l1xx_hal_tim_ex.o
 .text          0x00000000        0x0 Src\lcd.o
 .data          0x00000000        0x0 Src\lcd.o
 .bss           0x00000000        0x0 Src\lcd.o
 .text          0x00000000        0x0 Src\main.o
 .data          0x00000000        0x0 Src\main.o
 .bss           0x00000000        0x0 Src\main.o
 .text          0x00000000        0x0 Src\stm32l1xx_hal_msp.o
 .data          0x00000000        0x0 Src\stm32l1xx_hal_msp.o
 .bss           0x00000000        0x0 Src\stm32l1xx_hal_msp.o
 .text.HAL_ADC_MspDeInit
                0x00000000       0x3c Src\stm32l1xx_hal_msp.o
 .text.HAL_LCD_MspDeInit
                0x00000000       0x58 Src\stm32l1xx_hal_msp.o
 .text.HAL_RTC_MspDeInit
                0x00000000       0x48 Src\stm32l1xx_hal_msp.o
 .text          0x00000000        0x0 Src\stm32l1xx_it.o
 .data          0x00000000        0x0 Src\stm32l1xx_it.o
 .bss           0x00000000        0x0 Src\stm32l1xx_it.o
 .text          0x00000000        0x0 Src\system_stm32l1xx.o
 .data          0x00000000        0x0 Src\system_stm32l1xx.o
 .bss           0x00000000        0x0 Src\system_stm32l1xx.o
 .rodata.APBPrescTable
                0x00000000        0x8 Src\system_stm32l1xx.o
 .text.SystemCoreClockUpdate
                0x00000000      0x154 Src\system_stm32l1xx.o
 .text          0x00000000       0x14 startup\startup_stm32l152xc.o
 .data          0x00000000        0x0 startup\startup_stm32l152xc.o
 .bss           0x00000000        0x0 startup\startup_stm32l152xc.o
 .text          0x00000000        0x0 c:/program files (x86)/atollic/truestudio for stm32 9.2.0/armtools/bin/../lib/gcc/arm-atollic-eabi/6.3.1/../../../../arm-atollic-eabi/lib/armv7-m\libc_nano.a(lib_a-init.o)
 .data          0x00000000        0x0 c:/program files (x86)/atollic/truestudio for stm32 9.2.0/armtools/bin/../lib/gcc/arm-atollic-eabi/6.3.1/../../../../arm-atollic-eabi/lib/armv7-m\libc_nano.a(lib_a-init.o)
 .bss           0x00000000        0x0 c:/program files (x86)/atollic/truestudio for stm32 9.2.0/armtools/bin/../lib/gcc/arm-atollic-eabi/6.3.1/../../../../arm-atollic-eabi/lib/armv7-m\libc_nano.a(lib_a-init.o)
 .text          0x00000000        0x0 c:/program files (x86)/atollic/truestudio for stm32 9.2.0/armtools/bin/../lib/gcc/arm-atollic-eabi/6.3.1/../../../../arm-atollic-eabi/lib/armv7-m\libc_nano.a(lib_a-memset.o)
 .data          0x00000000        0x0 c:/program files (x86)/atollic/truestudio for stm32 9.2.0/armtools/bin/../lib/gcc/arm-atollic-eabi/6.3.1/../../../../arm-atollic-eabi/lib/armv7-m\libc_nano.a(lib_a-memset.o)
 .bss           0x00000000        0x0 c:/program files (x86)/atollic/truestudio for stm32 9.2.0/armtools/bin/../lib/gcc/arm-atollic-eabi/6.3.1/../../../../arm-atollic-eabi/lib/armv7-m\libc_nano.a(lib_a-memset.o)
 .text          0x00000000        0x0 c:/program files (x86)/atollic/truestudio for stm32 9.2.0/armtools/bin/../lib/gcc/arm-atollic-eabi/6.3.1/armv7-m/crtend.o
 .data          0x00000000        0x0 c:/program files (x86)/atollic/truestudio for stm32 9.2.0/armtools/bin/../lib/gcc/arm-atollic-eabi/6.3.1/armv7-m/crtend.o
 .bss           0x00000000        0x0 c:/program files (x86)/atollic/truestudio for stm32 9.2.0/armtools/bin/../lib/gcc/arm-atollic-eabi/6.3.1/armv7-m/crtend.o
 .eh_frame      0x00000000        0x4 c:/program files (x86)/atollic/truestudio for stm32 9.2.0/armtools/bin/../lib/gcc/arm-atollic-eabi/6.3.1/armv7-m/crtend.o
 .ARM.attributes
                0x00000000       0x2d c:/program files (x86)/atollic/truestudio for stm32 9.2.0/armtools/bin/../lib/gcc/arm-atollic-eabi/6.3.1/armv7-m/crtend.o
 .text          0x00000000        0x0 c:/program files (x86)/atollic/truestudio for stm32 9.2.0/armtools/bin/../lib/gcc/arm-atollic-eabi/6.3.1/armv7-m/crtn.o
 .data          0x00000000        0x0 c:/program files (x86)/atollic/truestudio for stm32 9.2.0/armtools/bin/../lib/gcc/arm-atollic-eabi/6.3.1/armv7-m/crtn.o
 .bss           0x00000000        0x0 c:/program files (x86)/atollic/truestudio for stm32 9.2.0/armtools/bin/../lib/gcc/arm-atollic-eabi/6.3.1/armv7-m/crtn.o

Memory Configuration

Name             Origin             Length             Attributes
RAM              0x20000000         0x00008000         xrw
FLASH            0x08000000         0x00040000         xr
*default*        0x00000000         0xffffffff

Linker script and memory map

LOAD c:/program files (x86)/atollic/truestudio for stm32 9.2.0/armtools/bin/../lib/gcc/arm-atollic-eabi/6.3.1/armv7-m/crti.o
LOAD c:/program files (x86)/atollic/truestudio for stm32 9.2.0/armtools/bin/../lib/gcc/arm-atollic-eabi/6.3.1/armv7-m/crtbegin.o
LOAD Drivers\STM32L1xx_HAL_Driver\Src\stm32l1xx_hal.o
LOAD Drivers\STM32L1xx_HAL_Driver\Src\stm32l1xx_hal_adc.o
LOAD Drivers\STM32L1xx_HAL_Driver\Src\stm32l1xx_hal_adc_ex.o
LOAD Drivers\STM32L1xx_HAL_Driver\Src\stm32l1xx_hal_cortex.o
LOAD Drivers\STM32L1xx_HAL_Driver\Src\stm32l1xx_hal_dma.o
LOAD Drivers\STM32L1xx_HAL_Driver\Src\stm32l1xx_hal_flash.o
LOAD Drivers\STM32L1xx_HAL_Driver\Src\stm32l1xx_hal_flash_ex.o
LOAD Drivers\STM32L1xx_HAL_Driver\Src\stm32l1xx_hal_flash_ramfunc.o
LOAD Drivers\STM32L1xx_HAL_Driver\Src\stm32l1xx_hal_gpio.o
LOAD Drivers\STM32L1xx_HAL_Driver\Src\stm32l1xx_hal_lcd.o
LOAD Drivers\STM32L1xx_HAL_Driver\Src\stm32l1xx_hal_pwr.o
LOAD Drivers\STM32L1xx_HAL_Driver\Src\stm32l1xx_hal_pwr_ex.o
LOAD Drivers\STM32L1xx_HAL_Driver\Src\stm32l1xx_hal_rcc.o
LOAD Drivers\STM32L1xx_HAL_Driver\Src\stm32l1xx_hal_rcc_ex.o
LOAD Drivers\STM32L1xx_HAL_Driver\Src\stm32l1xx_hal_rtc.o
LOAD Drivers\STM32L1xx_HAL_Driver\Src\stm32l1xx_hal_rtc_ex.o
LOAD Drivers\STM32L1xx_HAL_Driver\Src\stm32l1xx_hal_tim.o
LOAD Drivers\STM32L1xx_HAL_Driver\Src\stm32l1xx_hal_tim_ex.o
LOAD Src\lcd.o
LOAD Src\main.o
LOAD Src\stm32l1xx_hal_msp.o
LOAD Src\stm32l1xx_it.o
LOAD Src\system_stm32l1xx.o
LOAD startup\startup_stm32l152xc.o
                0x00000080                malloc_getpagesize_P = 0x80
START GROUP
LOAD c:/program files (x86)/atollic/truestudio for stm32 9.2.0/armtools/bin/../lib/gcc/arm-atollic-eabi/6.3.1/../../../../arm-atollic-eabi/lib/armv7-m\libc_nano.a
LOAD c:/program files (x86)/atollic/truestudio for stm32 9.2.0/armtools/bin/../lib/gcc/arm-atollic-eabi/6.3.1/../../../../arm-atollic-eabi/lib/armv7-m\libm.a
END GROUP
START GROUP
LOAD c:/program files (x86)/atollic/truestudio for stm32 9.2.0/armtools/bin/../lib/gcc/arm-atollic-eabi/6.3.1/armv7-m\libgcc.a
LOAD c:/program files (x86)/atollic/truestudio for stm32 9.2.0/armtools/bin/../lib/gcc/arm-atollic-eabi/6.3.1/../../../../arm-atollic-eabi/lib/armv7-m\libc_nano.a
END GROUP
START GROUP
LOAD c:/program files (x86)/atollic/truestudio for stm32 9.2.0/armtools/bin/../lib/gcc/arm-atollic-eabi/6.3.1/armv7-m\libgcc.a
LOAD c:/program files (x86)/atollic/truestudio for stm32 9.2.0/armtools/bin/../lib/gcc/arm-atollic-eabi/6.3.1/../../../../arm-atollic-eabi/lib/armv7-m\libc_nano.a
LOAD c:/program files (x86)/atollic/truestudio for stm32 9.2.0/armtools/bin/../lib/gcc/arm-atollic-eabi/6.3.1/../../../../arm-atollic-eabi/lib/armv7-m\libnosys.a
END GROUP
START GROUP
LOAD c:/program files (x86)/atollic/truestudio for stm32 9.2.0/armtools/bin/../lib/gcc/arm-atollic-eabi/6.3.1/armv7-m\libgcc.a
LOAD c:/program files (x86)/atollic/truestudio for stm32 9.2.0/armtools/bin/../lib/gcc/arm-atollic-eabi/6.3.1/../../../../arm-atollic-eabi/lib/armv7-m\libc_nano.a
LOAD c:/program files (x86)/atollic/truestudio for stm32 9.2.0/armtools/bin/../lib/gcc/arm-atollic-eabi/6.3.1/../../../../arm-atollic-eabi/lib/armv7-m\libnosys.a
END GROUP
LOAD c:/program files (x86)/atollic/truestudio for stm32 9.2.0/armtools/bin/../lib/gcc/arm-atollic-eabi/6.3.1/armv7-m/crtend.o
LOAD c:/program files (x86)/atollic/truestudio for stm32 9.2.0/armtools/bin/../lib/gcc/arm-atollic-eabi/6.3.1/armv7-m/crtn.o
                0x20008000                _estack = 0x20008000
                0x00000200                _Min_Heap_Size = 0x200
                0x00000400                _Min_Stack_Size = 0x400

.isr_vector     0x08000000      0x13c
                0x08000000                . = ALIGN (0x4)
 *(.isr_vector)
 .isr_vector    0x08000000      0x13c startup\startup_stm32l152xc.o
                0x08000000                g_pfnVectors
                0x0800013c                . = ALIGN (0x4)

.text           0x0800013c     0x2f10
                0x0800013c                . = ALIGN (0x4)
 *(.text)
 .text          0x0800013c       0x40 c:/program files (x86)/atollic/truestudio for stm32 9.2.0/armtools/bin/../lib/gcc/arm-atollic-eabi/6.3.1/armv7-m/crtbegin.o
 *(.text*)
 .text.HAL_Init
                0x0800017c       0x1a Drivers\STM32L1xx_HAL_Driver\Src\stm32l1xx_hal.o
                0x0800017c                HAL_Init
 *fill*         0x08000196        0x2 
 .text.HAL_InitTick
                0x08000198       0x38 Drivers\STM32L1xx_HAL_Driver\Src\stm32l1xx_hal.o
                0x08000198                HAL_InitTick
 .text.HAL_IncTick
                0x080001d0       0x1c Drivers\STM32L1xx_HAL_Driver\Src\stm32l1xx_hal.o
                0x080001d0                HAL_IncTick
 .text.HAL_GetTick
                0x080001ec       0x14 Drivers\STM32L1xx_HAL_Driver\Src\stm32l1xx_hal.o
                0x080001ec                HAL_GetTick
 .text.HAL_ADC_Init
                0x08000200      0x27c Drivers\STM32L1xx_HAL_Driver\Src\stm32l1xx_hal_adc.o
                0x08000200                HAL_ADC_Init
 .text.HAL_ADC_ConfigChannel
                0x0800047c      0x2a0 Drivers\STM32L1xx_HAL_Driver\Src\stm32l1xx_hal_adc.o
                0x0800047c                HAL_ADC_ConfigChannel
 .text.NVIC_SetPriorityGrouping
                0x0800071c       0x48 Drivers\STM32L1xx_HAL_Driver\Src\stm32l1xx_hal_cortex.o
 .text.NVIC_GetPriorityGrouping
                0x08000764       0x1c Drivers\STM32L1xx_HAL_Driver\Src\stm32l1xx_hal_cortex.o
 .text.NVIC_SetPriority
                0x08000780       0x54 Drivers\STM32L1xx_HAL_Driver\Src\stm32l1xx_hal_cortex.o
 .text.NVIC_EncodePriority
                0x080007d4       0x60 Drivers\STM32L1xx_HAL_Driver\Src\stm32l1xx_hal_cortex.o
 .text.SysTick_Config
                0x08000834       0x44 Drivers\STM32L1xx_HAL_Driver\Src\stm32l1xx_hal_cortex.o
 .text.HAL_NVIC_SetPriorityGrouping
                0x08000878       0x16 Drivers\STM32L1xx_HAL_Driver\Src\stm32l1xx_hal_cortex.o
                0x08000878                HAL_NVIC_SetPriorityGrouping
 .text.HAL_NVIC_SetPriority
                0x0800088e       0x38 Drivers\STM32L1xx_HAL_Driver\Src\stm32l1xx_hal_cortex.o
                0x0800088e                HAL_NVIC_SetPriority
 .text.HAL_SYSTICK_Config
                0x080008c6       0x18 Drivers\STM32L1xx_HAL_Driver\Src\stm32l1xx_hal_cortex.o
                0x080008c6                HAL_SYSTICK_Config
 *fill*         0x080008de        0x2 
 .text.HAL_GPIO_Init
                0x080008e0      0x2fc Drivers\STM32L1xx_HAL_Driver\Src\stm32l1xx_hal_gpio.o
                0x080008e0                HAL_GPIO_Init
 .text.HAL_GPIO_WritePin
                0x08000bdc       0x30 Drivers\STM32L1xx_HAL_Driver\Src\stm32l1xx_hal_gpio.o
                0x08000bdc                HAL_GPIO_WritePin
 .text.HAL_LCD_Init
                0x08000c0c      0x178 Drivers\STM32L1xx_HAL_Driver\Src\stm32l1xx_hal_lcd.o
                0x08000c0c                HAL_LCD_Init
 .text.HAL_LCD_Write
                0x08000d84       0xbe Drivers\STM32L1xx_HAL_Driver\Src\stm32l1xx_hal_lcd.o
                0x08000d84                HAL_LCD_Write
 .text.HAL_LCD_UpdateDisplayRequest
                0x08000e42       0x76 Drivers\STM32L1xx_HAL_Driver\Src\stm32l1xx_hal_lcd.o
                0x08000e42                HAL_LCD_UpdateDisplayRequest
 .text.LCD_WaitForSynchro
                0x08000eb8       0x46 Drivers\STM32L1xx_HAL_Driver\Src\stm32l1xx_hal_lcd.o
                0x08000eb8                LCD_WaitForSynchro
 *fill*         0x08000efe        0x2 
 .text.HAL_RCC_OscConfig
                0x08000f00      0xef4 Drivers\STM32L1xx_HAL_Driver\Src\stm32l1xx_hal_rcc.o
                0x08000f00                HAL_RCC_OscConfig
 .text.HAL_RCC_ClockConfig
                0x08001df4      0x3b0 Drivers\STM32L1xx_HAL_Driver\Src\stm32l1xx_hal_rcc.o
                0x08001df4                HAL_RCC_ClockConfig
 .text.HAL_RCC_GetSysClockFreq
                0x080021a4      0x10c Drivers\STM32L1xx_HAL_Driver\Src\stm32l1xx_hal_rcc.o
                0x080021a4                HAL_RCC_GetSysClockFreq
 .text.RCC_SetFlashLatencyFromMSIRange
                0x080022b0       0xc4 Drivers\STM32L1xx_HAL_Driver\Src\stm32l1xx_hal_rcc.o
 .text.HAL_RCCEx_PeriphCLKConfig
                0x08002374      0x23c Drivers\STM32L1xx_HAL_Driver\Src\stm32l1xx_hal_rcc_ex.o
                0x08002374                HAL_RCCEx_PeriphCLKConfig
 .text.HAL_RTC_Init
                0x080025b0       0xf6 Drivers\STM32L1xx_HAL_Driver\Src\stm32l1xx_hal_rtc.o
                0x080025b0                HAL_RTC_Init
 .text.RTC_EnterInitMode
                0x080026a6       0x58 Drivers\STM32L1xx_HAL_Driver\Src\stm32l1xx_hal_rtc.o
                0x080026a6                RTC_EnterInitMode
 *fill*         0x080026fe        0x2 
 .text.LCD_WriteChar
                0x08002700      0x224 Src\lcd.o
                0x08002700                LCD_WriteChar
 .text.main     0x08002924       0x52 Src\main.o
                0x08002924                main
 *fill*         0x08002976        0x2 
 .text.SystemClock_Config
                0x08002978       0xd0 Src\main.o
                0x08002978                SystemClock_Config
 .text.MX_ADC_Init
                0x08002a48       0xb0 Src\main.o
 .text.MX_LCD_Init
                0x08002af8       0x68 Src\main.o
 .text.MX_RTC_Init
                0x08002b60       0x4c Src\main.o
 .text.MX_TS_Init
                0x08002bac        0xc Src\main.o
 .text.MX_GPIO_Init
                0x08002bb8       0xe4 Src\main.o
 .text.Error_Handler
                0x08002c9c        0xc Src\main.o
                0x08002c9c                Error_Handler
 .text.HAL_MspInit
                0x08002ca8       0x60 Src\stm32l1xx_hal_msp.o
                0x08002ca8                HAL_MspInit
 .text.HAL_ADC_MspInit
                0x08002d08       0x80 Src\stm32l1xx_hal_msp.o
                0x08002d08                HAL_ADC_MspInit
 .text.HAL_LCD_MspInit
                0x08002d88      0x104 Src\stm32l1xx_hal_msp.o
                0x08002d88                HAL_LCD_MspInit
 .text.HAL_RTC_MspInit
                0x08002e8c       0x48 Src\stm32l1xx_hal_msp.o
                0x08002e8c                HAL_RTC_MspInit
 .text.NMI_Handler
                0x08002ed4        0xc Src\stm32l1xx_it.o
                0x08002ed4                NMI_Handler
 .text.HardFault_Handler
                0x08002ee0        0x6 Src\stm32l1xx_it.o
                0x08002ee0                HardFault_Handler
 .text.MemManage_Handler
                0x08002ee6        0x6 Src\stm32l1xx_it.o
                0x08002ee6                MemManage_Handler
 .text.BusFault_Handler
                0x08002eec        0x6 Src\stm32l1xx_it.o
                0x08002eec                BusFault_Handler
 .text.UsageFault_Handler
                0x08002ef2        0x6 Src\stm32l1xx_it.o
                0x08002ef2                UsageFault_Handler
 .text.SVC_Handler
                0x08002ef8        0xc Src\stm32l1xx_it.o
                0x08002ef8                SVC_Handler
 .text.DebugMon_Handler
                0x08002f04        0xc Src\stm32l1xx_it.o
                0x08002f04                DebugMon_Handler
 .text.PendSV_Handler
                0x08002f10        0xc Src\stm32l1xx_it.o
                0x08002f10                PendSV_Handler
 .text.SysTick_Handler
                0x08002f1c        0xc Src\stm32l1xx_it.o
                0x08002f1c                SysTick_Handler
 .text.SystemInit
                0x08002f28       0x68 Src\system_stm32l1xx.o
                0x08002f28                SystemInit
 .text.Reset_Handler
                0x08002f90       0x48 startup\startup_stm32l152xc.o
                0x08002f90                Reset_Handler
 .text.Default_Handler
                0x08002fd8        0x2 startup\startup_stm32l152xc.o
                0x08002fd8                RTC_Alarm_IRQHandler
                0x08002fd8                EXTI2_IRQHandler
                0x08002fd8                COMP_ACQ_IRQHandler
                0x08002fd8                TIM10_IRQHandler
                0x08002fd8                USB_HP_IRQHandler
                0x08002fd8                TIM6_IRQHandler
                0x08002fd8                PVD_IRQHandler
                0x08002fd8                EXTI3_IRQHandler
                0x08002fd8                EXTI0_IRQHandler
                0x08002fd8                I2C2_EV_IRQHandler
                0x08002fd8                SPI1_IRQHandler
                0x08002fd8                USB_FS_WKUP_IRQHandler
                0x08002fd8                DMA2_Channel2_IRQHandler
                0x08002fd8                DMA1_Channel4_IRQHandler
                0x08002fd8                ADC1_IRQHandler
                0x08002fd8                USART3_IRQHandler
                0x08002fd8                DMA1_Channel7_IRQHandler
                0x08002fd8                LCD_IRQHandler
                0x08002fd8                TIM4_IRQHandler
                0x08002fd8                DMA2_Channel1_IRQHandler
                0x08002fd8                I2C1_EV_IRQHandler
                0x08002fd8                DMA1_Channel6_IRQHandler
                0x08002fd8                DMA2_Channel4_IRQHandler
                0x08002fd8                TIM3_IRQHandler
                0x08002fd8                RCC_IRQHandler
                0x08002fd8                DMA1_Channel1_IRQHandler
                0x08002fd8                Default_Handler
                0x08002fd8                EXTI15_10_IRQHandler
                0x08002fd8                TIM7_IRQHandler
                0x08002fd8                TIM5_IRQHandler
                0x08002fd8                EXTI9_5_IRQHandler
                0x08002fd8                TIM9_IRQHandler
                0x08002fd8                TAMPER_STAMP_IRQHandler
                0x08002fd8                RTC_WKUP_IRQHandler
                0x08002fd8                SPI2_IRQHandler
                0x08002fd8                DMA2_Channel5_IRQHandler
                0x08002fd8                DMA1_Channel5_IRQHandler
                0x08002fd8                USB_LP_IRQHandler
                0x08002fd8                EXTI4_IRQHandler
                0x08002fd8                DMA1_Channel3_IRQHandler
                0x08002fd8                COMP_IRQHandler
                0x08002fd8                WWDG_IRQHandler
                0x08002fd8                TIM2_IRQHandler
                0x08002fd8                DAC_IRQHandler
                0x08002fd8                EXTI1_IRQHandler
                0x08002fd8                TIM11_IRQHandler
                0x08002fd8                USART2_IRQHandler
                0x08002fd8                I2C2_ER_IRQHandler
                0x08002fd8                DMA1_Channel2_IRQHandler
                0x08002fd8                FLASH_IRQHandler
                0x08002fd8                USART1_IRQHandler
                0x08002fd8                SPI3_IRQHandler
                0x08002fd8                I2C1_ER_IRQHandler
                0x08002fd8                DMA2_Channel3_IRQHandler
 *fill*         0x08002fda        0x2 
 .text.__libc_init_array
                0x08002fdc       0x48 c:/program files (x86)/atollic/truestudio for stm32 9.2.0/armtools/bin/../lib/gcc/arm-atollic-eabi/6.3.1/../../../../arm-atollic-eabi/lib/armv7-m\libc_nano.a(lib_a-init.o)
                0x08002fdc                __libc_init_array
 .text.memset   0x08003024       0x10 c:/program files (x86)/atollic/truestudio for stm32 9.2.0/armtools/bin/../lib/gcc/arm-atollic-eabi/6.3.1/../../../../arm-atollic-eabi/lib/armv7-m\libc_nano.a(lib_a-memset.o)
                0x08003024                memset
 *(.glue_7)
 .glue_7        0x08003034        0x0 linker stubs
 *(.glue_7t)
 .glue_7t       0x08003034        0x0 linker stubs
 *(.eh_frame)
 .eh_frame      0x08003034        0x0 c:/program files (x86)/atollic/truestudio for stm32 9.2.0/armtools/bin/../lib/gcc/arm-atollic-eabi/6.3.1/armv7-m/crtbegin.o
 *(.init)
 .init          0x08003034        0x4 c:/program files (x86)/atollic/truestudio for stm32 9.2.0/armtools/bin/../lib/gcc/arm-atollic-eabi/6.3.1/armv7-m/crti.o
                0x08003034                _init
 .init          0x08003038        0x8 c:/program files (x86)/atollic/truestudio for stm32 9.2.0/armtools/bin/../lib/gcc/arm-atollic-eabi/6.3.1/armv7-m/crtn.o
 *(.fini)
 .fini          0x08003040        0x4 c:/program files (x86)/atollic/truestudio for stm32 9.2.0/armtools/bin/../lib/gcc/arm-atollic-eabi/6.3.1/armv7-m/crti.o
                0x08003040                _fini
 .fini          0x08003044        0x8 c:/program files (x86)/atollic/truestudio for stm32 9.2.0/armtools/bin/../lib/gcc/arm-atollic-eabi/6.3.1/armv7-m/crtn.o
                0x0800304c                . = ALIGN (0x4)
                0x0800304c                _etext = .

.vfp11_veneer   0x0800304c        0x0
 .vfp11_veneer  0x0800304c        0x0 linker stubs

.v4_bx          0x0800304c        0x0
 .v4_bx         0x0800304c        0x0 linker stubs

.iplt           0x0800304c        0x0
 .iplt          0x0800304c        0x0 c:/program files (x86)/atollic/truestudio for stm32 9.2.0/armtools/bin/../lib/gcc/arm-atollic-eabi/6.3.1/armv7-m/crtbegin.o

.rodata         0x0800304c       0x30
                0x0800304c                . = ALIGN (0x4)
 *(.rodata)
 *(.rodata*)
 .rodata.ramPattern
                0x0800304c       0x14 Src\lcd.o
                0x0800304c                ramPattern
 .rodata.PLLMulTable
                0x08003060        0x9 Src\system_stm32l1xx.o
                0x08003060                PLLMulTable
 *fill*         0x08003069        0x3 
 .rodata.AHBPrescTable
                0x0800306c       0x10 Src\system_stm32l1xx.o
                0x0800306c                AHBPrescTable
                0x0800307c                . = ALIGN (0x4)

.rel.dyn        0x0800307c        0x0
 .rel.iplt      0x0800307c        0x0 c:/program files (x86)/atollic/truestudio for stm32 9.2.0/armtools/bin/../lib/gcc/arm-atollic-eabi/6.3.1/armv7-m/crtbegin.o

.ARM.extab
 *(.ARM.extab* .gnu.linkonce.armextab.*)

.ARM            0x0800307c        0x0
                0x0800307c                __exidx_start = .
 *(.ARM.exidx*)
                0x0800307c                __exidx_end = .

.preinit_array  0x0800307c        0x0
                0x0800307c                PROVIDE (__preinit_array_start, .)
 *(.preinit_array*)
                0x0800307c                PROVIDE (__preinit_array_end, .)

.init_array     0x0800307c        0x4
                0x0800307c                PROVIDE (__init_array_start, .)
 *(SORT(.init_array.*))
 *(.init_array*)
 .init_array    0x0800307c        0x4 c:/program files (x86)/atollic/truestudio for stm32 9.2.0/armtools/bin/../lib/gcc/arm-atollic-eabi/6.3.1/armv7-m/crtbegin.o
                0x08003080                PROVIDE (__init_array_end, .)

.fini_array     0x08003080        0x4
                [!provide]                PROVIDE (__fini_array_start, .)
 *(SORT(.fini_array.*))
 *(.fini_array*)
 .fini_array    0x08003080        0x4 c:/program files (x86)/atollic/truestudio for stm32 9.2.0/armtools/bin/../lib/gcc/arm-atollic-eabi/6.3.1/armv7-m/crtbegin.o
                [!provide]                PROVIDE (__fini_array_end, .)
                0x08003084                _sidata = LOADADDR (.data)

.data           0x20000000        0x4 load address 0x08003084
                0x20000000                . = ALIGN (0x4)
                0x20000000                _sdata = .
 *(.data)
 *(.data*)
 .data.SystemCoreClock
                0x20000000        0x4 Src\system_stm32l1xx.o
                0x20000000                SystemCoreClock
                0x20000004                . = ALIGN (0x4)
                0x20000004                _edata = .

.igot.plt       0x20000004        0x0 load address 0x08003088
 .igot.plt      0x20000004        0x0 c:/program files (x86)/atollic/truestudio for stm32 9.2.0/armtools/bin/../lib/gcc/arm-atollic-eabi/6.3.1/armv7-m/crtbegin.o
                0x20000004                . = ALIGN (0x4)

.bss            0x20000004       0xd0 load address 0x08003088
                0x20000004                _sbss = .
                0x20000004                __bss_start__ = _sbss
 *(.bss)
 .bss           0x20000004       0x1c c:/program files (x86)/atollic/truestudio for stm32 9.2.0/armtools/bin/../lib/gcc/arm-atollic-eabi/6.3.1/armv7-m/crtbegin.o
 *(.bss*)
 *(COMMON)
 COMMON         0x20000020        0x4 Drivers\STM32L1xx_HAL_Driver\Src\stm32l1xx_hal.o
                0x20000020                uwTick
 COMMON         0x20000024       0xb0 Src\main.o
                0x20000024                hrtc
                0x20000044                hlcd
                0x20000080                hadc
                0x200000d4                . = ALIGN (0x4)
                0x200000d4                _ebss = .
                0x200000d4                __bss_end__ = _ebss

._user_heap_stack
                0x200000d4      0x600 load address 0x08003088
                0x200000d4                . = ALIGN (0x4)
                [!provide]                PROVIDE (end, .)
                [!provide]                PROVIDE (_end, .)
                0x200002d4                . = (. + _Min_Heap_Size)
 *fill*         0x200000d4      0x200 
                0x200006d4                . = (. + _Min_Stack_Size)
 *fill*         0x200002d4      0x400 
                0x200006d4                . = ALIGN (0x4)

/DISCARD/
 libc.a(*)
 libm.a(*)
 libgcc.a(*)

.ARM.attributes
                0x00000000       0x29
 *(.ARM.attributes)
 .ARM.attributes
                0x00000000       0x1d c:/program files (x86)/atollic/truestudio for stm32 9.2.0/armtools/bin/../lib/gcc/arm-atollic-eabi/6.3.1/armv7-m/crti.o
 .ARM.attributes
                0x0000001d       0x2d c:/program files (x86)/atollic/truestudio for stm32 9.2.0/armtools/bin/../lib/gcc/arm-atollic-eabi/6.3.1/armv7-m/crtbegin.o
 .ARM.attributes
                0x0000004a       0x33 Drivers\STM32L1xx_HAL_Driver\Src\stm32l1xx_hal.o
 .ARM.attributes
                0x0000007d       0x33 Drivers\STM32L1xx_HAL_Driver\Src\stm32l1xx_hal_adc.o
 .ARM.attributes
                0x000000b0       0x33 Drivers\STM32L1xx_HAL_Driver\Src\stm32l1xx_hal_cortex.o
 .ARM.attributes
                0x000000e3       0x33 Drivers\STM32L1xx_HAL_Driver\Src\stm32l1xx_hal_gpio.o
 .ARM.attributes
                0x00000116       0x33 Drivers\STM32L1xx_HAL_Driver\Src\stm32l1xx_hal_lcd.o
 .ARM.attributes
                0x00000149       0x33 Drivers\STM32L1xx_HAL_Driver\Src\stm32l1xx_hal_rcc.o
 .ARM.attributes
                0x0000017c       0x33 Drivers\STM32L1xx_HAL_Driver\Src\stm32l1xx_hal_rcc_ex.o
 .ARM.attributes
                0x000001af       0x33 Drivers\STM32L1xx_HAL_Driver\Src\stm32l1xx_hal_rtc.o
 .ARM.attributes
                0x000001e2       0x33 Src\lcd.o
 .ARM.attributes
                0x00000215       0x33 Src\main.o
 .ARM.attributes
                0x00000248       0x33 Src\stm32l1xx_hal_msp.o
 .ARM.attributes
                0x0000027b       0x33 Src\stm32l1xx_it.o
 .ARM.attributes
                0x000002ae       0x33 Src\system_stm32l1xx.o
 .ARM.attributes
                0x000002e1       0x21 startup\startup_stm32l152xc.o
 .ARM.attributes
                0x00000302       0x2d c:/program files (x86)/atollic/truestudio for stm32 9.2.0/armtools/bin/../lib/gcc/arm-atollic-eabi/6.3.1/../../../../arm-atollic-eabi/lib/armv7-m\libc_nano.a(lib_a-init.o)
 .ARM.attributes
                0x0000032f       0x2d c:/program files (x86)/atollic/truestudio for stm32 9.2.0/armtools/bin/../lib/gcc/arm-atollic-eabi/6.3.1/../../../../arm-atollic-eabi/lib/armv7-m\libc_nano.a(lib_a-memset.o)
 .ARM.attributes
                0x0000035c       0x1d c:/program files (x86)/atollic/truestudio for stm32 9.2.0/armtools/bin/../lib/gcc/arm-atollic-eabi/6.3.1/armv7-m/crtn.o
OUTPUT(sample05_1.elf elf32-littlearm)

.debug_info     0x00000000     0xe6a5
 .debug_info    0x00000000      0xe1c Drivers\STM32L1xx_HAL_Driver\Src\stm32l1xx_hal.o
 .debug_info    0x00000e1c     0x16d0 Drivers\STM32L1xx_HAL_Driver\Src\stm32l1xx_hal_adc.o
 .debug_info    0x000024ec     0x1563 Drivers\STM32L1xx_HAL_Driver\Src\stm32l1xx_hal_cortex.o
 .debug_info    0x00003a4f      0xe8c Drivers\STM32L1xx_HAL_Driver\Src\stm32l1xx_hal_gpio.o
 .debug_info    0x000048db      0xd9b Drivers\STM32L1xx_HAL_Driver\Src\stm32l1xx_hal_lcd.o
 .debug_info    0x00005676     0x1dae Drivers\STM32L1xx_HAL_Driver\Src\stm32l1xx_hal_rcc.o
 .debug_info    0x00007424      0xe30 Drivers\STM32L1xx_HAL_Driver\Src\stm32l1xx_hal_rcc_ex.o
 .debug_info    0x00008254     0x11d6 Drivers\STM32L1xx_HAL_Driver\Src\stm32l1xx_hal_rtc.o
 .debug_info    0x0000942a      0xba3 Src\lcd.o
 .debug_info    0x00009fcd     0x1884 Src\main.o
 .debug_info    0x0000b851     0x1791 Src\stm32l1xx_hal_msp.o
 .debug_info    0x0000cfe2      0x9e8 Src\stm32l1xx_it.o
 .debug_info    0x0000d9ca      0xc64 Src\system_stm32l1xx.o
 .debug_info    0x0000e62e       0x77 startup\startup_stm32l152xc.o

.debug_abbrev   0x00000000     0x1f52
 .debug_abbrev  0x00000000      0x266 Drivers\STM32L1xx_HAL_Driver\Src\stm32l1xx_hal.o
 .debug_abbrev  0x00000266      0x2c1 Drivers\STM32L1xx_HAL_Driver\Src\stm32l1xx_hal_adc.o
 .debug_abbrev  0x00000527      0x33d Drivers\STM32L1xx_HAL_Driver\Src\stm32l1xx_hal_cortex.o
 .debug_abbrev  0x00000864      0x24c Drivers\STM32L1xx_HAL_Driver\Src\stm32l1xx_hal_gpio.o
 .debug_abbrev  0x00000ab0      0x252 Drivers\STM32L1xx_HAL_Driver\Src\stm32l1xx_hal_lcd.o
 .debug_abbrev  0x00000d02      0x2fc Drivers\STM32L1xx_HAL_Driver\Src\stm32l1xx_hal_rcc.o
 .debug_abbrev  0x00000ffe      0x2e6 Drivers\STM32L1xx_HAL_Driver\Src\stm32l1xx_hal_rcc_ex.o
 .debug_abbrev  0x000012e4      0x250 Drivers\STM32L1xx_HAL_Driver\Src\stm32l1xx_hal_rtc.o
 .debug_abbrev  0x00001534      0x1cc Src\lcd.o
 .debug_abbrev  0x00001700      0x286 Src\main.o
 .debug_abbrev  0x00001986      0x260 Src\stm32l1xx_hal_msp.o
 .debug_abbrev  0x00001be6      0x190 Src\stm32l1xx_it.o
 .debug_abbrev  0x00001d76      0x1ca Src\system_stm32l1xx.o
 .debug_abbrev  0x00001f40       0x12 startup\startup_stm32l152xc.o

.debug_aranges  0x00000000      0x668
 .debug_aranges
                0x00000000       0xb0 Drivers\STM32L1xx_HAL_Driver\Src\stm32l1xx_hal.o
 .debug_aranges
                0x000000b0       0xf0 Drivers\STM32L1xx_HAL_Driver\Src\stm32l1xx_hal_adc.o
 .debug_aranges
                0x000001a0      0x118 Drivers\STM32L1xx_HAL_Driver\Src\stm32l1xx_hal_cortex.o
 .debug_aranges
                0x000002b8       0x58 Drivers\STM32L1xx_HAL_Driver\Src\stm32l1xx_hal_gpio.o
 .debug_aranges
                0x00000310       0x68 Drivers\STM32L1xx_HAL_Driver\Src\stm32l1xx_hal_lcd.o
 .debug_aranges
                0x00000378       0x90 Drivers\STM32L1xx_HAL_Driver\Src\stm32l1xx_hal_rcc.o
 .debug_aranges
                0x00000408       0x58 Drivers\STM32L1xx_HAL_Driver\Src\stm32l1xx_hal_rcc_ex.o
 .debug_aranges
                0x00000460       0x90 Drivers\STM32L1xx_HAL_Driver\Src\stm32l1xx_hal_rtc.o
 .debug_aranges
                0x000004f0       0x20 Src\lcd.o
 .debug_aranges
                0x00000510       0x58 Src\main.o
 .debug_aranges
                0x00000568       0x50 Src\stm32l1xx_hal_msp.o
 .debug_aranges
                0x000005b8       0x60 Src\stm32l1xx_it.o
 .debug_aranges
                0x00000618       0x28 Src\system_stm32l1xx.o
 .debug_aranges
                0x00000640       0x28 startup\startup_stm32l152xc.o

.debug_ranges   0x00000000      0x590
 .debug_ranges  0x00000000       0xa0 Drivers\STM32L1xx_HAL_Driver\Src\stm32l1xx_hal.o
 .debug_ranges  0x000000a0       0xe0 Drivers\STM32L1xx_HAL_Driver\Src\stm32l1xx_hal_adc.o
 .debug_ranges  0x00000180      0x108 Drivers\STM32L1xx_HAL_Driver\Src\stm32l1xx_hal_cortex.o
 .debug_ranges  0x00000288       0x48 Drivers\STM32L1xx_HAL_Driver\Src\stm32l1xx_hal_gpio.o
 .debug_ranges  0x000002d0       0x58 Drivers\STM32L1xx_HAL_Driver\Src\stm32l1xx_hal_lcd.o
 .debug_ranges  0x00000328       0x80 Drivers\STM32L1xx_HAL_Driver\Src\stm32l1xx_hal_rcc.o
 .debug_ranges  0x000003a8       0x48 Drivers\STM32L1xx_HAL_Driver\Src\stm32l1xx_hal_rcc_ex.o
 .debug_ranges  0x000003f0       0x80 Drivers\STM32L1xx_HAL_Driver\Src\stm32l1xx_hal_rtc.o
 .debug_ranges  0x00000470       0x10 Src\lcd.o
 .debug_ranges  0x00000480       0x48 Src\main.o
 .debug_ranges  0x000004c8       0x40 Src\stm32l1xx_hal_msp.o
 .debug_ranges  0x00000508       0x50 Src\stm32l1xx_it.o
 .debug_ranges  0x00000558       0x18 Src\system_stm32l1xx.o
 .debug_ranges  0x00000570       0x20 startup\startup_stm32l152xc.o

.debug_line     0x00000000     0x3df2
 .debug_line    0x00000000      0x3ef Drivers\STM32L1xx_HAL_Driver\Src\stm32l1xx_hal.o
 .debug_line    0x000003ef      0x781 Drivers\STM32L1xx_HAL_Driver\Src\stm32l1xx_hal_adc.o
 .debug_line    0x00000b70      0x5c7 Drivers\STM32L1xx_HAL_Driver\Src\stm32l1xx_hal_cortex.o
 .debug_line    0x00001137      0x445 Drivers\STM32L1xx_HAL_Driver\Src\stm32l1xx_hal_gpio.o
 .debug_line    0x0000157c      0x435 Drivers\STM32L1xx_HAL_Driver\Src\stm32l1xx_hal_lcd.o
 .debug_line    0x000019b1      0xade Drivers\STM32L1xx_HAL_Driver\Src\stm32l1xx_hal_rcc.o
 .debug_line    0x0000248f      0x43f Drivers\STM32L1xx_HAL_Driver\Src\stm32l1xx_hal_rcc_ex.o
 .debug_line    0x000028ce      0x4dd Drivers\STM32L1xx_HAL_Driver\Src\stm32l1xx_hal_rtc.o
 .debug_line    0x00002dab      0x2b7 Src\lcd.o
 .debug_line    0x00003062      0x40f Src\main.o
 .debug_line    0x00003471      0x3c8 Src\stm32l1xx_hal_msp.o
 .debug_line    0x00003839      0x2c6 Src\stm32l1xx_it.o
 .debug_line    0x00003aff      0x276 Src\system_stm32l1xx.o
 .debug_line    0x00003d75       0x7d startup\startup_stm32l152xc.o

.debug_str      0x00000000     0x2508
 .debug_str     0x00000000      0xb5b Drivers\STM32L1xx_HAL_Driver\Src\stm32l1xx_hal.o
                                0xbeb (size before relaxing)
 .debug_str     0x00000b5b      0x69e Drivers\STM32L1xx_HAL_Driver\Src\stm32l1xx_hal_adc.o
                                0xdb4 (size before relaxing)
 .debug_str     0x000011f9      0x439 Drivers\STM32L1xx_HAL_Driver\Src\stm32l1xx_hal_cortex.o
                                0xed2 (size before relaxing)
 .debug_str     0x00001632      0x1c6 Drivers\STM32L1xx_HAL_Driver\Src\stm32l1xx_hal_gpio.o
                                0x89e (size before relaxing)
 .debug_str     0x000017f8      0x222 Drivers\STM32L1xx_HAL_Driver\Src\stm32l1xx_hal_lcd.o
                                0x8e2 (size before relaxing)
 .debug_str     0x00001a1a      0x372 Drivers\STM32L1xx_HAL_Driver\Src\stm32l1xx_hal_rcc.o
                                0xad9 (size before relaxing)
 .debug_str     0x00001d8c      0x19a Drivers\STM32L1xx_HAL_Driver\Src\stm32l1xx_hal_rcc_ex.o
                                0x8c0 (size before relaxing)
 .debug_str     0x00001f26      0x415 Drivers\STM32L1xx_HAL_Driver\Src\stm32l1xx_hal_rtc.o
                                0xaf7 (size before relaxing)
 .debug_str     0x0000233b       0x30 Src\lcd.o
                                0x7b8 (size before relaxing)
 .debug_str     0x0000236b       0x80 Src\main.o
                               0x1061 (size before relaxing)
 .debug_str     0x000023eb       0x1b Src\stm32l1xx_hal_msp.o
                                0xe78 (size before relaxing)
 .debug_str     0x00002406       0xa6 Src\stm32l1xx_it.o
                                0x6b3 (size before relaxing)
 .debug_str     0x000024ac       0x5c Src\system_stm32l1xx.o
                                0x72c (size before relaxing)

.comment        0x00000000       0x7c
 .comment       0x00000000       0x7c Drivers\STM32L1xx_HAL_Driver\Src\stm32l1xx_hal.o
                                 0x7d (size before relaxing)
 .comment       0x0000007c       0x7d Drivers\STM32L1xx_HAL_Driver\Src\stm32l1xx_hal_adc.o
 .comment       0x0000007c       0x7d Drivers\STM32L1xx_HAL_Driver\Src\stm32l1xx_hal_cortex.o
 .comment       0x0000007c       0x7d Drivers\STM32L1xx_HAL_Driver\Src\stm32l1xx_hal_gpio.o
 .comment       0x0000007c       0x7d Drivers\STM32L1xx_HAL_Driver\Src\stm32l1xx_hal_lcd.o
 .comment       0x0000007c       0x7d Drivers\STM32L1xx_HAL_Driver\Src\stm32l1xx_hal_rcc.o
 .comment       0x0000007c       0x7d Drivers\STM32L1xx_HAL_Driver\Src\stm32l1xx_hal_rcc_ex.o
 .comment       0x0000007c       0x7d Drivers\STM32L1xx_HAL_Driver\Src\stm32l1xx_hal_rtc.o
 .comment       0x0000007c       0x7d Src\lcd.o
 .comment       0x0000007c       0x7d Src\main.o
 .comment       0x0000007c       0x7d Src\stm32l1xx_hal_msp.o
 .comment       0x0000007c       0x7d Src\stm32l1xx_it.o
 .comment       0x0000007c       0x7d Src\system_stm32l1xx.o

.debug_frame    0x00000000     0x17c4
 .debug_frame   0x00000000      0x270 Drivers\STM32L1xx_HAL_Driver\Src\stm32l1xx_hal.o
 .debug_frame   0x00000270      0x410 Drivers\STM32L1xx_HAL_Driver\Src\stm32l1xx_hal_adc.o
 .debug_frame   0x00000680      0x498 Drivers\STM32L1xx_HAL_Driver\Src\stm32l1xx_hal_cortex.o
 .debug_frame   0x00000b18      0x14c Drivers\STM32L1xx_HAL_Driver\Src\stm32l1xx_hal_gpio.o
 .debug_frame   0x00000c64      0x188 Drivers\STM32L1xx_HAL_Driver\Src\stm32l1xx_hal_lcd.o
 .debug_frame   0x00000dec      0x240 Drivers\STM32L1xx_HAL_Driver\Src\stm32l1xx_hal_rcc.o
 .debug_frame   0x0000102c      0x13c Drivers\STM32L1xx_HAL_Driver\Src\stm32l1xx_hal_rcc_ex.o
 .debug_frame   0x00001168      0x250 Drivers\STM32L1xx_HAL_Driver\Src\stm32l1xx_hal_rtc.o
 .debug_frame   0x000013b8       0x38 Src\lcd.o
 .debug_frame   0x000013f0      0x110 Src\main.o
 .debug_frame   0x00001500      0x114 Src\stm32l1xx_hal_msp.o
 .debug_frame   0x00001614      0x10c Src\stm32l1xx_it.o
 .debug_frame   0x00001720       0x58 Src\system_stm32l1xx.o
 .debug_frame   0x00001778       0x2c c:/program files (x86)/atollic/truestudio for stm32 9.2.0/armtools/bin/../lib/gcc/arm-atollic-eabi/6.3.1/../../../../arm-atollic-eabi/lib/armv7-m\libc_nano.a(lib_a-init.o)
 .debug_frame   0x000017a4       0x20 c:/program files (x86)/atollic/truestudio for stm32 9.2.0/armtools/bin/../lib/gcc/arm-atollic-eabi/6.3.1/../../../../arm-atollic-eabi/lib/armv7-m\libc_nano.a(lib_a-memset.o)
