Archive member included to satisfy reference by file (symbol)

c:/program files (x86)/atollic/truestudio for stm32 9.2.0/armtools/bin/../lib/gcc/arm-atollic-eabi/6.3.1/../../../../arm-atollic-eabi/lib/armv7-m\libc_nano.a(lib_a-init.o)
                              startup\startup_stm32l152xc.o (__libc_init_array)
c:/program files (x86)/atollic/truestudio for stm32 9.2.0/armtools/bin/../lib/gcc/arm-atollic-eabi/6.3.1/../../../../arm-atollic-eabi/lib/armv7-m\libc_nano.a(lib_a-memset.o)
                              Src\main.o (memset)

Allocating common symbols
Common symbol       size              file

uwTick              0x4               Drivers\STM32L1xx_HAL_Driver\Src\stm32l1xx_hal.o
pFlash              0x18              Drivers\STM32L1xx_HAL_Driver\Src\stm32l1xx_hal_flash.o
htim6               0x38              Src\main.o
hlcd                0x3c              Src\main.o
hadc                0x54              Src\main.o

Discarded input sections

 .text          0x00000000        0x0 c:/program files (x86)/atollic/truestudio for stm32 9.2.0/armtools/bin/../lib/gcc/arm-atollic-eabi/6.3.1/armv7-m/crti.o
 .data          0x00000000        0x0 c:/program files (x86)/atollic/truestudio for stm32 9.2.0/armtools/bin/../lib/gcc/arm-atollic-eabi/6.3.1/armv7-m/crti.o
 .bss           0x00000000        0x0 c:/program files (x86)/atollic/truestudio for stm32 9.2.0/armtools/bin/../lib/gcc/arm-atollic-eabi/6.3.1/armv7-m/crti.o
 .data          0x00000000        0x4 c:/program files (x86)/atollic/truestudio for stm32 9.2.0/armtools/bin/../lib/gcc/arm-atollic-eabi/6.3.1/armv7-m/crtbegin.o
 .text          0x00000000        0x0 Drivers\STM32L1xx_HAL_Driver\Src\stm32l1xx_hal.o
 .data          0x00000000        0x0 Drivers\STM32L1xx_HAL_Driver\Src\stm32l1xx_hal.o
 .bss           0x00000000        0x0 Drivers\STM32L1xx_HAL_Driver\Src\stm32l1xx_hal.o
 .text.HAL_MspInit
                0x00000000        0x2 Drivers\STM32L1xx_HAL_Driver\Src\stm32l1xx_hal.o
 .text.HAL_MspDeInit
                0x00000000        0x2 Drivers\STM32L1xx_HAL_Driver\Src\stm32l1xx_hal.o
 .text.HAL_DeInit
                0x00000000       0x24 Drivers\STM32L1xx_HAL_Driver\Src\stm32l1xx_hal.o
 .text.HAL_Delay
                0x00000000       0x1a Drivers\STM32L1xx_HAL_Driver\Src\stm32l1xx_hal.o
 .text.HAL_SuspendTick
                0x00000000       0x10 Drivers\STM32L1xx_HAL_Driver\Src\stm32l1xx_hal.o
 .text.HAL_ResumeTick
                0x00000000       0x10 Drivers\STM32L1xx_HAL_Driver\Src\stm32l1xx_hal.o
 .text.HAL_GetHalVersion
                0x00000000        0x8 Drivers\STM32L1xx_HAL_Driver\Src\stm32l1xx_hal.o
 .text.HAL_GetREVID
                0x00000000        0xc Drivers\STM32L1xx_HAL_Driver\Src\stm32l1xx_hal.o
 .text.HAL_GetDEVID
                0x00000000       0x10 Drivers\STM32L1xx_HAL_Driver\Src\stm32l1xx_hal.o
 .text.HAL_DBGMCU_EnableDBGSleepMode
                0x00000000       0x10 Drivers\STM32L1xx_HAL_Driver\Src\stm32l1xx_hal.o
 .text.HAL_DBGMCU_DisableDBGSleepMode
                0x00000000       0x10 Drivers\STM32L1xx_HAL_Driver\Src\stm32l1xx_hal.o
 .text.HAL_DBGMCU_EnableDBGStopMode
                0x00000000       0x10 Drivers\STM32L1xx_HAL_Driver\Src\stm32l1xx_hal.o
 .text.HAL_DBGMCU_DisableDBGStopMode
                0x00000000       0x10 Drivers\STM32L1xx_HAL_Driver\Src\stm32l1xx_hal.o
 .text.HAL_DBGMCU_EnableDBGStandbyMode
                0x00000000       0x10 Drivers\STM32L1xx_HAL_Driver\Src\stm32l1xx_hal.o
 .text.HAL_DBGMCU_DisableDBGStandbyMode
                0x00000000       0x10 Drivers\STM32L1xx_HAL_Driver\Src\stm32l1xx_hal.o
 .text          0x00000000        0x0 Drivers\STM32L1xx_HAL_Driver\Src\stm32l1xx_hal_adc.o
 .data          0x00000000        0x0 Drivers\STM32L1xx_HAL_Driver\Src\stm32l1xx_hal_adc.o
 .bss           0x00000000        0x0 Drivers\STM32L1xx_HAL_Driver\Src\stm32l1xx_hal_adc.o
 .text.HAL_ADC_MspInit
                0x00000000        0x2 Drivers\STM32L1xx_HAL_Driver\Src\stm32l1xx_hal_adc.o
 .text.HAL_ADC_MspDeInit
                0x00000000        0x2 Drivers\STM32L1xx_HAL_Driver\Src\stm32l1xx_hal_adc.o
 .text.HAL_ADC_PollForConversion
                0x00000000       0xa4 Drivers\STM32L1xx_HAL_Driver\Src\stm32l1xx_hal_adc.o
 .text.HAL_ADC_PollForEvent
                0x00000000       0x66 Drivers\STM32L1xx_HAL_Driver\Src\stm32l1xx_hal_adc.o
 .text.HAL_ADC_GetValue
                0x00000000        0x6 Drivers\STM32L1xx_HAL_Driver\Src\stm32l1xx_hal_adc.o
 .text.HAL_ADC_ConvCpltCallback
                0x00000000        0x2 Drivers\STM32L1xx_HAL_Driver\Src\stm32l1xx_hal_adc.o
 .text.ADC_DMAConvCplt
                0x00000000       0x60 Drivers\STM32L1xx_HAL_Driver\Src\stm32l1xx_hal_adc.o
 .text.HAL_ADC_ConvHalfCpltCallback
                0x00000000        0x2 Drivers\STM32L1xx_HAL_Driver\Src\stm32l1xx_hal_adc.o
 .text.ADC_DMAHalfConvCplt
                0x00000000        0xa Drivers\STM32L1xx_HAL_Driver\Src\stm32l1xx_hal_adc.o
 .text.HAL_ADC_LevelOutOfWindowCallback
                0x00000000        0x2 Drivers\STM32L1xx_HAL_Driver\Src\stm32l1xx_hal_adc.o
 .text.HAL_ADC_ErrorCallback
                0x00000000        0x2 Drivers\STM32L1xx_HAL_Driver\Src\stm32l1xx_hal_adc.o
 .text.ADC_DMAError
                0x00000000       0x1a Drivers\STM32L1xx_HAL_Driver\Src\stm32l1xx_hal_adc.o
 .text.HAL_ADC_IRQHandler
                0x00000000      0x122 Drivers\STM32L1xx_HAL_Driver\Src\stm32l1xx_hal_adc.o
 .text.HAL_ADC_AnalogWDGConfig
                0x00000000       0x54 Drivers\STM32L1xx_HAL_Driver\Src\stm32l1xx_hal_adc.o
 .text.HAL_ADC_GetState
                0x00000000        0x4 Drivers\STM32L1xx_HAL_Driver\Src\stm32l1xx_hal_adc.o
 .text.HAL_ADC_GetError
                0x00000000        0x4 Drivers\STM32L1xx_HAL_Driver\Src\stm32l1xx_hal_adc.o
 .text.ADC_Enable
                0x00000000       0x74 Drivers\STM32L1xx_HAL_Driver\Src\stm32l1xx_hal_adc.o
 .text.HAL_ADC_Start
                0x00000000       0x6e Drivers\STM32L1xx_HAL_Driver\Src\stm32l1xx_hal_adc.o
 .text.HAL_ADC_Start_IT
                0x00000000       0x7c Drivers\STM32L1xx_HAL_Driver\Src\stm32l1xx_hal_adc.o
 .text.HAL_ADC_Start_DMA
                0x00000000       0xc0 Drivers\STM32L1xx_HAL_Driver\Src\stm32l1xx_hal_adc.o
 .text.ADC_ConversionStop_Disable
                0x00000000       0x44 Drivers\STM32L1xx_HAL_Driver\Src\stm32l1xx_hal_adc.o
 .text.HAL_ADC_DeInit
                0x00000000       0xd4 Drivers\STM32L1xx_HAL_Driver\Src\stm32l1xx_hal_adc.o
 .text.HAL_ADC_Stop
                0x00000000       0x34 Drivers\STM32L1xx_HAL_Driver\Src\stm32l1xx_hal_adc.o
 .text.HAL_ADC_Stop_IT
                0x00000000       0x3e Drivers\STM32L1xx_HAL_Driver\Src\stm32l1xx_hal_adc.o
 .text.HAL_ADC_Stop_DMA
                0x00000000       0x56 Drivers\STM32L1xx_HAL_Driver\Src\stm32l1xx_hal_adc.o
 .text          0x00000000        0x0 Drivers\STM32L1xx_HAL_Driver\Src\stm32l1xx_hal_adc_ex.o
 .data          0x00000000        0x0 Drivers\STM32L1xx_HAL_Driver\Src\stm32l1xx_hal_adc_ex.o
 .bss           0x00000000        0x0 Drivers\STM32L1xx_HAL_Driver\Src\stm32l1xx_hal_adc_ex.o
 .text.HAL_ADCEx_InjectedStart
                0x00000000       0x5c Drivers\STM32L1xx_HAL_Driver\Src\stm32l1xx_hal_adc_ex.o
 .text.HAL_ADCEx_InjectedStop
                0x00000000       0x4e Drivers\STM32L1xx_HAL_Driver\Src\stm32l1xx_hal_adc_ex.o
 .text.HAL_ADCEx_InjectedPollForConversion
                0x00000000      0x114 Drivers\STM32L1xx_HAL_Driver\Src\stm32l1xx_hal_adc_ex.o
 .text.HAL_ADCEx_InjectedStart_IT
                0x00000000       0x64 Drivers\STM32L1xx_HAL_Driver\Src\stm32l1xx_hal_adc_ex.o
 .text.HAL_ADCEx_InjectedStop_IT
                0x00000000       0x58 Drivers\STM32L1xx_HAL_Driver\Src\stm32l1xx_hal_adc_ex.o
 .text.HAL_ADCEx_InjectedGetValue
                0x00000000       0x1e Drivers\STM32L1xx_HAL_Driver\Src\stm32l1xx_hal_adc_ex.o
 .text.HAL_ADCEx_InjectedConvCpltCallback
                0x00000000        0x2 Drivers\STM32L1xx_HAL_Driver\Src\stm32l1xx_hal_adc_ex.o
 .text.HAL_ADCEx_InjectedConfigChannel
                0x00000000      0x204 Drivers\STM32L1xx_HAL_Driver\Src\stm32l1xx_hal_adc_ex.o
 .debug_info    0x00000000     0x11e6 Drivers\STM32L1xx_HAL_Driver\Src\stm32l1xx_hal_adc_ex.o
 .debug_abbrev  0x00000000      0x2e2 Drivers\STM32L1xx_HAL_Driver\Src\stm32l1xx_hal_adc_ex.o
 .debug_loc     0x00000000      0x4ff Drivers\STM32L1xx_HAL_Driver\Src\stm32l1xx_hal_adc_ex.o
 .debug_aranges
                0x00000000       0x58 Drivers\STM32L1xx_HAL_Driver\Src\stm32l1xx_hal_adc_ex.o
 .debug_ranges  0x00000000       0x48 Drivers\STM32L1xx_HAL_Driver\Src\stm32l1xx_hal_adc_ex.o
 .debug_line    0x00000000      0x58b Drivers\STM32L1xx_HAL_Driver\Src\stm32l1xx_hal_adc_ex.o
 .debug_str     0x00000000      0xcbe Drivers\STM32L1xx_HAL_Driver\Src\stm32l1xx_hal_adc_ex.o
 .comment       0x00000000       0x7d Drivers\STM32L1xx_HAL_Driver\Src\stm32l1xx_hal_adc_ex.o
 .debug_frame   0x00000000       0xd8 Drivers\STM32L1xx_HAL_Driver\Src\stm32l1xx_hal_adc_ex.o
 .ARM.attributes
                0x00000000       0x33 Drivers\STM32L1xx_HAL_Driver\Src\stm32l1xx_hal_adc_ex.o
 .text          0x00000000        0x0 Drivers\STM32L1xx_HAL_Driver\Src\stm32l1xx_hal_cortex.o
 .data          0x00000000        0x0 Drivers\STM32L1xx_HAL_Driver\Src\stm32l1xx_hal_cortex.o
 .bss           0x00000000        0x0 Drivers\STM32L1xx_HAL_Driver\Src\stm32l1xx_hal_cortex.o
 .text.HAL_NVIC_DisableIRQ
                0x00000000       0x1c Drivers\STM32L1xx_HAL_Driver\Src\stm32l1xx_hal_cortex.o
 .text.HAL_NVIC_SystemReset
                0x00000000       0x24 Drivers\STM32L1xx_HAL_Driver\Src\stm32l1xx_hal_cortex.o
 .text.HAL_MPU_Enable
                0x00000000       0x18 Drivers\STM32L1xx_HAL_Driver\Src\stm32l1xx_hal_cortex.o
 .text.HAL_MPU_Disable
                0x00000000       0x10 Drivers\STM32L1xx_HAL_Driver\Src\stm32l1xx_hal_cortex.o
 .text.HAL_MPU_ConfigRegion
                0x00000000       0x50 Drivers\STM32L1xx_HAL_Driver\Src\stm32l1xx_hal_cortex.o
 .text.HAL_NVIC_GetPriorityGrouping
                0x00000000       0x10 Drivers\STM32L1xx_HAL_Driver\Src\stm32l1xx_hal_cortex.o
 .text.HAL_NVIC_GetPriority
                0x00000000       0x5c Drivers\STM32L1xx_HAL_Driver\Src\stm32l1xx_hal_cortex.o
 .text.HAL_NVIC_SetPendingIRQ
                0x00000000       0x1c Drivers\STM32L1xx_HAL_Driver\Src\stm32l1xx_hal_cortex.o
 .text.HAL_NVIC_GetPendingIRQ
                0x00000000       0x1c Drivers\STM32L1xx_HAL_Driver\Src\stm32l1xx_hal_cortex.o
 .text.HAL_NVIC_ClearPendingIRQ
                0x00000000       0x1c Drivers\STM32L1xx_HAL_Driver\Src\stm32l1xx_hal_cortex.o
 .text.HAL_NVIC_GetActive
                0x00000000       0x1c Drivers\STM32L1xx_HAL_Driver\Src\stm32l1xx_hal_cortex.o
 .text.HAL_SYSTICK_CLKSourceConfig
                0x00000000       0x18 Drivers\STM32L1xx_HAL_Driver\Src\stm32l1xx_hal_cortex.o
 .text.HAL_SYSTICK_Callback
                0x00000000        0x2 Drivers\STM32L1xx_HAL_Driver\Src\stm32l1xx_hal_cortex.o
 .text.HAL_SYSTICK_IRQHandler
                0x00000000        0x8 Drivers\STM32L1xx_HAL_Driver\Src\stm32l1xx_hal_cortex.o
 .text          0x00000000        0x0 Drivers\STM32L1xx_HAL_Driver\Src\stm32l1xx_hal_dma.o
 .data          0x00000000        0x0 Drivers\STM32L1xx_HAL_Driver\Src\stm32l1xx_hal_dma.o
 .bss           0x00000000        0x0 Drivers\STM32L1xx_HAL_Driver\Src\stm32l1xx_hal_dma.o
 .text.HAL_DMA_Init
                0x00000000       0x90 Drivers\STM32L1xx_HAL_Driver\Src\stm32l1xx_hal_dma.o
 .text.HAL_DMA_DeInit
                0x00000000       0x70 Drivers\STM32L1xx_HAL_Driver\Src\stm32l1xx_hal_dma.o
 .text.HAL_DMA_Start
                0x00000000       0x5e Drivers\STM32L1xx_HAL_Driver\Src\stm32l1xx_hal_dma.o
 .text.HAL_DMA_Start_IT
                0x00000000       0x7c Drivers\STM32L1xx_HAL_Driver\Src\stm32l1xx_hal_dma.o
 .text.HAL_DMA_Abort
                0x00000000       0x2c Drivers\STM32L1xx_HAL_Driver\Src\stm32l1xx_hal_dma.o
 .text.HAL_DMA_Abort_IT
                0x00000000       0x48 Drivers\STM32L1xx_HAL_Driver\Src\stm32l1xx_hal_dma.o
 .text.HAL_DMA_PollForTransfer
                0x00000000       0xc6 Drivers\STM32L1xx_HAL_Driver\Src\stm32l1xx_hal_dma.o
 .text.HAL_DMA_IRQHandler
                0x00000000       0x90 Drivers\STM32L1xx_HAL_Driver\Src\stm32l1xx_hal_dma.o
 .text.HAL_DMA_RegisterCallback
                0x00000000       0x46 Drivers\STM32L1xx_HAL_Driver\Src\stm32l1xx_hal_dma.o
 .text.HAL_DMA_UnRegisterCallback
                0x00000000       0x4e Drivers\STM32L1xx_HAL_Driver\Src\stm32l1xx_hal_dma.o
 .text.HAL_DMA_GetState
                0x00000000        0x6 Drivers\STM32L1xx_HAL_Driver\Src\stm32l1xx_hal_dma.o
 .text.HAL_DMA_GetError
                0x00000000        0x4 Drivers\STM32L1xx_HAL_Driver\Src\stm32l1xx_hal_dma.o
 .debug_info    0x00000000     0x1026 Drivers\STM32L1xx_HAL_Driver\Src\stm32l1xx_hal_dma.o
 .debug_abbrev  0x00000000      0x29e Drivers\STM32L1xx_HAL_Driver\Src\stm32l1xx_hal_dma.o
 .debug_loc     0x00000000      0x5c6 Drivers\STM32L1xx_HAL_Driver\Src\stm32l1xx_hal_dma.o
 .debug_aranges
                0x00000000       0x78 Drivers\STM32L1xx_HAL_Driver\Src\stm32l1xx_hal_dma.o
 .debug_ranges  0x00000000       0xa8 Drivers\STM32L1xx_HAL_Driver\Src\stm32l1xx_hal_dma.o
 .debug_line    0x00000000      0x56d Drivers\STM32L1xx_HAL_Driver\Src\stm32l1xx_hal_dma.o
 .debug_str     0x00000000      0xa8d Drivers\STM32L1xx_HAL_Driver\Src\stm32l1xx_hal_dma.o
 .comment       0x00000000       0x7d Drivers\STM32L1xx_HAL_Driver\Src\stm32l1xx_hal_dma.o
 .debug_frame   0x00000000      0x13c Drivers\STM32L1xx_HAL_Driver\Src\stm32l1xx_hal_dma.o
 .ARM.attributes
                0x00000000       0x33 Drivers\STM32L1xx_HAL_Driver\Src\stm32l1xx_hal_dma.o
 .text          0x00000000        0x0 Drivers\STM32L1xx_HAL_Driver\Src\stm32l1xx_hal_flash.o
 .data          0x00000000        0x0 Drivers\STM32L1xx_HAL_Driver\Src\stm32l1xx_hal_flash.o
 .bss           0x00000000        0x0 Drivers\STM32L1xx_HAL_Driver\Src\stm32l1xx_hal_flash.o
 .text.FLASH_SetErrorCode
                0x00000000       0x78 Drivers\STM32L1xx_HAL_Driver\Src\stm32l1xx_hal_flash.o
 .text.HAL_FLASH_Program_IT
                0x00000000       0x3c Drivers\STM32L1xx_HAL_Driver\Src\stm32l1xx_hal_flash.o
 .text.HAL_FLASH_EndOfOperationCallback
                0x00000000        0x2 Drivers\STM32L1xx_HAL_Driver\Src\stm32l1xx_hal_flash.o
 .text.HAL_FLASH_OperationErrorCallback
                0x00000000        0x2 Drivers\STM32L1xx_HAL_Driver\Src\stm32l1xx_hal_flash.o
 .text.HAL_FLASH_IRQHandler
                0x00000000       0xd4 Drivers\STM32L1xx_HAL_Driver\Src\stm32l1xx_hal_flash.o
 .text.HAL_FLASH_Unlock
                0x00000000       0x40 Drivers\STM32L1xx_HAL_Driver\Src\stm32l1xx_hal_flash.o
 .text.HAL_FLASH_Lock
                0x00000000       0x14 Drivers\STM32L1xx_HAL_Driver\Src\stm32l1xx_hal_flash.o
 .text.HAL_FLASH_OB_Unlock
                0x00000000       0x40 Drivers\STM32L1xx_HAL_Driver\Src\stm32l1xx_hal_flash.o
 .text.HAL_FLASH_OB_Lock
                0x00000000       0x14 Drivers\STM32L1xx_HAL_Driver\Src\stm32l1xx_hal_flash.o
 .text.HAL_FLASH_GetError
                0x00000000        0xc Drivers\STM32L1xx_HAL_Driver\Src\stm32l1xx_hal_flash.o
 .text.FLASH_WaitForLastOperation
                0x00000000       0x60 Drivers\STM32L1xx_HAL_Driver\Src\stm32l1xx_hal_flash.o
 .text.HAL_FLASH_Program
                0x00000000       0x38 Drivers\STM32L1xx_HAL_Driver\Src\stm32l1xx_hal_flash.o
 .text.HAL_FLASH_OB_Launch
                0x00000000       0x18 Drivers\STM32L1xx_HAL_Driver\Src\stm32l1xx_hal_flash.o
 .debug_info    0x00000000      0xdd0 Drivers\STM32L1xx_HAL_Driver\Src\stm32l1xx_hal_flash.o
 .debug_abbrev  0x00000000      0x328 Drivers\STM32L1xx_HAL_Driver\Src\stm32l1xx_hal_flash.o
 .debug_loc     0x00000000      0x1b2 Drivers\STM32L1xx_HAL_Driver\Src\stm32l1xx_hal_flash.o
 .debug_aranges
                0x00000000       0x78 Drivers\STM32L1xx_HAL_Driver\Src\stm32l1xx_hal_flash.o
 .debug_ranges  0x00000000       0x68 Drivers\STM32L1xx_HAL_Driver\Src\stm32l1xx_hal_flash.o
 .debug_line    0x00000000      0x490 Drivers\STM32L1xx_HAL_Driver\Src\stm32l1xx_hal_flash.o
 .debug_str     0x00000000      0x918 Drivers\STM32L1xx_HAL_Driver\Src\stm32l1xx_hal_flash.o
 .comment       0x00000000       0x7d Drivers\STM32L1xx_HAL_Driver\Src\stm32l1xx_hal_flash.o
 .debug_frame   0x00000000      0x114 Drivers\STM32L1xx_HAL_Driver\Src\stm32l1xx_hal_flash.o
 .ARM.attributes
                0x00000000       0x33 Drivers\STM32L1xx_HAL_Driver\Src\stm32l1xx_hal_flash.o
 COMMON         0x00000000       0x18 Drivers\STM32L1xx_HAL_Driver\Src\stm32l1xx_hal_flash.o
 .text          0x00000000        0x0 Drivers\STM32L1xx_HAL_Driver\Src\stm32l1xx_hal_flash_ex.o
 .data          0x00000000        0x0 Drivers\STM32L1xx_HAL_Driver\Src\stm32l1xx_hal_flash_ex.o
 .bss           0x00000000        0x0 Drivers\STM32L1xx_HAL_Driver\Src\stm32l1xx_hal_flash_ex.o
 .text.FLASH_OB_WRPConfigWRP1OrPCROP1
                0x00000000       0x40 Drivers\STM32L1xx_HAL_Driver\Src\stm32l1xx_hal_flash_ex.o
 .text.FLASH_OB_WRPConfigWRP2OrPCROP2
                0x00000000       0x40 Drivers\STM32L1xx_HAL_Driver\Src\stm32l1xx_hal_flash_ex.o
 .text.FLASH_OB_WRPConfig
                0x00000000       0x3c Drivers\STM32L1xx_HAL_Driver\Src\stm32l1xx_hal_flash_ex.o
 .text.FLASH_OB_PCROPConfig
                0x00000000       0x40 Drivers\STM32L1xx_HAL_Driver\Src\stm32l1xx_hal_flash_ex.o
 .text.HAL_FLASHEx_OBProgram
                0x00000000      0x100 Drivers\STM32L1xx_HAL_Driver\Src\stm32l1xx_hal_flash_ex.o
 .text.HAL_FLASHEx_OBGetConfig
                0x00000000       0x2c Drivers\STM32L1xx_HAL_Driver\Src\stm32l1xx_hal_flash_ex.o
 .text.HAL_FLASHEx_AdvOBProgram
                0x00000000       0x16 Drivers\STM32L1xx_HAL_Driver\Src\stm32l1xx_hal_flash_ex.o
 .text.HAL_FLASHEx_AdvOBGetConfig
                0x00000000       0x2c Drivers\STM32L1xx_HAL_Driver\Src\stm32l1xx_hal_flash_ex.o
 .text.HAL_FLASHEx_OB_SelectPCROP
                0x00000000       0x40 Drivers\STM32L1xx_HAL_Driver\Src\stm32l1xx_hal_flash_ex.o
 .text.HAL_FLASHEx_OB_DeSelectPCROP
                0x00000000       0x3c Drivers\STM32L1xx_HAL_Driver\Src\stm32l1xx_hal_flash_ex.o
 .text.HAL_FLASHEx_DATAEEPROM_Unlock
                0x00000000       0x24 Drivers\STM32L1xx_HAL_Driver\Src\stm32l1xx_hal_flash_ex.o
 .text.HAL_FLASHEx_DATAEEPROM_Lock
                0x00000000       0x14 Drivers\STM32L1xx_HAL_Driver\Src\stm32l1xx_hal_flash_ex.o
 .text.HAL_FLASHEx_DATAEEPROM_Erase
                0x00000000       0x3c Drivers\STM32L1xx_HAL_Driver\Src\stm32l1xx_hal_flash_ex.o
 .text.HAL_FLASHEx_DATAEEPROM_Program
                0x00000000       0xd4 Drivers\STM32L1xx_HAL_Driver\Src\stm32l1xx_hal_flash_ex.o
 .text.HAL_FLASHEx_DATAEEPROM_EnableFixedTimeProgram
                0x00000000       0x10 Drivers\STM32L1xx_HAL_Driver\Src\stm32l1xx_hal_flash_ex.o
 .text.HAL_FLASHEx_DATAEEPROM_DisableFixedTimeProgram
                0x00000000       0x10 Drivers\STM32L1xx_HAL_Driver\Src\stm32l1xx_hal_flash_ex.o
 .text.FLASH_PageErase
                0x00000000       0x28 Drivers\STM32L1xx_HAL_Driver\Src\stm32l1xx_hal_flash_ex.o
 .text.HAL_FLASHEx_Erase
                0x00000000       0x80 Drivers\STM32L1xx_HAL_Driver\Src\stm32l1xx_hal_flash_ex.o
 .text.HAL_FLASHEx_Erase_IT
                0x00000000       0x5c Drivers\STM32L1xx_HAL_Driver\Src\stm32l1xx_hal_flash_ex.o
 .debug_info    0x00000000     0x1a63 Drivers\STM32L1xx_HAL_Driver\Src\stm32l1xx_hal_flash_ex.o
 .debug_abbrev  0x00000000      0x3ac Drivers\STM32L1xx_HAL_Driver\Src\stm32l1xx_hal_flash_ex.o
 .debug_loc     0x00000000     0x106d Drivers\STM32L1xx_HAL_Driver\Src\stm32l1xx_hal_flash_ex.o
 .debug_aranges
                0x00000000       0xb0 Drivers\STM32L1xx_HAL_Driver\Src\stm32l1xx_hal_flash_ex.o
 .debug_ranges  0x00000000      0x158 Drivers\STM32L1xx_HAL_Driver\Src\stm32l1xx_hal_flash_ex.o
 .debug_line    0x00000000      0x67f Drivers\STM32L1xx_HAL_Driver\Src\stm32l1xx_hal_flash_ex.o
 .debug_str     0x00000000      0xd35 Drivers\STM32L1xx_HAL_Driver\Src\stm32l1xx_hal_flash_ex.o
 .comment       0x00000000       0x7d Drivers\STM32L1xx_HAL_Driver\Src\stm32l1xx_hal_flash_ex.o
 .debug_frame   0x00000000      0x1ec Drivers\STM32L1xx_HAL_Driver\Src\stm32l1xx_hal_flash_ex.o
 .ARM.attributes
                0x00000000       0x33 Drivers\STM32L1xx_HAL_Driver\Src\stm32l1xx_hal_flash_ex.o
 .text          0x00000000        0x0 Drivers\STM32L1xx_HAL_Driver\Src\stm32l1xx_hal_flash_ramfunc.o
 .data          0x00000000        0x0 Drivers\STM32L1xx_HAL_Driver\Src\stm32l1xx_hal_flash_ramfunc.o
 .bss           0x00000000        0x0 Drivers\STM32L1xx_HAL_Driver\Src\stm32l1xx_hal_flash_ramfunc.o
 .RamFunc       0x00000000      0x22c Drivers\STM32L1xx_HAL_Driver\Src\stm32l1xx_hal_flash_ramfunc.o
 .debug_info    0x00000000      0xd86 Drivers\STM32L1xx_HAL_Driver\Src\stm32l1xx_hal_flash_ramfunc.o
 .debug_abbrev  0x00000000      0x272 Drivers\STM32L1xx_HAL_Driver\Src\stm32l1xx_hal_flash_ramfunc.o
 .debug_loc     0x00000000      0x1df Drivers\STM32L1xx_HAL_Driver\Src\stm32l1xx_hal_flash_ramfunc.o
 .debug_aranges
                0x00000000       0x50 Drivers\STM32L1xx_HAL_Driver\Src\stm32l1xx_hal_flash_ramfunc.o
 .debug_ranges  0x00000000       0x40 Drivers\STM32L1xx_HAL_Driver\Src\stm32l1xx_hal_flash_ramfunc.o
 .debug_line    0x00000000      0x374 Drivers\STM32L1xx_HAL_Driver\Src\stm32l1xx_hal_flash_ramfunc.o
 .debug_str     0x00000000      0x910 Drivers\STM32L1xx_HAL_Driver\Src\stm32l1xx_hal_flash_ramfunc.o
 .comment       0x00000000       0x7d Drivers\STM32L1xx_HAL_Driver\Src\stm32l1xx_hal_flash_ramfunc.o
 .debug_frame   0x00000000       0xa8 Drivers\STM32L1xx_HAL_Driver\Src\stm32l1xx_hal_flash_ramfunc.o
 .ARM.attributes
                0x00000000       0x33 Drivers\STM32L1xx_HAL_Driver\Src\stm32l1xx_hal_flash_ramfunc.o
 .text          0x00000000        0x0 Drivers\STM32L1xx_HAL_Driver\Src\stm32l1xx_hal_gpio.o
 .data          0x00000000        0x0 Drivers\STM32L1xx_HAL_Driver\Src\stm32l1xx_hal_gpio.o
 .bss           0x00000000        0x0 Drivers\STM32L1xx_HAL_Driver\Src\stm32l1xx_hal_gpio.o
 .text.HAL_GPIO_DeInit
                0x00000000       0xf4 Drivers\STM32L1xx_HAL_Driver\Src\stm32l1xx_hal_gpio.o
 .text.HAL_GPIO_TogglePin
                0x00000000        0x8 Drivers\STM32L1xx_HAL_Driver\Src\stm32l1xx_hal_gpio.o
 .text.HAL_GPIO_LockPin
                0x00000000       0x2a Drivers\STM32L1xx_HAL_Driver\Src\stm32l1xx_hal_gpio.o
 .text.HAL_GPIO_EXTI_Callback
                0x00000000        0x2 Drivers\STM32L1xx_HAL_Driver\Src\stm32l1xx_hal_gpio.o
 .text.HAL_GPIO_EXTI_IRQHandler
                0x00000000       0x18 Drivers\STM32L1xx_HAL_Driver\Src\stm32l1xx_hal_gpio.o
 .text          0x00000000        0x0 Drivers\STM32L1xx_HAL_Driver\Src\stm32l1xx_hal_lcd.o
 .data          0x00000000        0x0 Drivers\STM32L1xx_HAL_Driver\Src\stm32l1xx_hal_lcd.o
 .bss           0x00000000        0x0 Drivers\STM32L1xx_HAL_Driver\Src\stm32l1xx_hal_lcd.o
 .text.HAL_LCD_MspDeInit
                0x00000000        0x2 Drivers\STM32L1xx_HAL_Driver\Src\stm32l1xx_hal_lcd.o
 .text.HAL_LCD_MspInit
                0x00000000        0x2 Drivers\STM32L1xx_HAL_Driver\Src\stm32l1xx_hal_lcd.o
 .text.HAL_LCD_Write
                0x00000000       0x7e Drivers\STM32L1xx_HAL_Driver\Src\stm32l1xx_hal_lcd.o
 .text.HAL_LCD_UpdateDisplayRequest
                0x00000000       0x48 Drivers\STM32L1xx_HAL_Driver\Src\stm32l1xx_hal_lcd.o
 .text.HAL_LCD_Clear
                0x00000000       0x70 Drivers\STM32L1xx_HAL_Driver\Src\stm32l1xx_hal_lcd.o
 .text.HAL_LCD_GetState
                0x00000000        0x6 Drivers\STM32L1xx_HAL_Driver\Src\stm32l1xx_hal_lcd.o
 .text.HAL_LCD_GetError
                0x00000000        0x4 Drivers\STM32L1xx_HAL_Driver\Src\stm32l1xx_hal_lcd.o
 .text.HAL_LCD_DeInit
                0x00000000       0x48 Drivers\STM32L1xx_HAL_Driver\Src\stm32l1xx_hal_lcd.o
 .text          0x00000000        0x0 Drivers\STM32L1xx_HAL_Driver\Src\stm32l1xx_hal_pwr.o
 .data          0x00000000        0x0 Drivers\STM32L1xx_HAL_Driver\Src\stm32l1xx_hal_pwr.o
 .bss           0x00000000        0x0 Drivers\STM32L1xx_HAL_Driver\Src\stm32l1xx_hal_pwr.o
 .text.HAL_PWR_DeInit
                0x00000000       0x18 Drivers\STM32L1xx_HAL_Driver\Src\stm32l1xx_hal_pwr.o
 .text.HAL_PWR_EnableBkUpAccess
                0x00000000       0x1c Drivers\STM32L1xx_HAL_Driver\Src\stm32l1xx_hal_pwr.o
 .text.HAL_PWR_DisableBkUpAccess
                0x00000000       0x1c Drivers\STM32L1xx_HAL_Driver\Src\stm32l1xx_hal_pwr.o
 .text.HAL_PWR_ConfigPVD
                0x00000000       0x6c Drivers\STM32L1xx_HAL_Driver\Src\stm32l1xx_hal_pwr.o
 .text.HAL_PWR_EnablePVD
                0x00000000       0x1a Drivers\STM32L1xx_HAL_Driver\Src\stm32l1xx_hal_pwr.o
 .text.HAL_PWR_DisablePVD
                0x00000000       0x1a Drivers\STM32L1xx_HAL_Driver\Src\stm32l1xx_hal_pwr.o
 .text.HAL_PWR_EnableWakeUpPin
                0x00000000       0x18 Drivers\STM32L1xx_HAL_Driver\Src\stm32l1xx_hal_pwr.o
 .text.HAL_PWR_DisableWakeUpPin
                0x00000000       0x18 Drivers\STM32L1xx_HAL_Driver\Src\stm32l1xx_hal_pwr.o
 .text.HAL_PWR_EnterSLEEPMode
                0x00000000       0x30 Drivers\STM32L1xx_HAL_Driver\Src\stm32l1xx_hal_pwr.o
 .text.HAL_PWR_EnterSTOPMode
                0x00000000       0x38 Drivers\STM32L1xx_HAL_Driver\Src\stm32l1xx_hal_pwr.o
 .text.HAL_PWR_EnterSTANDBYMode
                0x00000000       0x20 Drivers\STM32L1xx_HAL_Driver\Src\stm32l1xx_hal_pwr.o
 .text.HAL_PWR_EnableSleepOnExit
                0x00000000       0x10 Drivers\STM32L1xx_HAL_Driver\Src\stm32l1xx_hal_pwr.o
 .text.HAL_PWR_DisableSleepOnExit
                0x00000000       0x10 Drivers\STM32L1xx_HAL_Driver\Src\stm32l1xx_hal_pwr.o
 .text.HAL_PWR_EnableSEVOnPend
                0x00000000       0x10 Drivers\STM32L1xx_HAL_Driver\Src\stm32l1xx_hal_pwr.o
 .text.HAL_PWR_DisableSEVOnPend
                0x00000000       0x10 Drivers\STM32L1xx_HAL_Driver\Src\stm32l1xx_hal_pwr.o
 .text.HAL_PWR_PVDCallback
                0x00000000        0x2 Drivers\STM32L1xx_HAL_Driver\Src\stm32l1xx_hal_pwr.o
 .text.HAL_PWR_PVD_IRQHandler
                0x00000000       0x1c Drivers\STM32L1xx_HAL_Driver\Src\stm32l1xx_hal_pwr.o
 .debug_info    0x00000000     0x105d Drivers\STM32L1xx_HAL_Driver\Src\stm32l1xx_hal_pwr.o
 .debug_abbrev  0x00000000      0x29d Drivers\STM32L1xx_HAL_Driver\Src\stm32l1xx_hal_pwr.o
 .debug_loc     0x00000000      0x11f Drivers\STM32L1xx_HAL_Driver\Src\stm32l1xx_hal_pwr.o
 .debug_aranges
                0x00000000       0xa0 Drivers\STM32L1xx_HAL_Driver\Src\stm32l1xx_hal_pwr.o
 .debug_ranges  0x00000000       0x90 Drivers\STM32L1xx_HAL_Driver\Src\stm32l1xx_hal_pwr.o
 .debug_line    0x00000000      0x44f Drivers\STM32L1xx_HAL_Driver\Src\stm32l1xx_hal_pwr.o
 .debug_str     0x00000000      0x941 Drivers\STM32L1xx_HAL_Driver\Src\stm32l1xx_hal_pwr.o
 .comment       0x00000000       0x7d Drivers\STM32L1xx_HAL_Driver\Src\stm32l1xx_hal_pwr.o
 .debug_frame   0x00000000      0x128 Drivers\STM32L1xx_HAL_Driver\Src\stm32l1xx_hal_pwr.o
 .ARM.attributes
                0x00000000       0x33 Drivers\STM32L1xx_HAL_Driver\Src\stm32l1xx_hal_pwr.o
 .text          0x00000000        0x0 Drivers\STM32L1xx_HAL_Driver\Src\stm32l1xx_hal_pwr_ex.o
 .data          0x00000000        0x0 Drivers\STM32L1xx_HAL_Driver\Src\stm32l1xx_hal_pwr_ex.o
 .bss           0x00000000        0x0 Drivers\STM32L1xx_HAL_Driver\Src\stm32l1xx_hal_pwr_ex.o
 .text.HAL_PWREx_GetVoltageRange
                0x00000000       0x10 Drivers\STM32L1xx_HAL_Driver\Src\stm32l1xx_hal_pwr_ex.o
 .text.HAL_PWREx_EnableFastWakeUp
                0x00000000       0x1c Drivers\STM32L1xx_HAL_Driver\Src\stm32l1xx_hal_pwr_ex.o
 .text.HAL_PWREx_DisableFastWakeUp
                0x00000000       0x1c Drivers\STM32L1xx_HAL_Driver\Src\stm32l1xx_hal_pwr_ex.o
 .text.HAL_PWREx_EnableUltraLowPower
                0x00000000       0x1c Drivers\STM32L1xx_HAL_Driver\Src\stm32l1xx_hal_pwr_ex.o
 .text.HAL_PWREx_DisableUltraLowPower
                0x00000000       0x1c Drivers\STM32L1xx_HAL_Driver\Src\stm32l1xx_hal_pwr_ex.o
 .text.HAL_PWREx_EnableLowPowerRunMode
                0x00000000       0x30 Drivers\STM32L1xx_HAL_Driver\Src\stm32l1xx_hal_pwr_ex.o
 .text.HAL_PWREx_DisableLowPowerRunMode
                0x00000000       0x32 Drivers\STM32L1xx_HAL_Driver\Src\stm32l1xx_hal_pwr_ex.o
 .debug_info    0x00000000      0xbd7 Drivers\STM32L1xx_HAL_Driver\Src\stm32l1xx_hal_pwr_ex.o
 .debug_abbrev  0x00000000      0x239 Drivers\STM32L1xx_HAL_Driver\Src\stm32l1xx_hal_pwr_ex.o
 .debug_loc     0x00000000       0xac Drivers\STM32L1xx_HAL_Driver\Src\stm32l1xx_hal_pwr_ex.o
 .debug_aranges
                0x00000000       0x50 Drivers\STM32L1xx_HAL_Driver\Src\stm32l1xx_hal_pwr_ex.o
 .debug_ranges  0x00000000       0x40 Drivers\STM32L1xx_HAL_Driver\Src\stm32l1xx_hal_pwr_ex.o
 .debug_line    0x00000000      0x37e Drivers\STM32L1xx_HAL_Driver\Src\stm32l1xx_hal_pwr_ex.o
 .debug_str     0x00000000      0x780 Drivers\STM32L1xx_HAL_Driver\Src\stm32l1xx_hal_pwr_ex.o
 .comment       0x00000000       0x7d Drivers\STM32L1xx_HAL_Driver\Src\stm32l1xx_hal_pwr_ex.o
 .debug_frame   0x00000000       0x80 Drivers\STM32L1xx_HAL_Driver\Src\stm32l1xx_hal_pwr_ex.o
 .ARM.attributes
                0x00000000       0x33 Drivers\STM32L1xx_HAL_Driver\Src\stm32l1xx_hal_pwr_ex.o
 .text          0x00000000        0x0 Drivers\STM32L1xx_HAL_Driver\Src\stm32l1xx_hal_rcc.o
 .data          0x00000000        0x0 Drivers\STM32L1xx_HAL_Driver\Src\stm32l1xx_hal_rcc.o
 .bss           0x00000000        0x0 Drivers\STM32L1xx_HAL_Driver\Src\stm32l1xx_hal_rcc.o
 .text.HAL_RCC_DeInit
                0x00000000       0x70 Drivers\STM32L1xx_HAL_Driver\Src\stm32l1xx_hal_rcc.o
 .text.HAL_RCC_MCOConfig
                0x00000000       0x50 Drivers\STM32L1xx_HAL_Driver\Src\stm32l1xx_hal_rcc.o
 .text.HAL_RCC_EnableCSS
                0x00000000       0x1c Drivers\STM32L1xx_HAL_Driver\Src\stm32l1xx_hal_rcc.o
 .text.HAL_RCC_DisableCSS
                0x00000000       0x1c Drivers\STM32L1xx_HAL_Driver\Src\stm32l1xx_hal_rcc.o
 .text.HAL_RCC_GetHCLKFreq
                0x00000000        0xc Drivers\STM32L1xx_HAL_Driver\Src\stm32l1xx_hal_rcc.o
 .text.HAL_RCC_GetPCLK1Freq
                0x00000000       0x30 Drivers\STM32L1xx_HAL_Driver\Src\stm32l1xx_hal_rcc.o
 .text.HAL_RCC_GetPCLK2Freq
                0x00000000       0x30 Drivers\STM32L1xx_HAL_Driver\Src\stm32l1xx_hal_rcc.o
 .text.HAL_RCC_GetOscConfig
                0x00000000       0xbc Drivers\STM32L1xx_HAL_Driver\Src\stm32l1xx_hal_rcc.o
 .text.HAL_RCC_GetClockConfig
                0x00000000       0x3c Drivers\STM32L1xx_HAL_Driver\Src\stm32l1xx_hal_rcc.o
 .text.HAL_RCC_CSSCallback
                0x00000000        0x2 Drivers\STM32L1xx_HAL_Driver\Src\stm32l1xx_hal_rcc.o
 .text.HAL_RCC_NMI_IRQHandler
                0x00000000       0x20 Drivers\STM32L1xx_HAL_Driver\Src\stm32l1xx_hal_rcc.o
 .text          0x00000000        0x0 Drivers\STM32L1xx_HAL_Driver\Src\stm32l1xx_hal_rcc_ex.o
 .data          0x00000000        0x0 Drivers\STM32L1xx_HAL_Driver\Src\stm32l1xx_hal_rcc_ex.o
 .bss           0x00000000        0x0 Drivers\STM32L1xx_HAL_Driver\Src\stm32l1xx_hal_rcc_ex.o
 .text.HAL_RCCEx_GetPeriphCLKConfig
                0x00000000       0x28 Drivers\STM32L1xx_HAL_Driver\Src\stm32l1xx_hal_rcc_ex.o
 .text.HAL_RCCEx_GetPeriphCLKFreq
                0x00000000       0x88 Drivers\STM32L1xx_HAL_Driver\Src\stm32l1xx_hal_rcc_ex.o
 .text.HAL_RCCEx_EnableLSECSS
                0x00000000       0x1c Drivers\STM32L1xx_HAL_Driver\Src\stm32l1xx_hal_rcc_ex.o
 .text.HAL_RCCEx_DisableLSECSS
                0x00000000       0x2c Drivers\STM32L1xx_HAL_Driver\Src\stm32l1xx_hal_rcc_ex.o
 .text.HAL_RCCEx_EnableLSECSS_IT
                0x00000000       0x40 Drivers\STM32L1xx_HAL_Driver\Src\stm32l1xx_hal_rcc_ex.o
 .text.HAL_RCCEx_LSECSS_Callback
                0x00000000        0x2 Drivers\STM32L1xx_HAL_Driver\Src\stm32l1xx_hal_rcc_ex.o
 .text.HAL_RCCEx_LSECSS_IRQHandler
                0x00000000       0x20 Drivers\STM32L1xx_HAL_Driver\Src\stm32l1xx_hal_rcc_ex.o
 .text          0x00000000        0x0 Drivers\STM32L1xx_HAL_Driver\Src\stm32l1xx_hal_tim.o
 .data          0x00000000        0x0 Drivers\STM32L1xx_HAL_Driver\Src\stm32l1xx_hal_tim.o
 .bss           0x00000000        0x0 Drivers\STM32L1xx_HAL_Driver\Src\stm32l1xx_hal_tim.o
 .text.TIM_OC1_SetConfig
                0x00000000       0x2c Drivers\STM32L1xx_HAL_Driver\Src\stm32l1xx_hal_tim.o
 .text.TIM_OC2_SetConfig
                0x00000000       0x30 Drivers\STM32L1xx_HAL_Driver\Src\stm32l1xx_hal_tim.o
 .text.TIM_TI1_SetConfig
                0x00000000       0x5c Drivers\STM32L1xx_HAL_Driver\Src\stm32l1xx_hal_tim.o
 .text.TIM_CCxChannelCmd
                0x00000000       0x18 Drivers\STM32L1xx_HAL_Driver\Src\stm32l1xx_hal_tim.o
 .text.TIM_SlaveTimer_SetConfig
                0x00000000       0xaa Drivers\STM32L1xx_HAL_Driver\Src\stm32l1xx_hal_tim.o
 .text.HAL_TIM_Base_MspInit
                0x00000000        0x2 Drivers\STM32L1xx_HAL_Driver\Src\stm32l1xx_hal_tim.o
 .text.HAL_TIM_Base_MspDeInit
                0x00000000        0x2 Drivers\STM32L1xx_HAL_Driver\Src\stm32l1xx_hal_tim.o
 .text.HAL_TIM_Base_DeInit
                0x00000000       0x2e Drivers\STM32L1xx_HAL_Driver\Src\stm32l1xx_hal_tim.o
 .text.HAL_TIM_Base_Start
                0x00000000       0x1a Drivers\STM32L1xx_HAL_Driver\Src\stm32l1xx_hal_tim.o
 .text.HAL_TIM_Base_Stop
                0x00000000       0x24 Drivers\STM32L1xx_HAL_Driver\Src\stm32l1xx_hal_tim.o
 .text.HAL_TIM_Base_Stop_IT
                0x00000000       0x20 Drivers\STM32L1xx_HAL_Driver\Src\stm32l1xx_hal_tim.o
 .text.HAL_TIM_Base_Start_DMA
                0x00000000       0x58 Drivers\STM32L1xx_HAL_Driver\Src\stm32l1xx_hal_tim.o
 .text.HAL_TIM_Base_Stop_DMA
                0x00000000       0x26 Drivers\STM32L1xx_HAL_Driver\Src\stm32l1xx_hal_tim.o
 .text.HAL_TIM_OC_MspInit
                0x00000000        0x2 Drivers\STM32L1xx_HAL_Driver\Src\stm32l1xx_hal_tim.o
 .text.HAL_TIM_OC_Init
                0x00000000       0x34 Drivers\STM32L1xx_HAL_Driver\Src\stm32l1xx_hal_tim.o
 .text.HAL_TIM_OC_MspDeInit
                0x00000000        0x2 Drivers\STM32L1xx_HAL_Driver\Src\stm32l1xx_hal_tim.o
 .text.HAL_TIM_OC_DeInit
                0x00000000       0x2e Drivers\STM32L1xx_HAL_Driver\Src\stm32l1xx_hal_tim.o
 .text.HAL_TIM_PWM_MspInit
                0x00000000        0x2 Drivers\STM32L1xx_HAL_Driver\Src\stm32l1xx_hal_tim.o
 .text.HAL_TIM_PWM_Init
                0x00000000       0x34 Drivers\STM32L1xx_HAL_Driver\Src\stm32l1xx_hal_tim.o
 .text.HAL_TIM_PWM_MspDeInit
                0x00000000        0x2 Drivers\STM32L1xx_HAL_Driver\Src\stm32l1xx_hal_tim.o
 .text.HAL_TIM_PWM_DeInit
                0x00000000       0x2e Drivers\STM32L1xx_HAL_Driver\Src\stm32l1xx_hal_tim.o
 .text.HAL_TIM_PWM_Stop
                0x00000000       0x2a Drivers\STM32L1xx_HAL_Driver\Src\stm32l1xx_hal_tim.o
 .text.HAL_TIM_PWM_Start_DMA
                0x00000000       0xd4 Drivers\STM32L1xx_HAL_Driver\Src\stm32l1xx_hal_tim.o
 .text.HAL_TIM_OC_Start_DMA
                0x00000000        0x4 Drivers\STM32L1xx_HAL_Driver\Src\stm32l1xx_hal_tim.o
 .text.HAL_TIM_IC_MspInit
                0x00000000        0x2 Drivers\STM32L1xx_HAL_Driver\Src\stm32l1xx_hal_tim.o
 .text.HAL_TIM_IC_Init
                0x00000000       0x34 Drivers\STM32L1xx_HAL_Driver\Src\stm32l1xx_hal_tim.o
 .text.HAL_TIM_IC_MspDeInit
                0x00000000        0x2 Drivers\STM32L1xx_HAL_Driver\Src\stm32l1xx_hal_tim.o
 .text.HAL_TIM_IC_DeInit
                0x00000000       0x2e Drivers\STM32L1xx_HAL_Driver\Src\stm32l1xx_hal_tim.o
 .text.HAL_TIM_IC_Start
                0x00000000       0x1a Drivers\STM32L1xx_HAL_Driver\Src\stm32l1xx_hal_tim.o
 .text.HAL_TIM_PWM_Start
                0x00000000        0x4 Drivers\STM32L1xx_HAL_Driver\Src\stm32l1xx_hal_tim.o
 .text.HAL_TIM_OC_Start
                0x00000000        0x4 Drivers\STM32L1xx_HAL_Driver\Src\stm32l1xx_hal_tim.o
 .text.HAL_TIM_IC_Stop
                0x00000000       0x24 Drivers\STM32L1xx_HAL_Driver\Src\stm32l1xx_hal_tim.o
 .text.HAL_TIM_OC_Stop
                0x00000000        0x4 Drivers\STM32L1xx_HAL_Driver\Src\stm32l1xx_hal_tim.o
 .text.HAL_TIM_IC_Start_IT
                0x00000000       0x58 Drivers\STM32L1xx_HAL_Driver\Src\stm32l1xx_hal_tim.o
 .text.HAL_TIM_PWM_Start_IT
                0x00000000        0x4 Drivers\STM32L1xx_HAL_Driver\Src\stm32l1xx_hal_tim.o
 .text.HAL_TIM_OC_Start_IT
                0x00000000        0x4 Drivers\STM32L1xx_HAL_Driver\Src\stm32l1xx_hal_tim.o
 .text.HAL_TIM_IC_Stop_IT
                0x00000000       0x62 Drivers\STM32L1xx_HAL_Driver\Src\stm32l1xx_hal_tim.o
 .text.HAL_TIM_PWM_Stop_IT
                0x00000000        0x4 Drivers\STM32L1xx_HAL_Driver\Src\stm32l1xx_hal_tim.o
 .text.HAL_TIM_OC_Stop_IT
                0x00000000        0x4 Drivers\STM32L1xx_HAL_Driver\Src\stm32l1xx_hal_tim.o
 .text.HAL_TIM_IC_Start_DMA
                0x00000000       0xd0 Drivers\STM32L1xx_HAL_Driver\Src\stm32l1xx_hal_tim.o
 .text.HAL_TIM_IC_Stop_DMA
                0x00000000       0x68 Drivers\STM32L1xx_HAL_Driver\Src\stm32l1xx_hal_tim.o
 .text.HAL_TIM_PWM_Stop_DMA
                0x00000000        0x4 Drivers\STM32L1xx_HAL_Driver\Src\stm32l1xx_hal_tim.o
 .text.HAL_TIM_OC_Stop_DMA
                0x00000000        0x4 Drivers\STM32L1xx_HAL_Driver\Src\stm32l1xx_hal_tim.o
 .text.HAL_TIM_OnePulse_MspInit
                0x00000000        0x2 Drivers\STM32L1xx_HAL_Driver\Src\stm32l1xx_hal_tim.o
 .text.HAL_TIM_OnePulse_Init
                0x00000000       0x46 Drivers\STM32L1xx_HAL_Driver\Src\stm32l1xx_hal_tim.o
 .text.HAL_TIM_OnePulse_MspDeInit
                0x00000000        0x2 Drivers\STM32L1xx_HAL_Driver\Src\stm32l1xx_hal_tim.o
 .text.HAL_TIM_OnePulse_DeInit
                0x00000000       0x2e Drivers\STM32L1xx_HAL_Driver\Src\stm32l1xx_hal_tim.o
 .text.HAL_TIM_OnePulse_Start
                0x00000000       0x26 Drivers\STM32L1xx_HAL_Driver\Src\stm32l1xx_hal_tim.o
 .text.HAL_TIM_OnePulse_Stop
                0x00000000       0x30 Drivers\STM32L1xx_HAL_Driver\Src\stm32l1xx_hal_tim.o
 .text.HAL_TIM_OnePulse_Start_IT
                0x00000000       0x36 Drivers\STM32L1xx_HAL_Driver\Src\stm32l1xx_hal_tim.o
 .text.HAL_TIM_OnePulse_Stop_IT
                0x00000000       0x40 Drivers\STM32L1xx_HAL_Driver\Src\stm32l1xx_hal_tim.o
 .text.HAL_TIM_Encoder_MspInit
                0x00000000        0x2 Drivers\STM32L1xx_HAL_Driver\Src\stm32l1xx_hal_tim.o
 .text.HAL_TIM_Encoder_Init
                0x00000000       0x92 Drivers\STM32L1xx_HAL_Driver\Src\stm32l1xx_hal_tim.o
 .text.HAL_TIM_Encoder_MspDeInit
                0x00000000        0x2 Drivers\STM32L1xx_HAL_Driver\Src\stm32l1xx_hal_tim.o
 .text.HAL_TIM_Encoder_DeInit
                0x00000000       0x2e Drivers\STM32L1xx_HAL_Driver\Src\stm32l1xx_hal_tim.o
 .text.HAL_TIM_Encoder_Start
                0x00000000       0x44 Drivers\STM32L1xx_HAL_Driver\Src\stm32l1xx_hal_tim.o
 .text.HAL_TIM_Encoder_Stop
                0x00000000       0x3e Drivers\STM32L1xx_HAL_Driver\Src\stm32l1xx_hal_tim.o
 .text.HAL_TIM_Encoder_Start_IT
                0x00000000       0x6e Drivers\STM32L1xx_HAL_Driver\Src\stm32l1xx_hal_tim.o
 .text.HAL_TIM_Encoder_Stop_IT
                0x00000000       0x6a Drivers\STM32L1xx_HAL_Driver\Src\stm32l1xx_hal_tim.o
 .text.HAL_TIM_Encoder_Start_DMA
                0x00000000      0x124 Drivers\STM32L1xx_HAL_Driver\Src\stm32l1xx_hal_tim.o
 .text.HAL_TIM_Encoder_Stop_DMA
                0x00000000       0x6a Drivers\STM32L1xx_HAL_Driver\Src\stm32l1xx_hal_tim.o
 .text.HAL_TIM_OC_ConfigChannel
                0x00000000       0xa8 Drivers\STM32L1xx_HAL_Driver\Src\stm32l1xx_hal_tim.o
 .text.HAL_TIM_IC_ConfigChannel
                0x00000000      0x110 Drivers\STM32L1xx_HAL_Driver\Src\stm32l1xx_hal_tim.o
 .text.HAL_TIM_PWM_ConfigChannel
                0x00000000      0x110 Drivers\STM32L1xx_HAL_Driver\Src\stm32l1xx_hal_tim.o
 .text.HAL_TIM_OnePulse_ConfigChannel
                0x00000000       0xec Drivers\STM32L1xx_HAL_Driver\Src\stm32l1xx_hal_tim.o
 .text.HAL_TIM_DMABurst_WriteStart
                0x00000000       0xac Drivers\STM32L1xx_HAL_Driver\Src\stm32l1xx_hal_tim.o
 .text.HAL_TIM_DMABurst_ReadStart
                0x00000000       0xac Drivers\STM32L1xx_HAL_Driver\Src\stm32l1xx_hal_tim.o
 .text.HAL_TIM_DMABurst_ReadStop
                0x00000000       0x56 Drivers\STM32L1xx_HAL_Driver\Src\stm32l1xx_hal_tim.o
 .text.HAL_TIM_DMABurst_WriteStop
                0x00000000        0x4 Drivers\STM32L1xx_HAL_Driver\Src\stm32l1xx_hal_tim.o
 .text.HAL_TIM_GenerateEvent
                0x00000000       0x24 Drivers\STM32L1xx_HAL_Driver\Src\stm32l1xx_hal_tim.o
 .text.HAL_TIM_ConfigOCrefClear
                0x00000000       0xe4 Drivers\STM32L1xx_HAL_Driver\Src\stm32l1xx_hal_tim.o
 .text.HAL_TIM_ConfigClockSource
                0x00000000      0x172 Drivers\STM32L1xx_HAL_Driver\Src\stm32l1xx_hal_tim.o
 .text.HAL_TIM_ConfigTI1Input
                0x00000000       0x10 Drivers\STM32L1xx_HAL_Driver\Src\stm32l1xx_hal_tim.o
 .text.HAL_TIM_SlaveConfigSynchronization
                0x00000000       0x40 Drivers\STM32L1xx_HAL_Driver\Src\stm32l1xx_hal_tim.o
 .text.HAL_TIM_SlaveConfigSynchronization_IT
                0x00000000       0x40 Drivers\STM32L1xx_HAL_Driver\Src\stm32l1xx_hal_tim.o
 .text.HAL_TIM_ReadCapturedValue
                0x00000000       0x46 Drivers\STM32L1xx_HAL_Driver\Src\stm32l1xx_hal_tim.o
 .text.TIM_DMAPeriodElapsedCplt
                0x00000000       0x10 Drivers\STM32L1xx_HAL_Driver\Src\stm32l1xx_hal_tim.o
 .text.TIM_DMACaptureCplt
                0x00000000       0x3c Drivers\STM32L1xx_HAL_Driver\Src\stm32l1xx_hal_tim.o
 .text.TIM_DMADelayPulseCplt
                0x00000000       0x3c Drivers\STM32L1xx_HAL_Driver\Src\stm32l1xx_hal_tim.o
 .text.TIM_DMATriggerCplt
                0x00000000       0x10 Drivers\STM32L1xx_HAL_Driver\Src\stm32l1xx_hal_tim.o
 .text.HAL_TIM_ErrorCallback
                0x00000000        0x2 Drivers\STM32L1xx_HAL_Driver\Src\stm32l1xx_hal_tim.o
 .text.TIM_DMAError
                0x00000000       0x10 Drivers\STM32L1xx_HAL_Driver\Src\stm32l1xx_hal_tim.o
 .text.HAL_TIM_Base_GetState
                0x00000000        0x6 Drivers\STM32L1xx_HAL_Driver\Src\stm32l1xx_hal_tim.o
 .text.HAL_TIM_OC_GetState
                0x00000000        0x6 Drivers\STM32L1xx_HAL_Driver\Src\stm32l1xx_hal_tim.o
 .text.HAL_TIM_PWM_GetState
                0x00000000        0x6 Drivers\STM32L1xx_HAL_Driver\Src\stm32l1xx_hal_tim.o
 .text.HAL_TIM_IC_GetState
                0x00000000        0x6 Drivers\STM32L1xx_HAL_Driver\Src\stm32l1xx_hal_tim.o
 .text.HAL_TIM_OnePulse_GetState
                0x00000000        0x6 Drivers\STM32L1xx_HAL_Driver\Src\stm32l1xx_hal_tim.o
 .text.HAL_TIM_Encoder_GetState
                0x00000000        0x6 Drivers\STM32L1xx_HAL_Driver\Src\stm32l1xx_hal_tim.o
 .text          0x00000000        0x0 Drivers\STM32L1xx_HAL_Driver\Src\stm32l1xx_hal_tim_ex.o
 .data          0x00000000        0x0 Drivers\STM32L1xx_HAL_Driver\Src\stm32l1xx_hal_tim_ex.o
 .bss           0x00000000        0x0 Drivers\STM32L1xx_HAL_Driver\Src\stm32l1xx_hal_tim_ex.o
 .text.HAL_TIMEx_RemapConfig
                0x00000000       0x20 Drivers\STM32L1xx_HAL_Driver\Src\stm32l1xx_hal_tim_ex.o
 .text          0x00000000        0x0 Src\main.o
 .data          0x00000000        0x0 Src\main.o
 .bss           0x00000000        0x0 Src\main.o
 .text.Error_Handler
                0x00000000        0x2 Src\main.o
 .text          0x00000000        0x0 Src\stm32l1xx_hal_msp.o
 .data          0x00000000        0x0 Src\stm32l1xx_hal_msp.o
 .bss           0x00000000        0x0 Src\stm32l1xx_hal_msp.o
 .text.HAL_ADC_MspDeInit
                0x00000000       0x28 Src\stm32l1xx_hal_msp.o
 .text.HAL_LCD_MspDeInit
                0x00000000       0x4c Src\stm32l1xx_hal_msp.o
 .text.HAL_TIM_Base_MspDeInit
                0x00000000       0x24 Src\stm32l1xx_hal_msp.o
 .text          0x00000000        0x0 Src\stm32l1xx_it.o
 .data          0x00000000        0x0 Src\stm32l1xx_it.o
 .bss           0x00000000        0x0 Src\stm32l1xx_it.o
 .text          0x00000000        0x0 Src\system_stm32l1xx.o
 .data          0x00000000        0x0 Src\system_stm32l1xx.o
 .bss           0x00000000        0x0 Src\system_stm32l1xx.o
 .text.SystemCoreClockUpdate
                0x00000000       0x90 Src\system_stm32l1xx.o
 .rodata.APBPrescTable
                0x00000000        0x8 Src\system_stm32l1xx.o
 .text          0x00000000       0x14 startup\startup_stm32l152xc.o
 .data          0x00000000        0x0 startup\startup_stm32l152xc.o
 .bss           0x00000000        0x0 startup\startup_stm32l152xc.o
 .text          0x00000000        0x0 c:/program files (x86)/atollic/truestudio for stm32 9.2.0/armtools/bin/../lib/gcc/arm-atollic-eabi/6.3.1/../../../../arm-atollic-eabi/lib/armv7-m\libc_nano.a(lib_a-init.o)
 .data          0x00000000        0x0 c:/program files (x86)/atollic/truestudio for stm32 9.2.0/armtools/bin/../lib/gcc/arm-atollic-eabi/6.3.1/../../../../arm-atollic-eabi/lib/armv7-m\libc_nano.a(lib_a-init.o)
 .bss           0x00000000        0x0 c:/program files (x86)/atollic/truestudio for stm32 9.2.0/armtools/bin/../lib/gcc/arm-atollic-eabi/6.3.1/../../../../arm-atollic-eabi/lib/armv7-m\libc_nano.a(lib_a-init.o)
 .text          0x00000000        0x0 c:/program files (x86)/atollic/truestudio for stm32 9.2.0/armtools/bin/../lib/gcc/arm-atollic-eabi/6.3.1/../../../../arm-atollic-eabi/lib/armv7-m\libc_nano.a(lib_a-memset.o)
 .data          0x00000000        0x0 c:/program files (x86)/atollic/truestudio for stm32 9.2.0/armtools/bin/../lib/gcc/arm-atollic-eabi/6.3.1/../../../../arm-atollic-eabi/lib/armv7-m\libc_nano.a(lib_a-memset.o)
 .bss           0x00000000        0x0 c:/program files (x86)/atollic/truestudio for stm32 9.2.0/armtools/bin/../lib/gcc/arm-atollic-eabi/6.3.1/../../../../arm-atollic-eabi/lib/armv7-m\libc_nano.a(lib_a-memset.o)
 .text          0x00000000        0x0 c:/program files (x86)/atollic/truestudio for stm32 9.2.0/armtools/bin/../lib/gcc/arm-atollic-eabi/6.3.1/armv7-m/crtend.o
 .data          0x00000000        0x0 c:/program files (x86)/atollic/truestudio for stm32 9.2.0/armtools/bin/../lib/gcc/arm-atollic-eabi/6.3.1/armv7-m/crtend.o
 .bss           0x00000000        0x0 c:/program files (x86)/atollic/truestudio for stm32 9.2.0/armtools/bin/../lib/gcc/arm-atollic-eabi/6.3.1/armv7-m/crtend.o
 .eh_frame      0x00000000        0x4 c:/program files (x86)/atollic/truestudio for stm32 9.2.0/armtools/bin/../lib/gcc/arm-atollic-eabi/6.3.1/armv7-m/crtend.o
 .ARM.attributes
                0x00000000       0x2d c:/program files (x86)/atollic/truestudio for stm32 9.2.0/armtools/bin/../lib/gcc/arm-atollic-eabi/6.3.1/armv7-m/crtend.o
 .text          0x00000000        0x0 c:/program files (x86)/atollic/truestudio for stm32 9.2.0/armtools/bin/../lib/gcc/arm-atollic-eabi/6.3.1/armv7-m/crtn.o
 .data          0x00000000        0x0 c:/program files (x86)/atollic/truestudio for stm32 9.2.0/armtools/bin/../lib/gcc/arm-atollic-eabi/6.3.1/armv7-m/crtn.o
 .bss           0x00000000        0x0 c:/program files (x86)/atollic/truestudio for stm32 9.2.0/armtools/bin/../lib/gcc/arm-atollic-eabi/6.3.1/armv7-m/crtn.o

Memory Configuration

Name             Origin             Length             Attributes
RAM              0x20000000         0x00008000         xrw
FLASH            0x08000000         0x00040000         xr
*default*        0x00000000         0xffffffff

Linker script and memory map

LOAD c:/program files (x86)/atollic/truestudio for stm32 9.2.0/armtools/bin/../lib/gcc/arm-atollic-eabi/6.3.1/armv7-m/crti.o
LOAD c:/program files (x86)/atollic/truestudio for stm32 9.2.0/armtools/bin/../lib/gcc/arm-atollic-eabi/6.3.1/armv7-m/crtbegin.o
LOAD Drivers\STM32L1xx_HAL_Driver\Src\stm32l1xx_hal.o
LOAD Drivers\STM32L1xx_HAL_Driver\Src\stm32l1xx_hal_adc.o
LOAD Drivers\STM32L1xx_HAL_Driver\Src\stm32l1xx_hal_adc_ex.o
LOAD Drivers\STM32L1xx_HAL_Driver\Src\stm32l1xx_hal_cortex.o
LOAD Drivers\STM32L1xx_HAL_Driver\Src\stm32l1xx_hal_dma.o
LOAD Drivers\STM32L1xx_HAL_Driver\Src\stm32l1xx_hal_flash.o
LOAD Drivers\STM32L1xx_HAL_Driver\Src\stm32l1xx_hal_flash_ex.o
LOAD Drivers\STM32L1xx_HAL_Driver\Src\stm32l1xx_hal_flash_ramfunc.o
LOAD Drivers\STM32L1xx_HAL_Driver\Src\stm32l1xx_hal_gpio.o
LOAD Drivers\STM32L1xx_HAL_Driver\Src\stm32l1xx_hal_lcd.o
LOAD Drivers\STM32L1xx_HAL_Driver\Src\stm32l1xx_hal_pwr.o
LOAD Drivers\STM32L1xx_HAL_Driver\Src\stm32l1xx_hal_pwr_ex.o
LOAD Drivers\STM32L1xx_HAL_Driver\Src\stm32l1xx_hal_rcc.o
LOAD Drivers\STM32L1xx_HAL_Driver\Src\stm32l1xx_hal_rcc_ex.o
LOAD Drivers\STM32L1xx_HAL_Driver\Src\stm32l1xx_hal_tim.o
LOAD Drivers\STM32L1xx_HAL_Driver\Src\stm32l1xx_hal_tim_ex.o
LOAD Src\main.o
LOAD Src\stm32l1xx_hal_msp.o
LOAD Src\stm32l1xx_it.o
LOAD Src\system_stm32l1xx.o
LOAD startup\startup_stm32l152xc.o
                0x00000080                malloc_getpagesize_P = 0x80
START GROUP
LOAD c:/program files (x86)/atollic/truestudio for stm32 9.2.0/armtools/bin/../lib/gcc/arm-atollic-eabi/6.3.1/../../../../arm-atollic-eabi/lib/armv7-m\libc_nano.a
LOAD c:/program files (x86)/atollic/truestudio for stm32 9.2.0/armtools/bin/../lib/gcc/arm-atollic-eabi/6.3.1/../../../../arm-atollic-eabi/lib/armv7-m\libm.a
END GROUP
START GROUP
LOAD c:/program files (x86)/atollic/truestudio for stm32 9.2.0/armtools/bin/../lib/gcc/arm-atollic-eabi/6.3.1/armv7-m\libgcc.a
LOAD c:/program files (x86)/atollic/truestudio for stm32 9.2.0/armtools/bin/../lib/gcc/arm-atollic-eabi/6.3.1/../../../../arm-atollic-eabi/lib/armv7-m\libc_nano.a
END GROUP
START GROUP
LOAD c:/program files (x86)/atollic/truestudio for stm32 9.2.0/armtools/bin/../lib/gcc/arm-atollic-eabi/6.3.1/armv7-m\libgcc.a
LOAD c:/program files (x86)/atollic/truestudio for stm32 9.2.0/armtools/bin/../lib/gcc/arm-atollic-eabi/6.3.1/../../../../arm-atollic-eabi/lib/armv7-m\libc_nano.a
LOAD c:/program files (x86)/atollic/truestudio for stm32 9.2.0/armtools/bin/../lib/gcc/arm-atollic-eabi/6.3.1/../../../../arm-atollic-eabi/lib/armv7-m\libnosys.a
END GROUP
START GROUP
LOAD c:/program files (x86)/atollic/truestudio for stm32 9.2.0/armtools/bin/../lib/gcc/arm-atollic-eabi/6.3.1/armv7-m\libgcc.a
LOAD c:/program files (x86)/atollic/truestudio for stm32 9.2.0/armtools/bin/../lib/gcc/arm-atollic-eabi/6.3.1/../../../../arm-atollic-eabi/lib/armv7-m\libc_nano.a
LOAD c:/program files (x86)/atollic/truestudio for stm32 9.2.0/armtools/bin/../lib/gcc/arm-atollic-eabi/6.3.1/../../../../arm-atollic-eabi/lib/armv7-m\libnosys.a
END GROUP
LOAD c:/program files (x86)/atollic/truestudio for stm32 9.2.0/armtools/bin/../lib/gcc/arm-atollic-eabi/6.3.1/armv7-m/crtend.o
LOAD c:/program files (x86)/atollic/truestudio for stm32 9.2.0/armtools/bin/../lib/gcc/arm-atollic-eabi/6.3.1/armv7-m/crtn.o
                0x20008000                _estack = 0x20008000
                0x00000200                _Min_Heap_Size = 0x200
                0x00000400                _Min_Stack_Size = 0x400

.isr_vector     0x08000000      0x13c
                0x08000000                . = ALIGN (0x4)
 *(.isr_vector)
 .isr_vector    0x08000000      0x13c startup\startup_stm32l152xc.o
                0x08000000                g_pfnVectors
                0x0800013c                . = ALIGN (0x4)

.text           0x0800013c     0x18e8
                0x0800013c                . = ALIGN (0x4)
 *(.text)
 .text          0x0800013c       0x40 c:/program files (x86)/atollic/truestudio for stm32 9.2.0/armtools/bin/../lib/gcc/arm-atollic-eabi/6.3.1/armv7-m/crtbegin.o
 *(.text*)
 .text.HAL_InitTick
                0x0800017c       0x28 Drivers\STM32L1xx_HAL_Driver\Src\stm32l1xx_hal.o
                0x0800017c                HAL_InitTick
 .text.HAL_Init
                0x080001a4       0x16 Drivers\STM32L1xx_HAL_Driver\Src\stm32l1xx_hal.o
                0x080001a4                HAL_Init
 *fill*         0x080001ba        0x2 
 .text.HAL_IncTick
                0x080001bc       0x10 Drivers\STM32L1xx_HAL_Driver\Src\stm32l1xx_hal.o
                0x080001bc                HAL_IncTick
 .text.HAL_GetTick
                0x080001cc        0xc Drivers\STM32L1xx_HAL_Driver\Src\stm32l1xx_hal.o
                0x080001cc                HAL_GetTick
 .text.HAL_ADC_Init
                0x080001d8      0x17c Drivers\STM32L1xx_HAL_Driver\Src\stm32l1xx_hal_adc.o
                0x080001d8                HAL_ADC_Init
 .text.HAL_ADC_ConfigChannel
                0x08000354      0x158 Drivers\STM32L1xx_HAL_Driver\Src\stm32l1xx_hal_adc.o
                0x08000354                HAL_ADC_ConfigChannel
 .text.HAL_NVIC_SetPriorityGrouping
                0x080004ac       0x24 Drivers\STM32L1xx_HAL_Driver\Src\stm32l1xx_hal_cortex.o
                0x080004ac                HAL_NVIC_SetPriorityGrouping
 .text.HAL_NVIC_SetPriority
                0x080004d0       0x68 Drivers\STM32L1xx_HAL_Driver\Src\stm32l1xx_hal_cortex.o
                0x080004d0                HAL_NVIC_SetPriority
 .text.HAL_NVIC_EnableIRQ
                0x08000538       0x18 Drivers\STM32L1xx_HAL_Driver\Src\stm32l1xx_hal_cortex.o
                0x08000538                HAL_NVIC_EnableIRQ
 .text.HAL_SYSTICK_Config
                0x08000550       0x2c Drivers\STM32L1xx_HAL_Driver\Src\stm32l1xx_hal_cortex.o
                0x08000550                HAL_SYSTICK_Config
 .text.HAL_GPIO_Init
                0x0800057c      0x19c Drivers\STM32L1xx_HAL_Driver\Src\stm32l1xx_hal_gpio.o
                0x0800057c                HAL_GPIO_Init
 .text.HAL_GPIO_ReadPin
                0x08000718        0xc Drivers\STM32L1xx_HAL_Driver\Src\stm32l1xx_hal_gpio.o
                0x08000718                HAL_GPIO_ReadPin
 .text.HAL_GPIO_WritePin
                0x08000724        0xa Drivers\STM32L1xx_HAL_Driver\Src\stm32l1xx_hal_gpio.o
                0x08000724                HAL_GPIO_WritePin
 .text.LCD_WaitForSynchro
                0x0800072e       0x2a Drivers\STM32L1xx_HAL_Driver\Src\stm32l1xx_hal_lcd.o
                0x0800072e                LCD_WaitForSynchro
 .text.HAL_LCD_Init
                0x08000758       0xe8 Drivers\STM32L1xx_HAL_Driver\Src\stm32l1xx_hal_lcd.o
                0x08000758                HAL_LCD_Init
 .text.RCC_SetFlashLatencyFromMSIRange
                0x08000840       0x80 Drivers\STM32L1xx_HAL_Driver\Src\stm32l1xx_hal_rcc.o
 .text.HAL_RCC_OscConfig
                0x080008c0      0x6a8 Drivers\STM32L1xx_HAL_Driver\Src\stm32l1xx_hal_rcc.o
                0x080008c0                HAL_RCC_OscConfig
 .text.HAL_RCC_GetSysClockFreq
                0x08000f68       0x8c Drivers\STM32L1xx_HAL_Driver\Src\stm32l1xx_hal_rcc.o
                0x08000f68                HAL_RCC_GetSysClockFreq
 .text.HAL_RCC_ClockConfig
                0x08000ff4      0x1bc Drivers\STM32L1xx_HAL_Driver\Src\stm32l1xx_hal_rcc.o
                0x08000ff4                HAL_RCC_ClockConfig
 .text.HAL_RCCEx_PeriphCLKConfig
                0x080011b0      0x15c Drivers\STM32L1xx_HAL_Driver\Src\stm32l1xx_hal_rcc_ex.o
                0x080011b0                HAL_RCCEx_PeriphCLKConfig
 .text.TIM_Base_SetConfig
                0x0800130c       0x84 Drivers\STM32L1xx_HAL_Driver\Src\stm32l1xx_hal_tim.o
 .text.HAL_TIM_Base_Init
                0x08001390       0x34 Drivers\STM32L1xx_HAL_Driver\Src\stm32l1xx_hal_tim.o
                0x08001390                HAL_TIM_Base_Init
 .text.HAL_TIM_Base_Start_IT
                0x080013c4       0x16 Drivers\STM32L1xx_HAL_Driver\Src\stm32l1xx_hal_tim.o
                0x080013c4                HAL_TIM_Base_Start_IT
 .text.HAL_TIM_PeriodElapsedCallback
                0x080013da        0x2 Drivers\STM32L1xx_HAL_Driver\Src\stm32l1xx_hal_tim.o
                0x080013da                HAL_TIM_PeriodElapsedCallback
 .text.HAL_TIM_OC_DelayElapsedCallback
                0x080013dc        0x2 Drivers\STM32L1xx_HAL_Driver\Src\stm32l1xx_hal_tim.o
                0x080013dc                HAL_TIM_OC_DelayElapsedCallback
 .text.HAL_TIM_IC_CaptureCallback
                0x080013de        0x2 Drivers\STM32L1xx_HAL_Driver\Src\stm32l1xx_hal_tim.o
                0x080013de                HAL_TIM_IC_CaptureCallback
 .text.HAL_TIM_PWM_PulseFinishedCallback
                0x080013e0        0x2 Drivers\STM32L1xx_HAL_Driver\Src\stm32l1xx_hal_tim.o
                0x080013e0                HAL_TIM_PWM_PulseFinishedCallback
 .text.HAL_TIM_TriggerCallback
                0x080013e2        0x2 Drivers\STM32L1xx_HAL_Driver\Src\stm32l1xx_hal_tim.o
                0x080013e2                HAL_TIM_TriggerCallback
 .text.HAL_TIM_IRQHandler
                0x080013e4      0x10c Drivers\STM32L1xx_HAL_Driver\Src\stm32l1xx_hal_tim.o
                0x080013e4                HAL_TIM_IRQHandler
 .text.HAL_TIMEx_MasterConfigSynchronization
                0x080014f0       0x44 Drivers\STM32L1xx_HAL_Driver\Src\stm32l1xx_hal_tim_ex.o
                0x080014f0                HAL_TIMEx_MasterConfigSynchronization
 .text.SystemClock_Config
                0x08001534       0x80 Src\main.o
                0x08001534                SystemClock_Config
 .text.startup.main
                0x080015b4      0x170 Src\main.o
                0x080015b4                main
 .text.HAL_MspInit
                0x08001724       0x4c Src\stm32l1xx_hal_msp.o
                0x08001724                HAL_MspInit
 .text.HAL_ADC_MspInit
                0x08001770       0x5c Src\stm32l1xx_hal_msp.o
                0x08001770                HAL_ADC_MspInit
 .text.HAL_LCD_MspInit
                0x080017cc       0xc0 Src\stm32l1xx_hal_msp.o
                0x080017cc                HAL_LCD_MspInit
 .text.HAL_TIM_Base_MspInit
                0x0800188c       0x3c Src\stm32l1xx_hal_msp.o
                0x0800188c                HAL_TIM_Base_MspInit
 .text.NMI_Handler
                0x080018c8        0x2 Src\stm32l1xx_it.o
                0x080018c8                NMI_Handler
 .text.HardFault_Handler
                0x080018ca        0x2 Src\stm32l1xx_it.o
                0x080018ca                HardFault_Handler
 .text.MemManage_Handler
                0x080018cc        0x2 Src\stm32l1xx_it.o
                0x080018cc                MemManage_Handler
 .text.BusFault_Handler
                0x080018ce        0x2 Src\stm32l1xx_it.o
                0x080018ce                BusFault_Handler
 .text.UsageFault_Handler
                0x080018d0        0x2 Src\stm32l1xx_it.o
                0x080018d0                UsageFault_Handler
 .text.SVC_Handler
                0x080018d2        0x2 Src\stm32l1xx_it.o
                0x080018d2                SVC_Handler
 .text.DebugMon_Handler
                0x080018d4        0x2 Src\stm32l1xx_it.o
                0x080018d4                DebugMon_Handler
 .text.PendSV_Handler
                0x080018d6        0x2 Src\stm32l1xx_it.o
                0x080018d6                PendSV_Handler
 .text.SysTick_Handler
                0x080018d8        0x4 Src\stm32l1xx_it.o
                0x080018d8                SysTick_Handler
 .text.TIM6_IRQHandler
                0x080018dc       0x44 Src\stm32l1xx_it.o
                0x080018dc                TIM6_IRQHandler
 .text.SystemInit
                0x08001920       0x48 Src\system_stm32l1xx.o
                0x08001920                SystemInit
 .text.Reset_Handler
                0x08001968       0x48 startup\startup_stm32l152xc.o
                0x08001968                Reset_Handler
 .text.Default_Handler
                0x080019b0        0x2 startup\startup_stm32l152xc.o
                0x080019b0                RTC_Alarm_IRQHandler
                0x080019b0                EXTI2_IRQHandler
                0x080019b0                COMP_ACQ_IRQHandler
                0x080019b0                TIM10_IRQHandler
                0x080019b0                USB_HP_IRQHandler
                0x080019b0                PVD_IRQHandler
                0x080019b0                EXTI3_IRQHandler
                0x080019b0                EXTI0_IRQHandler
                0x080019b0                I2C2_EV_IRQHandler
                0x080019b0                SPI1_IRQHandler
                0x080019b0                USB_FS_WKUP_IRQHandler
                0x080019b0                DMA2_Channel2_IRQHandler
                0x080019b0                DMA1_Channel4_IRQHandler
                0x080019b0                ADC1_IRQHandler
                0x080019b0                USART3_IRQHandler
                0x080019b0                DMA1_Channel7_IRQHandler
                0x080019b0                LCD_IRQHandler
                0x080019b0                TIM4_IRQHandler
                0x080019b0                DMA2_Channel1_IRQHandler
                0x080019b0                I2C1_EV_IRQHandler
                0x080019b0                DMA1_Channel6_IRQHandler
                0x080019b0                DMA2_Channel4_IRQHandler
                0x080019b0                TIM3_IRQHandler
                0x080019b0                RCC_IRQHandler
                0x080019b0                DMA1_Channel1_IRQHandler
                0x080019b0                Default_Handler
                0x080019b0                EXTI15_10_IRQHandler
                0x080019b0                TIM7_IRQHandler
                0x080019b0                TIM5_IRQHandler
                0x080019b0                EXTI9_5_IRQHandler
                0x080019b0                TIM9_IRQHandler
                0x080019b0                TAMPER_STAMP_IRQHandler
                0x080019b0                RTC_WKUP_IRQHandler
                0x080019b0                SPI2_IRQHandler
                0x080019b0                DMA2_Channel5_IRQHandler
                0x080019b0                DMA1_Channel5_IRQHandler
                0x080019b0                USB_LP_IRQHandler
                0x080019b0                EXTI4_IRQHandler
                0x080019b0                DMA1_Channel3_IRQHandler
                0x080019b0                COMP_IRQHandler
                0x080019b0                WWDG_IRQHandler
                0x080019b0                TIM2_IRQHandler
                0x080019b0                DAC_IRQHandler
                0x080019b0                EXTI1_IRQHandler
                0x080019b0                TIM11_IRQHandler
                0x080019b0                USART2_IRQHandler
                0x080019b0                I2C2_ER_IRQHandler
                0x080019b0                DMA1_Channel2_IRQHandler
                0x080019b0                FLASH_IRQHandler
                0x080019b0                USART1_IRQHandler
                0x080019b0                SPI3_IRQHandler
                0x080019b0                I2C1_ER_IRQHandler
                0x080019b0                DMA2_Channel3_IRQHandler
 *fill*         0x080019b2        0x2 
 .text.__libc_init_array
                0x080019b4       0x48 c:/program files (x86)/atollic/truestudio for stm32 9.2.0/armtools/bin/../lib/gcc/arm-atollic-eabi/6.3.1/../../../../arm-atollic-eabi/lib/armv7-m\libc_nano.a(lib_a-init.o)
                0x080019b4                __libc_init_array
 .text.memset   0x080019fc       0x10 c:/program files (x86)/atollic/truestudio for stm32 9.2.0/armtools/bin/../lib/gcc/arm-atollic-eabi/6.3.1/../../../../arm-atollic-eabi/lib/armv7-m\libc_nano.a(lib_a-memset.o)
                0x080019fc                memset
 *(.glue_7)
 .glue_7        0x08001a0c        0x0 linker stubs
 *(.glue_7t)
 .glue_7t       0x08001a0c        0x0 linker stubs
 *(.eh_frame)
 .eh_frame      0x08001a0c        0x0 c:/program files (x86)/atollic/truestudio for stm32 9.2.0/armtools/bin/../lib/gcc/arm-atollic-eabi/6.3.1/armv7-m/crtbegin.o
 *(.init)
 .init          0x08001a0c        0x4 c:/program files (x86)/atollic/truestudio for stm32 9.2.0/armtools/bin/../lib/gcc/arm-atollic-eabi/6.3.1/armv7-m/crti.o
                0x08001a0c                _init
 .init          0x08001a10        0x8 c:/program files (x86)/atollic/truestudio for stm32 9.2.0/armtools/bin/../lib/gcc/arm-atollic-eabi/6.3.1/armv7-m/crtn.o
 *(.fini)
 .fini          0x08001a18        0x4 c:/program files (x86)/atollic/truestudio for stm32 9.2.0/armtools/bin/../lib/gcc/arm-atollic-eabi/6.3.1/armv7-m/crti.o
                0x08001a18                _fini
 .fini          0x08001a1c        0x8 c:/program files (x86)/atollic/truestudio for stm32 9.2.0/armtools/bin/../lib/gcc/arm-atollic-eabi/6.3.1/armv7-m/crtn.o
                0x08001a24                . = ALIGN (0x4)
                0x08001a24                _etext = .

.vfp11_veneer   0x08001a24        0x0
 .vfp11_veneer  0x08001a24        0x0 linker stubs

.v4_bx          0x08001a24        0x0
 .v4_bx         0x08001a24        0x0 linker stubs

.iplt           0x08001a24        0x0
 .iplt          0x08001a24        0x0 c:/program files (x86)/atollic/truestudio for stm32 9.2.0/armtools/bin/../lib/gcc/arm-atollic-eabi/6.3.1/armv7-m/crtbegin.o

.rodata         0x08001a24       0x1c
                0x08001a24                . = ALIGN (0x4)
 *(.rodata)
 *(.rodata*)
 .rodata.AHBPrescTable
                0x08001a24       0x10 Src\system_stm32l1xx.o
                0x08001a24                AHBPrescTable
 .rodata.PLLMulTable
                0x08001a34        0x9 Src\system_stm32l1xx.o
                0x08001a34                PLLMulTable
                0x08001a40                . = ALIGN (0x4)
 *fill*         0x08001a3d        0x3 

.rel.dyn        0x08001a40        0x0
 .rel.iplt      0x08001a40        0x0 c:/program files (x86)/atollic/truestudio for stm32 9.2.0/armtools/bin/../lib/gcc/arm-atollic-eabi/6.3.1/armv7-m/crtbegin.o

.ARM.extab
 *(.ARM.extab* .gnu.linkonce.armextab.*)

.ARM            0x08001a40        0x0
                0x08001a40                __exidx_start = .
 *(.ARM.exidx*)
                0x08001a40                __exidx_end = .

.preinit_array  0x08001a40        0x0
                0x08001a40                PROVIDE (__preinit_array_start, .)
 *(.preinit_array*)
                0x08001a40                PROVIDE (__preinit_array_end, .)

.init_array     0x08001a40        0x4
                0x08001a40                PROVIDE (__init_array_start, .)
 *(SORT(.init_array.*))
 *(.init_array*)
 .init_array    0x08001a40        0x4 c:/program files (x86)/atollic/truestudio for stm32 9.2.0/armtools/bin/../lib/gcc/arm-atollic-eabi/6.3.1/armv7-m/crtbegin.o
                0x08001a44                PROVIDE (__init_array_end, .)

.fini_array     0x08001a44        0x4
                [!provide]                PROVIDE (__fini_array_start, .)
 *(SORT(.fini_array.*))
 *(.fini_array*)
 .fini_array    0x08001a44        0x4 c:/program files (x86)/atollic/truestudio for stm32 9.2.0/armtools/bin/../lib/gcc/arm-atollic-eabi/6.3.1/armv7-m/crtbegin.o
                [!provide]                PROVIDE (__fini_array_end, .)
                0x08001a48                _sidata = LOADADDR (.data)

.data           0x20000000        0x4 load address 0x08001a48
                0x20000000                . = ALIGN (0x4)
                0x20000000                _sdata = .
 *(.data)
 *(.data*)
 .data.SystemCoreClock
                0x20000000        0x4 Src\system_stm32l1xx.o
                0x20000000                SystemCoreClock
                0x20000004                . = ALIGN (0x4)
                0x20000004                _edata = .

.igot.plt       0x20000004        0x0 load address 0x08001a4c
 .igot.plt      0x20000004        0x0 c:/program files (x86)/atollic/truestudio for stm32 9.2.0/armtools/bin/../lib/gcc/arm-atollic-eabi/6.3.1/armv7-m/crtbegin.o
                0x20000004                . = ALIGN (0x4)

.bss            0x20000004       0xe8 load address 0x08001a4c
                0x20000004                _sbss = .
                0x20000004                __bss_start__ = _sbss
 *(.bss)
 .bss           0x20000004       0x1c c:/program files (x86)/atollic/truestudio for stm32 9.2.0/armtools/bin/../lib/gcc/arm-atollic-eabi/6.3.1/armv7-m/crtbegin.o
 *(.bss*)
 *(COMMON)
 COMMON         0x20000020        0x4 Drivers\STM32L1xx_HAL_Driver\Src\stm32l1xx_hal.o
                0x20000020                uwTick
 COMMON         0x20000024       0xc8 Src\main.o
                0x20000024                htim6
                0x2000005c                hlcd
                0x20000098                hadc
                0x200000ec                . = ALIGN (0x4)
                0x200000ec                _ebss = .
                0x200000ec                __bss_end__ = _ebss

._user_heap_stack
                0x200000ec      0x600 load address 0x08001a4c
                0x200000ec                . = ALIGN (0x4)
                [!provide]                PROVIDE (end, .)
                [!provide]                PROVIDE (_end, .)
                0x200002ec                . = (. + _Min_Heap_Size)
 *fill*         0x200000ec      0x200 
                0x200006ec                . = (. + _Min_Stack_Size)
 *fill*         0x200002ec      0x400 
                0x200006ec                . = ALIGN (0x4)

/DISCARD/
 libc.a(*)
 libm.a(*)
 libgcc.a(*)

.ARM.attributes
                0x00000000       0x29
 *(.ARM.attributes)
 .ARM.attributes
                0x00000000       0x1d c:/program files (x86)/atollic/truestudio for stm32 9.2.0/armtools/bin/../lib/gcc/arm-atollic-eabi/6.3.1/armv7-m/crti.o
 .ARM.attributes
                0x0000001d       0x2d c:/program files (x86)/atollic/truestudio for stm32 9.2.0/armtools/bin/../lib/gcc/arm-atollic-eabi/6.3.1/armv7-m/crtbegin.o
 .ARM.attributes
                0x0000004a       0x33 Drivers\STM32L1xx_HAL_Driver\Src\stm32l1xx_hal.o
 .ARM.attributes
                0x0000007d       0x33 Drivers\STM32L1xx_HAL_Driver\Src\stm32l1xx_hal_adc.o
 .ARM.attributes
                0x000000b0       0x33 Drivers\STM32L1xx_HAL_Driver\Src\stm32l1xx_hal_cortex.o
 .ARM.attributes
                0x000000e3       0x33 Drivers\STM32L1xx_HAL_Driver\Src\stm32l1xx_hal_gpio.o
 .ARM.attributes
                0x00000116       0x33 Drivers\STM32L1xx_HAL_Driver\Src\stm32l1xx_hal_lcd.o
 .ARM.attributes
                0x00000149       0x33 Drivers\STM32L1xx_HAL_Driver\Src\stm32l1xx_hal_rcc.o
 .ARM.attributes
                0x0000017c       0x33 Drivers\STM32L1xx_HAL_Driver\Src\stm32l1xx_hal_rcc_ex.o
 .ARM.attributes
                0x000001af       0x33 Drivers\STM32L1xx_HAL_Driver\Src\stm32l1xx_hal_tim.o
 .ARM.attributes
                0x000001e2       0x33 Drivers\STM32L1xx_HAL_Driver\Src\stm32l1xx_hal_tim_ex.o
 .ARM.attributes
                0x00000215       0x33 Src\main.o
 .ARM.attributes
                0x00000248       0x33 Src\stm32l1xx_hal_msp.o
 .ARM.attributes
                0x0000027b       0x33 Src\stm32l1xx_it.o
 .ARM.attributes
                0x000002ae       0x33 Src\system_stm32l1xx.o
 .ARM.attributes
                0x000002e1       0x21 startup\startup_stm32l152xc.o
 .ARM.attributes
                0x00000302       0x2d c:/program files (x86)/atollic/truestudio for stm32 9.2.0/armtools/bin/../lib/gcc/arm-atollic-eabi/6.3.1/../../../../arm-atollic-eabi/lib/armv7-m\libc_nano.a(lib_a-init.o)
 .ARM.attributes
                0x0000032f       0x2d c:/program files (x86)/atollic/truestudio for stm32 9.2.0/armtools/bin/../lib/gcc/arm-atollic-eabi/6.3.1/../../../../arm-atollic-eabi/lib/armv7-m\libc_nano.a(lib_a-memset.o)
 .ARM.attributes
                0x0000035c       0x1d c:/program files (x86)/atollic/truestudio for stm32 9.2.0/armtools/bin/../lib/gcc/arm-atollic-eabi/6.3.1/armv7-m/crtn.o
OUTPUT(EXERCISE03_2.elf elf32-littlearm)

.debug_info     0x00000000    0x12127
 .debug_info    0x00000000      0xeb7 Drivers\STM32L1xx_HAL_Driver\Src\stm32l1xx_hal.o
 .debug_info    0x00000eb7     0x18d9 Drivers\STM32L1xx_HAL_Driver\Src\stm32l1xx_hal_adc.o
 .debug_info    0x00002790     0x16c5 Drivers\STM32L1xx_HAL_Driver\Src\stm32l1xx_hal_cortex.o
 .debug_info    0x00003e55      0xe9c Drivers\STM32L1xx_HAL_Driver\Src\stm32l1xx_hal_gpio.o
 .debug_info    0x00004cf1      0xe8b Drivers\STM32L1xx_HAL_Driver\Src\stm32l1xx_hal_lcd.o
 .debug_info    0x00005b7c     0x1e43 Drivers\STM32L1xx_HAL_Driver\Src\stm32l1xx_hal_rcc.o
 .debug_info    0x000079bf      0xe65 Drivers\STM32L1xx_HAL_Driver\Src\stm32l1xx_hal_rcc_ex.o
 .debug_info    0x00008824     0x3a68 Drivers\STM32L1xx_HAL_Driver\Src\stm32l1xx_hal_tim.o
 .debug_info    0x0000c28c      0xe8a Drivers\STM32L1xx_HAL_Driver\Src\stm32l1xx_hal_tim_ex.o
 .debug_info    0x0000d116     0x1a67 Src\main.o
 .debug_info    0x0000eb7d     0x1900 Src\stm32l1xx_hal_msp.o
 .debug_info    0x0001047d      0xfc8 Src\stm32l1xx_it.o
 .debug_info    0x00011445      0xc69 Src\system_stm32l1xx.o
 .debug_info    0x000120ae       0x79 startup\startup_stm32l152xc.o

.debug_abbrev   0x00000000     0x23dd
 .debug_abbrev  0x00000000      0x2a4 Drivers\STM32L1xx_HAL_Driver\Src\stm32l1xx_hal.o
 .debug_abbrev  0x000002a4      0x37a Drivers\STM32L1xx_HAL_Driver\Src\stm32l1xx_hal_adc.o
 .debug_abbrev  0x0000061e      0x386 Drivers\STM32L1xx_HAL_Driver\Src\stm32l1xx_hal_cortex.o
 .debug_abbrev  0x000009a4      0x268 Drivers\STM32L1xx_HAL_Driver\Src\stm32l1xx_hal_gpio.o
 .debug_abbrev  0x00000c0c      0x28e Drivers\STM32L1xx_HAL_Driver\Src\stm32l1xx_hal_lcd.o
 .debug_abbrev  0x00000e9a      0x37e Drivers\STM32L1xx_HAL_Driver\Src\stm32l1xx_hal_rcc.o
 .debug_abbrev  0x00001218      0x311 Drivers\STM32L1xx_HAL_Driver\Src\stm32l1xx_hal_rcc_ex.o
 .debug_abbrev  0x00001529      0x394 Drivers\STM32L1xx_HAL_Driver\Src\stm32l1xx_hal_tim.o
 .debug_abbrev  0x000018bd      0x1bf Drivers\STM32L1xx_HAL_Driver\Src\stm32l1xx_hal_tim_ex.o
 .debug_abbrev  0x00001a7c      0x304 Src\main.o
 .debug_abbrev  0x00001d80      0x262 Src\stm32l1xx_hal_msp.o
 .debug_abbrev  0x00001fe2      0x21f Src\stm32l1xx_it.o
 .debug_abbrev  0x00002201      0x1ca Src\system_stm32l1xx.o
 .debug_abbrev  0x000023cb       0x12 startup\startup_stm32l152xc.o

.debug_loc      0x00000000     0x532f
 .debug_loc     0x00000000       0x6a Drivers\STM32L1xx_HAL_Driver\Src\stm32l1xx_hal.o
 .debug_loc     0x0000006a      0x83c Drivers\STM32L1xx_HAL_Driver\Src\stm32l1xx_hal_adc.o
 .debug_loc     0x000008a6      0x48c Drivers\STM32L1xx_HAL_Driver\Src\stm32l1xx_hal_cortex.o
 .debug_loc     0x00000d32      0x2df Drivers\STM32L1xx_HAL_Driver\Src\stm32l1xx_hal_gpio.o
 .debug_loc     0x00001011      0x350 Drivers\STM32L1xx_HAL_Driver\Src\stm32l1xx_hal_lcd.o
 .debug_loc     0x00001361      0xaf6 Drivers\STM32L1xx_HAL_Driver\Src\stm32l1xx_hal_rcc.o
 .debug_loc     0x00001e57      0x295 Drivers\STM32L1xx_HAL_Driver\Src\stm32l1xx_hal_rcc_ex.o
 .debug_loc     0x000020ec     0x2fae Drivers\STM32L1xx_HAL_Driver\Src\stm32l1xx_hal_tim.o
 .debug_loc     0x0000509a       0x63 Drivers\STM32L1xx_HAL_Driver\Src\stm32l1xx_hal_tim_ex.o
 .debug_loc     0x000050fd       0xfd Src\stm32l1xx_hal_msp.o
 .debug_loc     0x000051fa      0x135 Src\system_stm32l1xx.o

.debug_aranges  0x00000000      0x718
 .debug_aranges
                0x00000000       0xa8 Drivers\STM32L1xx_HAL_Driver\Src\stm32l1xx_hal.o
 .debug_aranges
                0x000000a8       0xc8 Drivers\STM32L1xx_HAL_Driver\Src\stm32l1xx_hal_adc.o
 .debug_aranges
                0x00000170       0xa8 Drivers\STM32L1xx_HAL_Driver\Src\stm32l1xx_hal_cortex.o
 .debug_aranges
                0x00000218       0x58 Drivers\STM32L1xx_HAL_Driver\Src\stm32l1xx_hal_gpio.o
 .debug_aranges
                0x00000270       0x60 Drivers\STM32L1xx_HAL_Driver\Src\stm32l1xx_hal_lcd.o
 .debug_aranges
                0x000002d0       0x90 Drivers\STM32L1xx_HAL_Driver\Src\stm32l1xx_hal_rcc.o
 .debug_aranges
                0x00000360       0x58 Drivers\STM32L1xx_HAL_Driver\Src\stm32l1xx_hal_rcc_ex.o
 .debug_aranges
                0x000003b8      0x218 Drivers\STM32L1xx_HAL_Driver\Src\stm32l1xx_hal_tim.o
 .debug_aranges
                0x000005d0       0x28 Drivers\STM32L1xx_HAL_Driver\Src\stm32l1xx_hal_tim_ex.o
 .debug_aranges
                0x000005f8       0x30 Src\main.o
 .debug_aranges
                0x00000628       0x50 Src\stm32l1xx_hal_msp.o
 .debug_aranges
                0x00000678       0x50 Src\stm32l1xx_it.o
 .debug_aranges
                0x000006c8       0x28 Src\system_stm32l1xx.o
 .debug_aranges
                0x000006f0       0x28 startup\startup_stm32l152xc.o

.debug_ranges   0x00000000      0xbf8
 .debug_ranges  0x00000000       0x98 Drivers\STM32L1xx_HAL_Driver\Src\stm32l1xx_hal.o
 .debug_ranges  0x00000098       0xd0 Drivers\STM32L1xx_HAL_Driver\Src\stm32l1xx_hal_adc.o
 .debug_ranges  0x00000168      0x140 Drivers\STM32L1xx_HAL_Driver\Src\stm32l1xx_hal_cortex.o
 .debug_ranges  0x000002a8       0x68 Drivers\STM32L1xx_HAL_Driver\Src\stm32l1xx_hal_gpio.o
 .debug_ranges  0x00000310       0x50 Drivers\STM32L1xx_HAL_Driver\Src\stm32l1xx_hal_lcd.o
 .debug_ranges  0x00000360      0x2a8 Drivers\STM32L1xx_HAL_Driver\Src\stm32l1xx_hal_rcc.o
 .debug_ranges  0x00000608       0x90 Drivers\STM32L1xx_HAL_Driver\Src\stm32l1xx_hal_rcc_ex.o
 .debug_ranges  0x00000698      0x310 Drivers\STM32L1xx_HAL_Driver\Src\stm32l1xx_hal_tim.o
 .debug_ranges  0x000009a8       0x18 Drivers\STM32L1xx_HAL_Driver\Src\stm32l1xx_hal_tim_ex.o
 .debug_ranges  0x000009c0       0xb0 Src\main.o
 .debug_ranges  0x00000a70      0x110 Src\stm32l1xx_hal_msp.o
 .debug_ranges  0x00000b80       0x40 Src\stm32l1xx_it.o
 .debug_ranges  0x00000bc0       0x18 Src\system_stm32l1xx.o
 .debug_ranges  0x00000bd8       0x20 startup\startup_stm32l152xc.o

.debug_line     0x00000000     0x4a07
 .debug_line    0x00000000      0x3ed Drivers\STM32L1xx_HAL_Driver\Src\stm32l1xx_hal.o
 .debug_line    0x000003ed      0x7ef Drivers\STM32L1xx_HAL_Driver\Src\stm32l1xx_hal_adc.o
 .debug_line    0x00000bdc      0x4e4 Drivers\STM32L1xx_HAL_Driver\Src\stm32l1xx_hal_cortex.o
 .debug_line    0x000010c0      0x473 Drivers\STM32L1xx_HAL_Driver\Src\stm32l1xx_hal_gpio.o
 .debug_line    0x00001533      0x465 Drivers\STM32L1xx_HAL_Driver\Src\stm32l1xx_hal_lcd.o
 .debug_line    0x00001998      0xa34 Drivers\STM32L1xx_HAL_Driver\Src\stm32l1xx_hal_rcc.o
 .debug_line    0x000023cc      0x466 Drivers\STM32L1xx_HAL_Driver\Src\stm32l1xx_hal_rcc_ex.o
 .debug_line    0x00002832     0x1038 Drivers\STM32L1xx_HAL_Driver\Src\stm32l1xx_hal_tim.o
 .debug_line    0x0000386a      0x344 Drivers\STM32L1xx_HAL_Driver\Src\stm32l1xx_hal_tim_ex.o
 .debug_line    0x00003bae      0x426 Src\main.o
 .debug_line    0x00003fd4      0x3fe Src\stm32l1xx_hal_msp.o
 .debug_line    0x000043d2      0x336 Src\stm32l1xx_it.o
 .debug_line    0x00004708      0x282 Src\system_stm32l1xx.o
 .debug_line    0x0000498a       0x7d startup\startup_stm32l152xc.o

.debug_str      0x00000000     0x3084
 .debug_str     0x00000000      0xb9c Drivers\STM32L1xx_HAL_Driver\Src\stm32l1xx_hal.o
                                0xc32 (size before relaxing)
 .debug_str     0x00000b9c      0x6e0 Drivers\STM32L1xx_HAL_Driver\Src\stm32l1xx_hal_adc.o
                                0xe04 (size before relaxing)
 .debug_str     0x0000127c      0x3f4 Drivers\STM32L1xx_HAL_Driver\Src\stm32l1xx_hal_cortex.o
                                0xed4 (size before relaxing)
 .debug_str     0x00001670      0x1c6 Drivers\STM32L1xx_HAL_Driver\Src\stm32l1xx_hal_gpio.o
                                0x8a0 (size before relaxing)
 .debug_str     0x00001836      0x222 Drivers\STM32L1xx_HAL_Driver\Src\stm32l1xx_hal_lcd.o
                                0x8f0 (size before relaxing)
 .debug_str     0x00001a58      0x372 Drivers\STM32L1xx_HAL_Driver\Src\stm32l1xx_hal_rcc.o
                                0xb02 (size before relaxing)
 .debug_str     0x00001dca      0x19a Drivers\STM32L1xx_HAL_Driver\Src\stm32l1xx_hal_rcc_ex.o
                                0x8ce (size before relaxing)
 .debug_str     0x00001f64      0xe94 Drivers\STM32L1xx_HAL_Driver\Src\stm32l1xx_hal_tim.o
                               0x1763 (size before relaxing)
 .debug_str     0x00002df8       0xc7 Drivers\STM32L1xx_HAL_Driver\Src\stm32l1xx_hal_tim_ex.o
                                0xab2 (size before relaxing)
 .debug_str     0x00002ebf       0x8e Src\main.o
                               0x1134 (size before relaxing)
 .debug_str     0x00002f4d       0x25 Src\stm32l1xx_hal_msp.o
                               0x11ca (size before relaxing)
 .debug_str     0x00002f72       0xb6 Src\stm32l1xx_it.o
                                0xaf2 (size before relaxing)
 .debug_str     0x00003028       0x5c Src\system_stm32l1xx.o
                                0x72e (size before relaxing)

.comment        0x00000000       0x7c
 .comment       0x00000000       0x7c Drivers\STM32L1xx_HAL_Driver\Src\stm32l1xx_hal.o
                                 0x7d (size before relaxing)
 .comment       0x0000007c       0x7d Drivers\STM32L1xx_HAL_Driver\Src\stm32l1xx_hal_adc.o
 .comment       0x0000007c       0x7d Drivers\STM32L1xx_HAL_Driver\Src\stm32l1xx_hal_cortex.o
 .comment       0x0000007c       0x7d Drivers\STM32L1xx_HAL_Driver\Src\stm32l1xx_hal_gpio.o
 .comment       0x0000007c       0x7d Drivers\STM32L1xx_HAL_Driver\Src\stm32l1xx_hal_lcd.o
 .comment       0x0000007c       0x7d Drivers\STM32L1xx_HAL_Driver\Src\stm32l1xx_hal_rcc.o
 .comment       0x0000007c       0x7d Drivers\STM32L1xx_HAL_Driver\Src\stm32l1xx_hal_rcc_ex.o
 .comment       0x0000007c       0x7d Drivers\STM32L1xx_HAL_Driver\Src\stm32l1xx_hal_tim.o
 .comment       0x0000007c       0x7d Drivers\STM32L1xx_HAL_Driver\Src\stm32l1xx_hal_tim_ex.o
 .comment       0x0000007c       0x7d Src\main.o
 .comment       0x0000007c       0x7d Src\stm32l1xx_hal_msp.o
 .comment       0x0000007c       0x7d Src\stm32l1xx_it.o
 .comment       0x0000007c       0x7d Src\system_stm32l1xx.o

.debug_frame    0x00000000     0x13bc
 .debug_frame   0x00000000      0x164 Drivers\STM32L1xx_HAL_Driver\Src\stm32l1xx_hal.o
 .debug_frame   0x00000164      0x29c Drivers\STM32L1xx_HAL_Driver\Src\stm32l1xx_hal_adc.o
 .debug_frame   0x00000400      0x158 Drivers\STM32L1xx_HAL_Driver\Src\stm32l1xx_hal_cortex.o
 .debug_frame   0x00000558       0xd8 Drivers\STM32L1xx_HAL_Driver\Src\stm32l1xx_hal_gpio.o
 .debug_frame   0x00000630       0xf8 Drivers\STM32L1xx_HAL_Driver\Src\stm32l1xx_hal_lcd.o
 .debug_frame   0x00000728      0x160 Drivers\STM32L1xx_HAL_Driver\Src\stm32l1xx_hal_rcc.o
 .debug_frame   0x00000888       0xb0 Drivers\STM32L1xx_HAL_Driver\Src\stm32l1xx_hal_rcc_ex.o
 .debug_frame   0x00000938      0x7ec Drivers\STM32L1xx_HAL_Driver\Src\stm32l1xx_hal_tim.o
 .debug_frame   0x00001124       0x38 Drivers\STM32L1xx_HAL_Driver\Src\stm32l1xx_hal_tim_ex.o
 .debug_frame   0x0000115c       0x5c Src\main.o
 .debug_frame   0x000011b8       0xc4 Src\stm32l1xx_hal_msp.o
 .debug_frame   0x0000127c       0xbc Src\stm32l1xx_it.o
 .debug_frame   0x00001338       0x38 Src\system_stm32l1xx.o
 .debug_frame   0x00001370       0x2c c:/program files (x86)/atollic/truestudio for stm32 9.2.0/armtools/bin/../lib/gcc/arm-atollic-eabi/6.3.1/../../../../arm-atollic-eabi/lib/armv7-m\libc_nano.a(lib_a-init.o)
 .debug_frame   0x0000139c       0x20 c:/program files (x86)/atollic/truestudio for stm32 9.2.0/armtools/bin/../lib/gcc/arm-atollic-eabi/6.3.1/../../../../arm-atollic-eabi/lib/armv7-m\libc_nano.a(lib_a-memset.o)
