stm32l1xx_hal_lcd.c:312:14:HAL_LCD_MspDeInit	0	static
stm32l1xx_hal_lcd.c:327:14:HAL_LCD_MspInit	0	static
stm32l1xx_hal_lcd.c:395:19:HAL_LCD_Write	24	static
stm32l1xx_hal_lcd.c:503:19:HAL_LCD_UpdateDisplayRequest	16	static
stm32l1xx_hal_lcd.c:444:19:HAL_LCD_Clear	16	static
stm32l1xx_hal_lcd.c:562:22:HAL_LCD_GetState	0	static
stm32l1xx_hal_lcd.c:572:10:HAL_LCD_GetError	0	static
stm32l1xx_hal_lcd.c:594:19:LCD_WaitForSynchro	16	static
stm32l1xx_hal_lcd.c:148:19:HAL_LCD_DeInit	8	static
stm32l1xx_hal_lcd.c:193:19:HAL_LCD_Init	16	static
